Archive member included to satisfy reference by file (symbol)

c:/st/stm32cubeide_1.7.0/stm32cubeide/plugins/com.st.stm32cube.ide.mcu.externaltools.gnu-tools-for-stm32.9-2020-q2-update.win32_2.0.0.202105311346/tools/bin/../lib/gcc/arm-none-eabi/9.3.1/../../../../arm-none-eabi/lib/thumb/v7-m/nofp\libc_nano.a(lib_a-errno.o)
                              ./Core/Src/syscalls.o (__errno)
c:/st/stm32cubeide_1.7.0/stm32cubeide/plugins/com.st.stm32cube.ide.mcu.externaltools.gnu-tools-for-stm32.9-2020-q2-update.win32_2.0.0.202105311346/tools/bin/../lib/gcc/arm-none-eabi/9.3.1/../../../../arm-none-eabi/lib/thumb/v7-m/nofp\libc_nano.a(lib_a-exit.o)
                              c:/st/stm32cubeide_1.7.0/stm32cubeide/plugins/com.st.stm32cube.ide.mcu.externaltools.gnu-tools-for-stm32.9-2020-q2-update.win32_2.0.0.202105311346/tools/bin/../lib/gcc/arm-none-eabi/9.3.1/../../../../arm-none-eabi/lib/thumb/v7-m/nofp/crt0.o (exit)
c:/st/stm32cubeide_1.7.0/stm32cubeide/plugins/com.st.stm32cube.ide.mcu.externaltools.gnu-tools-for-stm32.9-2020-q2-update.win32_2.0.0.202105311346/tools/bin/../lib/gcc/arm-none-eabi/9.3.1/../../../../arm-none-eabi/lib/thumb/v7-m/nofp\libc_nano.a(lib_a-impure.o)
                              c:/st/stm32cubeide_1.7.0/stm32cubeide/plugins/com.st.stm32cube.ide.mcu.externaltools.gnu-tools-for-stm32.9-2020-q2-update.win32_2.0.0.202105311346/tools/bin/../lib/gcc/arm-none-eabi/9.3.1/../../../../arm-none-eabi/lib/thumb/v7-m/nofp\libc_nano.a(lib_a-exit.o) (_global_impure_ptr)
c:/st/stm32cubeide_1.7.0/stm32cubeide/plugins/com.st.stm32cube.ide.mcu.externaltools.gnu-tools-for-stm32.9-2020-q2-update.win32_2.0.0.202105311346/tools/bin/../lib/gcc/arm-none-eabi/9.3.1/../../../../arm-none-eabi/lib/thumb/v7-m/nofp\libc_nano.a(lib_a-init.o)
                              c:/st/stm32cubeide_1.7.0/stm32cubeide/plugins/com.st.stm32cube.ide.mcu.externaltools.gnu-tools-for-stm32.9-2020-q2-update.win32_2.0.0.202105311346/tools/bin/../lib/gcc/arm-none-eabi/9.3.1/../../../../arm-none-eabi/lib/thumb/v7-m/nofp/crt0.o (__libc_init_array)
c:/st/stm32cubeide_1.7.0/stm32cubeide/plugins/com.st.stm32cube.ide.mcu.externaltools.gnu-tools-for-stm32.9-2020-q2-update.win32_2.0.0.202105311346/tools/bin/../lib/gcc/arm-none-eabi/9.3.1/../../../../arm-none-eabi/lib/thumb/v7-m/nofp\libc_nano.a(lib_a-memcmp.o)
                              ./Core/Src/rt_bus_proto.o (memcmp)
c:/st/stm32cubeide_1.7.0/stm32cubeide/plugins/com.st.stm32cube.ide.mcu.externaltools.gnu-tools-for-stm32.9-2020-q2-update.win32_2.0.0.202105311346/tools/bin/../lib/gcc/arm-none-eabi/9.3.1/../../../../arm-none-eabi/lib/thumb/v7-m/nofp\libc_nano.a(lib_a-memcpy-stub.o)
                              ./Core/Src/rt_bus_proto.o (memcpy)
c:/st/stm32cubeide_1.7.0/stm32cubeide/plugins/com.st.stm32cube.ide.mcu.externaltools.gnu-tools-for-stm32.9-2020-q2-update.win32_2.0.0.202105311346/tools/bin/../lib/gcc/arm-none-eabi/9.3.1/../../../../arm-none-eabi/lib/thumb/v7-m/nofp\libc_nano.a(lib_a-memset.o)
                              c:/st/stm32cubeide_1.7.0/stm32cubeide/plugins/com.st.stm32cube.ide.mcu.externaltools.gnu-tools-for-stm32.9-2020-q2-update.win32_2.0.0.202105311346/tools/bin/../lib/gcc/arm-none-eabi/9.3.1/../../../../arm-none-eabi/lib/thumb/v7-m/nofp/crt0.o (memset)
c:/st/stm32cubeide_1.7.0/stm32cubeide/plugins/com.st.stm32cube.ide.mcu.externaltools.gnu-tools-for-stm32.9-2020-q2-update.win32_2.0.0.202105311346/tools/bin/../lib/gcc/arm-none-eabi/9.3.1/../../../../arm-none-eabi/lib/thumb/v7-m/nofp\libc_nano.a(lib_a-strlen.o)
                              ./Core/Src/usart.o (strlen)
c:/st/stm32cubeide_1.7.0/stm32cubeide/plugins/com.st.stm32cube.ide.mcu.externaltools.gnu-tools-for-stm32.9-2020-q2-update.win32_2.0.0.202105311346/tools/bin/../lib/gcc/arm-none-eabi/9.3.1/../../../../arm-none-eabi/lib/thumb/v7-m/nofp\libc_nano.a(lib_a-vsprintf.o)
                              ./Core/Src/usart.o (vsprintf)
c:/st/stm32cubeide_1.7.0/stm32cubeide/plugins/com.st.stm32cube.ide.mcu.externaltools.gnu-tools-for-stm32.9-2020-q2-update.win32_2.0.0.202105311346/tools/bin/../lib/gcc/arm-none-eabi/9.3.1/../../../../arm-none-eabi/lib/thumb/v7-m/nofp\libc_nano.a(lib_a-nano-svfprintf.o)
                              c:/st/stm32cubeide_1.7.0/stm32cubeide/plugins/com.st.stm32cube.ide.mcu.externaltools.gnu-tools-for-stm32.9-2020-q2-update.win32_2.0.0.202105311346/tools/bin/../lib/gcc/arm-none-eabi/9.3.1/../../../../arm-none-eabi/lib/thumb/v7-m/nofp\libc_nano.a(lib_a-vsprintf.o) (_svfprintf_r)
c:/st/stm32cubeide_1.7.0/stm32cubeide/plugins/com.st.stm32cube.ide.mcu.externaltools.gnu-tools-for-stm32.9-2020-q2-update.win32_2.0.0.202105311346/tools/bin/../lib/gcc/arm-none-eabi/9.3.1/../../../../arm-none-eabi/lib/thumb/v7-m/nofp\libc_nano.a(lib_a-nano-vfprintf_i.o)
[...]
Memory Configuration

Name             Origin             Length             Attributes
RAM              0x0000000020000000 0x000000000000c000 xrw
FLASH            0x0000000008000000 0x0000000000040000 xr
*default*        0x0000000000000000 0xffffffffffffffff

Linker script and memory map

LOAD c:/st/stm32cubeide_1.7.0/stm32cubeide/plugins/com.st.stm32cube.ide.mcu.externaltools.gnu-tools-for-stm32.9-2020-q2-update.win32_2.0.0.202105311346/tools/bin/../lib/gcc/arm-none-eabi/9.3.1/thumb/v7-m/nofp/crti.o
LOAD c:/st/stm32cubeide_1.7.0/stm32cubeide/plugins/com.st.stm32cube.ide.mcu.externaltools.gnu-tools-for-stm32.9-2020-q2-update.win32_2.0.0.202105311346/tools/bin/../lib/gcc/arm-none-eabi/9.3.1/thumb/v7-m/nofp/crtbegin.o
LOAD c:/st/stm32cubeide_1.7.0/stm32cubeide/plugins/com.st.stm32cube.ide.mcu.externaltools.gnu-tools-for-stm32.9-2020-q2-update.win32_2.0.0.202105311346/tools/bin/../lib/gcc/arm-none-eabi/9.3.1/../../../../arm-none-eabi/lib/thumb/v7-m/nofp/crt0.o
LOAD ./Core/Src/crc16.o
LOAD ./Core/Src/dma.o
LOAD ./Core/Src/flash_if.o
LOAD ./Core/Src/gpio.o
LOAD ./Core/Src/i2c.o
LOAD ./Core/Src/io.o
LOAD ./Core/Src/main.o
LOAD ./Core/Src/rt_bus_proto.o
LOAD ./Core/Src/spi.o
LOAD ./Core/Src/stm32f1xx_hal_msp.o
LOAD ./Core/Src/stm32f1xx_it.o
LOAD ./Core/Src/syscalls.o
LOAD ./Core/Src/sysmem.o
LOAD ./Core/Src/system_stm32f1xx.o
LOAD ./Core/Src/usart.o
LOAD ./Core/Startup/startup_stm32f103rctx.o
LOAD ./Drivers/STM32F1xx_HAL_Driver/Src/stm32f1xx_hal.o
LOAD ./Drivers/STM32F1xx_HAL_Driver/Src/stm32f1xx_hal_cortex.o
LOAD ./Drivers/STM32F1xx_HAL_Driver/Src/stm32f1xx_hal_dma.o
LOAD ./Drivers/STM32F1xx_HAL_Driver/Src/stm32f1xx_hal_exti.o
LOAD ./Drivers/STM32F1xx_HAL_Driver/Src/stm32f1xx_hal_flash.o
LOAD ./Drivers/STM32F1xx_HAL_Driver/Src/stm32f1xx_hal_flash_ex.o
LOAD ./Drivers/STM32F1xx_HAL_Driver/Src/stm32f1xx_hal_gpio.o
LOAD ./Drivers/STM32F1xx_HAL_Driver/Src/stm32f1xx_hal_gpio_ex.o
LOAD ./Drivers/STM32F1xx_HAL_Driver/Src/stm32f1xx_hal_i2c.o
LOAD ./Drivers/STM32F1xx_HAL_Driver/Src/stm32f1xx_hal_pwr.o
LOAD ./Drivers/STM32F1xx_HAL_Driver/Src/stm32f1xx_hal_rcc.o
LOAD ./Drivers/STM32F1xx_HAL_Driver/Src/stm32f1xx_hal_rcc_ex.o
LOAD ./Drivers/STM32F1xx_HAL_Driver/Src/stm32f1xx_hal_spi.o
LOAD ./Drivers/STM32F1xx_HAL_Driver/Src/stm32f1xx_hal_tim.o
LOAD ./Drivers/STM32F1xx_HAL_Driver/Src/stm32f1xx_hal_tim_ex.o
LOAD ./Drivers/STM32F1xx_HAL_Driver/Src/stm32f1xx_hal_uart.o
START GROUP
LOAD c:/st/stm32cubeide_1.7.0/stm32cubeide/plugins/com.st.stm32cube.ide.mcu.externaltools.gnu-tools-for-stm32.9-2020-q2-update.win32_2.0.0.202105311346/tools/bin/../lib/gcc/arm-none-eabi/9.3.1/../../../../arm-none-eabi/lib/thumb/v7-m/nofp\libc_nano.a
LOAD c:/st/stm32cubeide_1.7.0/stm32cubeide/plugins/com.st.stm32cube.ide.mcu.externaltools.gnu-tools-for-stm32.9-2020-q2-update.win32_2.0.0.202105311346/tools/bin/../lib/gcc/arm-none-eabi/9.3.1/../../../../arm-none-eabi/lib/thumb/v7-m/nofp\libm.a
END GROUP
START GROUP
LOAD c:/st/stm32cubeide_1.7.0/stm32cubeide/plugins/com.st.stm32cube.ide.mcu.externaltools.gnu-tools-for-stm32.9-2020-q2-update.win32_2.0.0.202105311346/tools/bin/../lib/gcc/arm-none-eabi/9.3.1/thumb/v7-m/nofp\libgcc.a
LOAD c:/st/stm32cubeide_1.7.0/stm32cubeide/plugins/com.st.stm32cube.ide.mcu.externaltools.gnu-tools-for-stm32.9-2020-q2-update.win32_2.0.0.202105311346/tools/bin/../lib/gcc/arm-none-eabi/9.3.1/../../../../arm-none-eabi/lib/thumb/v7-m/nofp\libc_nano.a
END GROUP
START GROUP
LOAD c:/st/stm32cubeide_1.7.0/stm32cubeide/plugins/com.st.stm32cube.ide.mcu.externaltools.gnu-tools-for-stm32.9-2020-q2-update.win32_2.0.0.202105311346/tools/bin/../lib/gcc/arm-none-eabi/9.3.1/thumb/v7-m/nofp\libgcc.a
LOAD c:/st/stm32cubeide_1.7.0/stm32cubeide/plugins/com.st.stm32cube.ide.mcu.externaltools.gnu-tools-for-stm32.9-2020-q2-update.win32_2.0.0.202105311346/tools/bin/../lib/gcc/arm-none-eabi/9.3.1/../../../../arm-none-eabi/lib/thumb/v7-m/nofp\libc_nano.a
LOAD c:/st/stm32cubeide_1.7.0/stm32cubeide/plugins/com.st.stm32cube.ide.mcu.externaltools.gnu-tools-for-stm32.9-2020-q2-update.win32_2.0.0.202105311346/tools/bin/../lib/gcc/arm-none-eabi/9.3.1/../../../../arm-none-eabi/lib/thumb/v7-m/nofp\libnosys.a
END GROUP
START GROUP
LOAD c:/st/stm32cubeide_1.7.0/stm32cubeide/plugins/com.st.stm32cube.ide.mcu.externaltools.gnu-tools-for-stm32.9-2020-q2-update.win32_2.0.0.202105311346/tools/bin/../lib/gcc/arm-none-eabi/9.3.1/thumb/v7-m/nofp\libgcc.a
LOAD c:/st/stm32cubeide_1.7.0/stm32cubeide/plugins/com.st.stm32cube.ide.mcu.externaltools.gnu-tools-for-stm32.9-2020-q2-update.win32_2.0.0.202105311346/tools/bin/../lib/gcc/arm-none-eabi/9.3.1/../../../../arm-none-eabi/lib/thumb/v7-m/nofp\libc_nano.a
LOAD c:/st/stm32cubeide_1.7.0/stm32cubeide/plugins/com.st.stm32cube.ide.mcu.externaltools.gnu-tools-for-stm32.9-2020-q2-update.win32_2.0.0.202105311346/tools/bin/../lib/gcc/arm-none-eabi/9.3.1/../../../../arm-none-eabi/lib/thumb/v7-m/nofp\libnosys.a
END GROUP
LOAD c:/st/stm32cubeide_1.7.0/stm32cubeide/plugins/com.st.stm32cube.ide.mcu.externaltools.gnu-tools-for-stm32.9-2020-q2-update.win32_2.0.0.202105311346/tools/bin/../lib/gcc/arm-none-eabi/9.3.1/thumb/v7-m/nofp/crtend.o
LOAD c:/st/stm32cubeide_1.7.0/stm32cubeide/plugins/com.st.stm32cube.ide.mcu.externaltools.gnu-tools-for-stm32.9-2020-q2-update.win32_2.0.0.202105311346/tools/bin/../lib/gcc/arm-none-eabi/9.3.1/thumb/v7-m/nofp/crtn.o
                0x000000002000c000                _estack = (ORIGIN (RAM) + LENGTH (RAM))
                0x0000000000000200                _Min_Heap_Size = 0x200
                0x0000000000000400                _Min_Stack_Size = 0x400

.isr_vector     0x0000000008000000      0x1e4
                0x0000000008000000                . = ALIGN (0x4)
 *(.isr_vector)
 .isr_vector    0x0000000008000000      0x1e4 ./Core/Startup/startup_stm32f103rctx.o
                0x0000000008000000                g_pfnVectors
                0x00000000080001e4                . = ALIGN (0x4)

.text           0x00000000080001e4     0x492c
                0x00000000080001e4                . = ALIGN (0x4)
 *(.text)
 .text          0x00000000080001e4       0x40 c:/st/stm32cubeide_1.7.0/stm32cubeide/plugins/com.st.stm32cube.ide.mcu.externaltools.gnu-tools-for-stm32.9-2020-q2-update.win32_2.0.0.202105311346/tools/bin/../lib/gcc/arm-none-eabi/9.3.1/thumb/v7-m/nofp/crtbegin.o
 .text          0x0000000008000224       0x10 c:/st/stm32cubeide_1.7.0/stm32cubeide/plugins/com.st.stm32cube.ide.mcu.externaltools.gnu-tools-for-stm32.9-2020-q2-update.win32_2.0.0.202105311346/tools/bin/../lib/gcc/arm-none-eabi/9.3.1/../../../../arm-none-eabi/lib/thumb/v7-m/nofp\libc_nano.a(lib_a-strlen.o)
                0x0000000008000224                strlen
 *(.text*)
 .text.crc_ccitt_byte
                0x0000000008000234       0x38 ./Core/Src/crc16.o
 .text.crc16    0x000000000800026c       0x4c ./Core/Src/crc16.o
                0x000000000800026c                crc16
 .text.MX_DMA_Init
                0x00000000080002b8       0x5c ./Core/Src/dma.o
                0x00000000080002b8                MX_DMA_Init
 .text.FLASH_If_Init
                0x0000000008000314       0x1c ./Core/Src/flash_if.o
                0x0000000008000314                FLASH_If_Init
 .text.FLASH_If_Erase
                0x0000000008000330       0x5e ./Core/Src/flash_if.o
                0x0000000008000330                FLASH_If_Erase
 *fill*         0x000000000800038e        0x2 
 .text.MX_GPIO_Init
                0x0000000008000390      0x138 ./Core/Src/gpio.o
                0x0000000008000390                MX_GPIO_Init
 .text.MX_I2C1_Init
                0x00000000080004c8       0x5c ./Core/Src/i2c.o
                0x00000000080004c8                MX_I2C1_Init
 .text.HAL_I2C_MspInit
                0x0000000008000524       0x7c ./Core/Src/i2c.o
                0x0000000008000524                HAL_I2C_MspInit
 .text.main     0x00000000080005a0       0x50 ./Core/Src/main.o
                0x00000000080005a0                main
 .text.SystemClock_Config
                0x00000000080005f0       0x8a ./Core/Src/main.o
                0x00000000080005f0                SystemClock_Config
 *fill*         0x000000000800067a        0x2 
 .text.comms_set_mode
                0x000000000800067c       0x5c ./Core/Src/main.o
                0x000000000800067c                comms_set_mode
 .text.HAL_GPIO_EXTI_Callback
                0x00000000080006d8       0x16 ./Core/Src/main.o
                0x00000000080006d8                HAL_GPIO_EXTI_Callback
 *fill*         0x00000000080006ee        0x2 
 .text.HAL_SPI_TxRxCpltCallback
                0x00000000080006f0       0x24 ./Core/Src/main.o
                0x00000000080006f0                HAL_SPI_TxRxCpltCallback
 .text.Error_Handler
                0x0000000008000714        0xa ./Core/Src/main.o
                0x0000000008000714                Error_Handler
 *fill*         0x000000000800071e        0x2 
 .text.__NVIC_SystemReset
                0x0000000008000720       0x2c ./Core/Src/rt_bus_proto.o
 .text.rt_bus_proto_frame_pack
                0x000000000800074c       0xe4 ./Core/Src/rt_bus_proto.o
                0x000000000800074c                rt_bus_proto_frame_pack
 .text.rt_bus_proto_pack_parser
                0x0000000008000830      0x10c ./Core/Src/rt_bus_proto.o
                0x0000000008000830                rt_bus_proto_pack_parser
 .text.rt_bus_cmd_ping_handler
                0x000000000800093c       0x48 ./Core/Src/rt_bus_proto.o
                0x000000000800093c                rt_bus_cmd_ping_handler
 .text.rt_bus_cmd_reset
                0x0000000008000984       0x24 ./Core/Src/rt_bus_proto.o
                0x0000000008000984                rt_bus_cmd_reset
 .text.rt_bus_cmd_get_runmode_handler
                0x00000000080009a8       0x44 ./Core/Src/rt_bus_proto.o
                0x00000000080009a8                rt_bus_cmd_get_runmode_handler
 .text.get_mem_type
                0x00000000080009ec       0x70 ./Core/Src/rt_bus_proto.o
                0x00000000080009ec                get_mem_type
 .text.rt_bus_cmd_bl_stay
                0x0000000008000a5c       0x34 ./Core/Src/rt_bus_proto.o
                0x0000000008000a5c                rt_bus_cmd_bl_stay
 .text.rt_bus_cmd_bl_write_handler
                0x0000000008000a90       0xe0 ./Core/Src/rt_bus_proto.o
                0x0000000008000a90                rt_bus_cmd_bl_write_handler
 .text.rt_bus_cmd_bl_erase_handler
                0x0000000008000b70       0xfc ./Core/Src/rt_bus_proto.o
                0x0000000008000b70                rt_bus_cmd_bl_erase_handler
 .text.rt_bus_cmd_prepare_response_handler
                0x0000000008000c6c       0x2c ./Core/Src/rt_bus_proto.o
                0x0000000008000c6c                rt_bus_cmd_prepare_response_handler
 .text.SPI_DMA_Reset
                0x0000000008000c98       0x40 ./Core/Src/rt_bus_proto.o
                0x0000000008000c98                SPI_DMA_Reset
 .text.rt_bus_proto_bl_process
                0x0000000008000cd8      0x22c ./Core/Src/rt_bus_proto.o
                0x0000000008000cd8                rt_bus_proto_bl_process
 .text.rt_bus_proto_bl_dt
                0x0000000008000f04      0x2e0 ./Core/Src/rt_bus_proto.o
                0x0000000008000f04                rt_bus_proto_bl_dt
 .text.rt_get_io_values
                0x00000000080011e4       0x80 ./Core/Src/rt_bus_proto.o
                0x00000000080011e4                rt_get_io_values
 .text.MX_SPI1_Init
                0x0000000008001264       0x68 ./Core/Src/spi.o
                0x0000000008001264                MX_SPI1_Init
 .text.HAL_SPI_MspInit
                0x00000000080012cc      0x154 ./Core/Src/spi.o
                0x00000000080012cc                HAL_SPI_MspInit
 .text.HAL_MspInit
                0x0000000008001420       0x64 ./Core/Src/stm32f1xx_hal_msp.o
                0x0000000008001420                HAL_MspInit
 .text.NMI_Handler
                0x0000000008001484        0x6 ./Core/Src/stm32f1xx_it.o
                0x0000000008001484                NMI_Handler
 *fill*         0x000000000800148a        0x2 
 .text.HardFault_Handler
                0x000000000800148c       0x3c ./Core/Src/stm32f1xx_it.o
                0x000000000800148c                HardFault_Handler
 .text.MemManage_Handler
                0x00000000080014c8        0x6 ./Core/Src/stm32f1xx_it.o
                0x00000000080014c8                MemManage_Handler
 .text.BusFault_Handler
                0x00000000080014ce        0x6 ./Core/Src/stm32f1xx_it.o
                0x00000000080014ce                BusFault_Handler
 .text.UsageFault_Handler
                0x00000000080014d4        0x6 ./Core/Src/stm32f1xx_it.o
                0x00000000080014d4                UsageFault_Handler
 .text.SVC_Handler
                0x00000000080014da        0xc ./Core/Src/stm32f1xx_it.o
                0x00000000080014da                SVC_Handler
 .text.DebugMon_Handler
                0x00000000080014e6        0xc ./Core/Src/stm32f1xx_it.o
                0x00000000080014e6                DebugMon_Handler
 .text.PendSV_Handler
                0x00000000080014f2        0xc ./Core/Src/stm32f1xx_it.o
                0x00000000080014f2                PendSV_Handler
 .text.SysTick_Handler
                0x00000000080014fe        0xc ./Core/Src/stm32f1xx_it.o
                0x00000000080014fe                SysTick_Handler
 *fill*         0x000000000800150a        0x2 
 .text.DMA1_Channel2_IRQHandler
                0x000000000800150c       0x14 ./Core/Src/stm32f1xx_it.o
                0x000000000800150c                DMA1_Channel2_IRQHandler
 .text.DMA1_Channel3_IRQHandler
                0x0000000008001520       0x14 ./Core/Src/stm32f1xx_it.o
                0x0000000008001520                DMA1_Channel3_IRQHandler
 .text.DMA1_Channel4_IRQHandler
                0x0000000008001534       0x14 ./Core/Src/stm32f1xx_it.o
                0x0000000008001534                DMA1_Channel4_IRQHandler
 .text.EXTI9_5_IRQHandler
                0x0000000008001548        0xe ./Core/Src/stm32f1xx_it.o
                0x0000000008001548                EXTI9_5_IRQHandler
 *fill*         0x0000000008001556        0x2 
 .text.SPI1_IRQHandler
                0x0000000008001558       0x14 ./Core/Src/stm32f1xx_it.o
                0x0000000008001558                SPI1_IRQHandler
 .text._sbrk    0x000000000800156c       0x6c ./Core/Src/sysmem.o
                0x000000000800156c                _sbrk
 .text.SystemInit
                0x00000000080015d8        0xc ./Core/Src/system_stm32f1xx.o
                0x00000000080015d8                SystemInit
 .text.MX_USART1_UART_Init
                0x00000000080015e4       0x54 ./Core/Src/usart.o
                0x00000000080015e4                MX_USART1_UART_Init
 .text.HAL_UART_MspInit
                0x0000000008001638       0xec ./Core/Src/usart.o
                0x0000000008001638                HAL_UART_MspInit
 .text.vprintln
                0x0000000008001724       0x58 ./Core/Src/usart.o
                0x0000000008001724                vprintln
 .text.dbprintf
                0x000000000800177c       0x24 ./Core/Src/usart.o
                0x000000000800177c                dbprintf
 .text.Reset_Handler
                0x00000000080017a0       0x48 ./Core/Startup/startup_stm32f103rctx.o
                0x00000000080017a0                Reset_Handler
 .text.Default_Handler
                0x00000000080017e8        0x2 ./Core/Startup/startup_stm32f103rctx.o
                0x00000000080017e8                RTC_Alarm_IRQHandler
                0x00000000080017e8                EXTI2_IRQHandler
                0x00000000080017e8                TIM8_TRG_COM_IRQHandler
                0x00000000080017e8                TIM8_CC_IRQHandler
                0x00000000080017e8                TIM1_CC_IRQHandler
                0x00000000080017e8                TIM6_IRQHandler
                0x00000000080017e8                PVD_IRQHandler
                0x00000000080017e8                SDIO_IRQHandler
                0x00000000080017e8                EXTI3_IRQHandler
                0x00000000080017e8                EXTI0_IRQHandler
                0x00000000080017e8                I2C2_EV_IRQHandler
                0x00000000080017e8                ADC1_2_IRQHandler
                0x00000000080017e8                TAMPER_IRQHandler
                0x00000000080017e8                TIM8_UP_IRQHandler
                0x00000000080017e8                DMA2_Channel2_IRQHandler
                0x00000000080017e8                USART3_IRQHandler
                0x00000000080017e8                RTC_IRQHandler
                0x00000000080017e8                DMA1_Channel7_IRQHandler
                0x00000000080017e8                CAN1_RX1_IRQHandler
                0x00000000080017e8                UART5_IRQHandler
                0x00000000080017e8                ADC3_IRQHandler
                0x00000000080017e8                TIM4_IRQHandler
                0x00000000080017e8                DMA2_Channel1_IRQHandler
                0x00000000080017e8                I2C1_EV_IRQHandler
                0x00000000080017e8                DMA1_Channel6_IRQHandler
                0x00000000080017e8                UART4_IRQHandler
                0x00000000080017e8                TIM3_IRQHandler
                0x00000000080017e8                RCC_IRQHandler
                0x00000000080017e8                TIM1_TRG_COM_IRQHandler
                0x00000000080017e8                DMA1_Channel1_IRQHandler
                0x00000000080017e8                Default_Handler
                0x00000000080017e8                EXTI15_10_IRQHandler
                0x00000000080017e8                TIM7_IRQHandler
                0x00000000080017e8                TIM5_IRQHandler
                0x00000000080017e8                SPI2_IRQHandler
                0x00000000080017e8                DMA1_Channel5_IRQHandler
                0x00000000080017e8                EXTI4_IRQHandler
                0x00000000080017e8                USB_LP_CAN1_RX0_IRQHandler
                0x00000000080017e8                USB_HP_CAN1_TX_IRQHandler
                0x00000000080017e8                FSMC_IRQHandler
                0x00000000080017e8                TIM1_UP_IRQHandler
                0x00000000080017e8                WWDG_IRQHandler
                0x00000000080017e8                TIM2_IRQHandler
                0x00000000080017e8                TIM1_BRK_IRQHandler
                0x00000000080017e8                EXTI1_IRQHandler
                0x00000000080017e8                DMA2_Channel4_5_IRQHandler
                0x00000000080017e8                USART2_IRQHandler
                0x00000000080017e8                I2C2_ER_IRQHandler
                0x00000000080017e8                TIM8_BRK_IRQHandler
                0x00000000080017e8                CAN1_SCE_IRQHandler
                0x00000000080017e8                FLASH_IRQHandler
                0x00000000080017e8                USART1_IRQHandler
                0x00000000080017e8                SPI3_IRQHandler
                0x00000000080017e8                I2C1_ER_IRQHandler
                0x00000000080017e8                USBWakeUp_IRQHandler
                0x00000000080017e8                DMA2_Channel3_IRQHandler
 *fill*         0x00000000080017ea        0x2 
 .text.HAL_Init
                0x00000000080017ec       0x2c ./Drivers/STM32F1xx_HAL_Driver/Src/stm32f1xx_hal.o
                0x00000000080017ec                HAL_Init
 .text.HAL_InitTick
                0x0000000008001818       0x60 ./Drivers/STM32F1xx_HAL_Driver/Src/stm32f1xx_hal.o
                0x0000000008001818                HAL_InitTick
 .text.HAL_IncTick
                0x0000000008001878       0x24 ./Drivers/STM32F1xx_HAL_Driver/Src/stm32f1xx_hal.o
                0x0000000008001878                HAL_IncTick
 .text.HAL_GetTick
                0x000000000800189c       0x14 ./Drivers/STM32F1xx_HAL_Driver/Src/stm32f1xx_hal.o
                0x000000000800189c                HAL_GetTick
 .text.__NVIC_SetPriorityGrouping
                0x00000000080018b0       0x48 ./Drivers/STM32F1xx_HAL_Driver/Src/stm32f1xx_hal_cortex.o
 .text.__NVIC_GetPriorityGrouping
                0x00000000080018f8       0x1c ./Drivers/STM32F1xx_HAL_Driver/Src/stm32f1xx_hal_cortex.o
 .text.__NVIC_EnableIRQ
                0x0000000008001914       0x38 ./Drivers/STM32F1xx_HAL_Driver/Src/stm32f1xx_hal_cortex.o
 .text.__NVIC_SetPriority
                0x000000000800194c       0x54 ./Drivers/STM32F1xx_HAL_Driver/Src/stm32f1xx_hal_cortex.o
 .text.NVIC_EncodePriority
                0x00000000080019a0       0x64 ./Drivers/STM32F1xx_HAL_Driver/Src/stm32f1xx_hal_cortex.o
 .text.SysTick_Config
                0x0000000008001a04       0x44 ./Drivers/STM32F1xx_HAL_Driver/Src/stm32f1xx_hal_cortex.o
 .text.HAL_NVIC_SetPriorityGrouping
                0x0000000008001a48       0x16 ./Drivers/STM32F1xx_HAL_Driver/Src/stm32f1xx_hal_cortex.o
                0x0000000008001a48                HAL_NVIC_SetPriorityGrouping
 .text.HAL_NVIC_SetPriority
                0x0000000008001a5e       0x38 ./Drivers/STM32F1xx_HAL_Driver/Src/stm32f1xx_hal_cortex.o
                0x0000000008001a5e                HAL_NVIC_SetPriority
 .text.HAL_NVIC_EnableIRQ
                0x0000000008001a96       0x1c ./Drivers/STM32F1xx_HAL_Driver/Src/stm32f1xx_hal_cortex.o
                0x0000000008001a96                HAL_NVIC_EnableIRQ
 .text.HAL_SYSTICK_Config
                0x0000000008001ab2       0x18 ./Drivers/STM32F1xx_HAL_Driver/Src/stm32f1xx_hal_cortex.o
                0x0000000008001ab2                HAL_SYSTICK_Config
 *fill*         0x0000000008001aca        0x2 
 .text.HAL_DMA_Init
                0x0000000008001acc       0xec ./Drivers/STM32F1xx_HAL_Driver/Src/stm32f1xx_hal_dma.o
                0x0000000008001acc                HAL_DMA_Init
 .text.HAL_DMA_Start_IT
                0x0000000008001bb8       0xbe ./Drivers/STM32F1xx_HAL_Driver/Src/stm32f1xx_hal_dma.o
                0x0000000008001bb8                HAL_DMA_Start_IT
 .text.HAL_DMA_Abort
                0x0000000008001c76       0x74 ./Drivers/STM32F1xx_HAL_Driver/Src/stm32f1xx_hal_dma.o
                0x0000000008001c76                HAL_DMA_Abort
 *fill*         0x0000000008001cea        0x2 
 .text.HAL_DMA_Abort_IT
                0x0000000008001cec      0x210 ./Drivers/STM32F1xx_HAL_Driver/Src/stm32f1xx_hal_dma.o
                0x0000000008001cec                HAL_DMA_Abort_IT
 .text.HAL_DMA_IRQHandler
                0x0000000008001efc      0x478 ./Drivers/STM32F1xx_HAL_Driver/Src/stm32f1xx_hal_dma.o
                0x0000000008001efc                HAL_DMA_IRQHandler
 .text.DMA_SetConfig
                0x0000000008002374       0x5a ./Drivers/STM32F1xx_HAL_Driver/Src/stm32f1xx_hal_dma.o
 *fill*         0x00000000080023ce        0x2 
 .text.HAL_FLASH_Unlock
                0x00000000080023d0       0x4c ./Drivers/STM32F1xx_HAL_Driver/Src/stm32f1xx_hal_flash.o
                0x00000000080023d0                HAL_FLASH_Unlock
 .text.HAL_FLASH_Lock
                0x000000000800241c       0x20 ./Drivers/STM32F1xx_HAL_Driver/Src/stm32f1xx_hal_flash.o
                0x000000000800241c                HAL_FLASH_Lock
 .text.FLASH_WaitForLastOperation
                0x000000000800243c       0x8c ./Drivers/STM32F1xx_HAL_Driver/Src/stm32f1xx_hal_flash.o
                0x000000000800243c                FLASH_WaitForLastOperation
 .text.FLASH_SetErrorCode
                0x00000000080024c8       0xa0 ./Drivers/STM32F1xx_HAL_Driver/Src/stm32f1xx_hal_flash.o
 .text.HAL_FLASHEx_Erase
                0x0000000008002568       0xd8 ./Drivers/STM32F1xx_HAL_Driver/Src/stm32f1xx_hal_flash_ex.o
                0x0000000008002568                HAL_FLASHEx_Erase
 .text.FLASH_MassErase
                0x0000000008002640       0x38 ./Drivers/STM32F1xx_HAL_Driver/Src/stm32f1xx_hal_flash_ex.o
 .text.FLASH_PageErase
                0x0000000008002678       0x40 ./Drivers/STM32F1xx_HAL_Driver/Src/stm32f1xx_hal_flash_ex.o
                0x0000000008002678                FLASH_PageErase
 .text.HAL_GPIO_Init
                0x00000000080026b8      0x328 ./Drivers/STM32F1xx_HAL_Driver/Src/stm32f1xx_hal_gpio.o
                0x00000000080026b8                HAL_GPIO_Init
 .text.HAL_GPIO_WritePin
                0x00000000080029e0       0x30 ./Drivers/STM32F1xx_HAL_Driver/Src/stm32f1xx_hal_gpio.o
                0x00000000080029e0                HAL_GPIO_WritePin
 .text.HAL_GPIO_TogglePin
                0x0000000008002a10       0x32 ./Drivers/STM32F1xx_HAL_Driver/Src/stm32f1xx_hal_gpio.o
                0x0000000008002a10                HAL_GPIO_TogglePin
 *fill*         0x0000000008002a42        0x2 
 .text.HAL_GPIO_EXTI_IRQHandler
                0x0000000008002a44       0x30 ./Drivers/STM32F1xx_HAL_Driver/Src/stm32f1xx_hal_gpio.o
                0x0000000008002a44                HAL_GPIO_EXTI_IRQHandler
 .text.HAL_I2C_Init
                0x0000000008002a74      0x288 ./Drivers/STM32F1xx_HAL_Driver/Src/stm32f1xx_hal_i2c.o
                0x0000000008002a74                HAL_I2C_Init
 .text.HAL_RCC_OscConfig
                0x0000000008002cfc      0x500 ./Drivers/STM32F1xx_HAL_Driver/Src/stm32f1xx_hal_rcc.o
                0x0000000008002cfc                HAL_RCC_OscConfig
 .text.HAL_RCC_ClockConfig
                0x00000000080031fc      0x1d4 ./Drivers/STM32F1xx_HAL_Driver/Src/stm32f1xx_hal_rcc.o
                0x00000000080031fc                HAL_RCC_ClockConfig
 .text.HAL_RCC_GetSysClockFreq
                0x00000000080033d0       0xc0 ./Drivers/STM32F1xx_HAL_Driver/Src/stm32f1xx_hal_rcc.o
                0x00000000080033d0                HAL_RCC_GetSysClockFreq
 .text.HAL_RCC_GetHCLKFreq
                0x0000000008003490       0x14 ./Drivers/STM32F1xx_HAL_Driver/Src/stm32f1xx_hal_rcc.o
                0x0000000008003490                HAL_RCC_GetHCLKFreq
 .text.HAL_RCC_GetPCLK1Freq
                0x00000000080034a4       0x28 ./Drivers/STM32F1xx_HAL_Driver/Src/stm32f1xx_hal_rcc.o
                0x00000000080034a4                HAL_RCC_GetPCLK1Freq
 .text.HAL_RCC_GetPCLK2Freq
                0x00000000080034cc       0x28 ./Drivers/STM32F1xx_HAL_Driver/Src/stm32f1xx_hal_rcc.o
                0x00000000080034cc                HAL_RCC_GetPCLK2Freq
 .text.RCC_Delay
                0x00000000080034f4       0x3c ./Drivers/STM32F1xx_HAL_Driver/Src/stm32f1xx_hal_rcc.o
 .text.HAL_SPI_Init
                0x0000000008003530      0x108 ./Drivers/STM32F1xx_HAL_Driver/Src/stm32f1xx_hal_spi.o
                0x0000000008003530                HAL_SPI_Init
 .text.HAL_SPI_TransmitReceive_DMA
                0x0000000008003638      0x204 ./Drivers/STM32F1xx_HAL_Driver/Src/stm32f1xx_hal_spi.o
                0x0000000008003638                HAL_SPI_TransmitReceive_DMA
 .text.HAL_SPI_DMAStop
                0x000000000800383c       0x7e ./Drivers/STM32F1xx_HAL_Driver/Src/stm32f1xx_hal_spi.o
                0x000000000800383c                HAL_SPI_DMAStop
 *fill*         0x00000000080038ba        0x2 
 .text.HAL_SPI_IRQHandler
                0x00000000080038bc      0x1cc ./Drivers/STM32F1xx_HAL_Driver/Src/stm32f1xx_hal_spi.o
                0x00000000080038bc                HAL_SPI_IRQHandler
 .text.HAL_SPI_RxCpltCallback
                0x0000000008003a88       0x12 ./Drivers/STM32F1xx_HAL_Driver/Src/stm32f1xx_hal_spi.o
                0x0000000008003a88                HAL_SPI_RxCpltCallback
 .text.HAL_SPI_RxHalfCpltCallback
                0x0000000008003a9a       0x12 ./Drivers/STM32F1xx_HAL_Driver/Src/stm32f1xx_hal_spi.o
                0x0000000008003a9a                HAL_SPI_RxHalfCpltCallback
 .text.HAL_SPI_TxRxHalfCpltCallback
                0x0000000008003aac       0x12 ./Drivers/STM32F1xx_HAL_Driver/Src/stm32f1xx_hal_spi.o
                0x0000000008003aac                HAL_SPI_TxRxHalfCpltCallback
 .text.HAL_SPI_ErrorCallback
                0x0000000008003abe       0x12 ./Drivers/STM32F1xx_HAL_Driver/Src/stm32f1xx_hal_spi.o
                0x0000000008003abe                HAL_SPI_ErrorCallback
 .text.SPI_DMAReceiveCplt
                0x0000000008003ad0       0xa6 ./Drivers/STM32F1xx_HAL_Driver/Src/stm32f1xx_hal_spi.o
 .text.SPI_DMATransmitReceiveCplt
                0x0000000008003b76       0x8e ./Drivers/STM32F1xx_HAL_Driver/Src/stm32f1xx_hal_spi.o
 .text.SPI_DMAHalfReceiveCplt
                0x0000000008003c04       0x1c ./Drivers/STM32F1xx_HAL_Driver/Src/stm32f1xx_hal_spi.o
 .text.SPI_DMAHalfTransmitReceiveCplt
                0x0000000008003c20       0x1c ./Drivers/STM32F1xx_HAL_Driver/Src/stm32f1xx_hal_spi.o
 .text.SPI_DMAError
                0x0000000008003c3c       0x40 ./Drivers/STM32F1xx_HAL_Driver/Src/stm32f1xx_hal_spi.o
 .text.SPI_DMAAbortOnError
                0x0000000008003c7c       0x28 ./Drivers/STM32F1xx_HAL_Driver/Src/stm32f1xx_hal_spi.o
 .text.SPI_WaitFlagStateUntilTimeout
                0x0000000008003ca4      0x110 ./Drivers/STM32F1xx_HAL_Driver/Src/stm32f1xx_hal_spi.o
 .text.SPI_EndRxTransaction
                0x0000000008003db4       0xa4 ./Drivers/STM32F1xx_HAL_Driver/Src/stm32f1xx_hal_spi.o
 .text.SPI_EndRxTxTransaction
                0x0000000008003e58       0x3c ./Drivers/STM32F1xx_HAL_Driver/Src/stm32f1xx_hal_spi.o
 .text.HAL_UART_Init
                0x0000000008003e94       0x9a ./Drivers/STM32F1xx_HAL_Driver/Src/stm32f1xx_hal_uart.o
                0x0000000008003e94                HAL_UART_Init
 .text.HAL_UART_Transmit
                0x0000000008003f2e      0x124 ./Drivers/STM32F1xx_HAL_Driver/Src/stm32f1xx_hal_uart.o
                0x0000000008003f2e                HAL_UART_Transmit
 .text.UART_WaitOnFlagUntilTimeout
                0x0000000008004052       0x94 ./Drivers/STM32F1xx_HAL_Driver/Src/stm32f1xx_hal_uart.o
 *fill*         0x00000000080040e6        0x2 
 .text.UART_SetConfig
                0x00000000080040e8      0x11c ./Drivers/STM32F1xx_HAL_Driver/Src/stm32f1xx_hal_uart.o
 .text.__errno  0x0000000008004204        0xc c:/st/stm32cubeide_1.7.0/stm32cubeide/plugins/com.st.stm32cube.ide.mcu.externaltools.gnu-tools-for-stm32.9-2020-q2-update.win32_2.0.0.202105311346/tools/bin/../lib/gcc/arm-none-eabi/9.3.1/../../../../arm-none-eabi/lib/thumb/v7-m/nofp\libc_nano.a(lib_a-errno.o)
                0x0000000008004204                __errno
 .text.__libc_init_array
                0x0000000008004210       0x48 c:/st/stm32cubeide_1.7.0/stm32cubeide/plugins/com.st.stm32cube.ide.mcu.externaltools.gnu-tools-for-stm32.9-2020-q2-update.win32_2.0.0.202105311346/tools/bin/../lib/gcc/arm-none-eabi/9.3.1/../../../../arm-none-eabi/lib/thumb/v7-m/nofp\libc_nano.a(lib_a-init.o)
                0x0000000008004210                __libc_init_array
 .text.memcmp   0x0000000008004258       0x1c c:/st/stm32cubeide_1.7.0/stm32cubeide/plugins/com.st.stm32cube.ide.mcu.externaltools.gnu-tools-for-stm32.9-2020-q2-update.win32_2.0.0.202105311346/tools/bin/../lib/gcc/arm-none-eabi/9.3.1/../../../../arm-none-eabi/lib/thumb/v7-m/nofp\libc_nano.a(lib_a-memcmp.o)
                0x0000000008004258                memcmp
 .text.memcpy   0x0000000008004274       0x1c c:/st/stm32cubeide_1.7.0/stm32cubeide/plugins/com.st.stm32cube.ide.mcu.externaltools.gnu-tools-for-stm32.9-2020-q2-update.win32_2.0.0.202105311346/tools/bin/../lib/gcc/arm-none-eabi/9.3.1/../../../../arm-none-eabi/lib/thumb/v7-m/nofp\libc_nano.a(lib_a-memcpy-stub.o)
                0x0000000008004274                memcpy
 .text.memset   0x0000000008004290       0x10 c:/st/stm32cubeide_1.7.0/stm32cubeide/plugins/com.st.stm32cube.ide.mcu.externaltools.gnu-tools-for-stm32.9-2020-q2-update.win32_2.0.0.202105311346/tools/bin/../lib/gcc/arm-none-eabi/9.3.1/../../../../arm-none-eabi/lib/thumb/v7-m/nofp\libc_nano.a(lib_a-memset.o)
                0x0000000008004290                memset
 .text._vsprintf_r
                0x00000000080042a0       0x2c c:/st/stm32cubeide_1.7.0/stm32cubeide/plugins/com.st.stm32cube.ide.mcu.externaltools.gnu-tools-for-stm32.9-2020-q2-update.win32_2.0.0.202105311346/tools/bin/../lib/gcc/arm-none-eabi/9.3.1/../../../../arm-none-eabi/lib/thumb/v7-m/nofp\libc_nano.a(lib_a-vsprintf.o)
                0x00000000080042a0                _vsprintf_r
                0x00000000080042a0                _vsiprintf_r
 .text.vsprintf
                0x00000000080042cc       0x14 c:/st/stm32cubeide_1.7.0/stm32cubeide/plugins/com.st.stm32cube.ide.mcu.externaltools.gnu-tools-for-stm32.9-2020-q2-update.win32_2.0.0.202105311346/tools/bin/../lib/gcc/arm-none-eabi/9.3.1/../../../../arm-none-eabi/lib/thumb/v7-m/nofp\libc_nano.a(lib_a-vsprintf.o)
                0x00000000080042cc                vsiprintf
                0x00000000080042cc                vsprintf
 .text.__ssputs_r
                0x00000000080042e0       0xb6 c:/st/stm32cubeide_1.7.0/stm32cubeide/plugins/com.st.stm32cube.ide.mcu.externaltools.gnu-tools-for-stm32.9-2020-q2-update.win32_2.0.0.202105311346/tools/bin/../lib/gcc/arm-none-eabi/9.3.1/../../../../arm-none-eabi/lib/thumb/v7-m/nofp\libc_nano.a(lib_a-nano-svfprintf.o)
                0x00000000080042e0                __ssputs_r
 *fill*         0x0000000008004396        0x2 
 .text._svfprintf_r
                0x0000000008004398      0x200 c:/st/stm32cubeide_1.7.0/stm32cubeide/plugins/com.st.stm32cube.ide.mcu.externaltools.gnu-tools-for-stm32.9-2020-q2-update.win32_2.0.0.202105311346/tools/bin/../lib/gcc/arm-none-eabi/9.3.1/../../../../arm-none-eabi/lib/thumb/v7-m/nofp\libc_nano.a(lib_a-nano-svfprintf.o)
                0x0000000008004398                _svfiprintf_r
                0x0000000008004398                _svfprintf_r
 .text._printf_common
                0x0000000008004598       0xde c:/st/stm32cubeide_1.7.0/stm32cubeide/plugins/com.st.stm32cube.ide.mcu.externaltools.gnu-tools-for-stm32.9-2020-q2-update.win32_2.0.0.202105311346/tools/bin/../lib/gcc/arm-none-eabi/9.3.1/../../../../arm-none-eabi/lib/thumb/v7-m/nofp\libc_nano.a(lib_a-nano-vfprintf_i.o)
                0x0000000008004598                _printf_common
 *fill*         0x0000000008004676        0x2 
 .text._printf_i
                0x0000000008004678      0x24c c:/st/stm32cubeide_1.7.0/stm32cubeide/plugins/com.st.stm32cube.ide.mcu.externaltools.gnu-tools-for-stm32.9-2020-q2-update.win32_2.0.0.202105311346/tools/bin/../lib/gcc/arm-none-eabi/9.3.1/../../../../arm-none-eabi/lib/thumb/v7-m/nofp\libc_nano.a(lib_a-nano-vfprintf_i.o)
                0x0000000008004678                _printf_i
 .text.memchr   0x00000000080048c4       0x1c c:/st/stm32cubeide_1.7.0/stm32cubeide/plugins/com.st.stm32cube.ide.mcu.externaltools.gnu-tools-for-stm32.9-2020-q2-update.win32_2.0.0.202105311346/tools/bin/../lib/gcc/arm-none-eabi/9.3.1/../../../../arm-none-eabi/lib/thumb/v7-m/nofp\libc_nano.a(lib_a-memchr-stub.o)
                0x00000000080048c4                memchr
 .text.memmove  0x00000000080048e0       0x34 c:/st/stm32cubeide_1.7.0/stm32cubeide/plugins/com.st.stm32cube.ide.mcu.externaltools.gnu-tools-for-stm32.9-2020-q2-update.win32_2.0.0.202105311346/tools/bin/../lib/gcc/arm-none-eabi/9.3.1/../../../../arm-none-eabi/lib/thumb/v7-m/nofp\libc_nano.a(lib_a-memmove.o)
                0x00000000080048e0                memmove
 .text._free_r  0x0000000008004914       0x98 c:/st/stm32cubeide_1.7.0/stm32cubeide/plugins/com.st.stm32cube.ide.mcu.externaltools.gnu-tools-for-stm32.9-2020-q2-update.win32_2.0.0.202105311346/tools/bin/../lib/gcc/arm-none-eabi/9.3.1/../../../../arm-none-eabi/lib/thumb/v7-m/nofp\libc_nano.a(lib_a-nano-freer.o)
                0x0000000008004914                _free_r
 .text._malloc_r
                0x00000000080049ac       0xb4 c:/st/stm32cubeide_1.7.0/stm32cubeide/plugins/com.st.stm32cube.ide.mcu.externaltools.gnu-tools-for-stm32.9-2020-q2-update.win32_2.0.0.202105311346/tools/bin/../lib/gcc/arm-none-eabi/9.3.1/../../../../arm-none-eabi/lib/thumb/v7-m/nofp\libc_nano.a(lib_a-nano-mallocr.o)
                0x00000000080049ac                _malloc_r
 .text._realloc_r
                0x0000000008004a60       0x4c c:/st/stm32cubeide_1.7.0/stm32cubeide/plugins/com.st.stm32cube.ide.mcu.externaltools.gnu-tools-for-stm32.9-2020-q2-update.win32_2.0.0.202105311346/tools/bin/../lib/gcc/arm-none-eabi/9.3.1/../../../../arm-none-eabi/lib/thumb/v7-m/nofp\libc_nano.a(lib_a-nano-reallocr.o)
                0x0000000008004a60                _realloc_r
 .text._sbrk_r  0x0000000008004aac       0x20 c:/st/stm32cubeide_1.7.0/stm32cubeide/plugins/com.st.stm32cube.ide.mcu.externaltools.gnu-tools-for-stm32.9-2020-q2-update.win32_2.0.0.202105311346/tools/bin/../lib/gcc/arm-none-eabi/9.3.1/../../../../arm-none-eabi/lib/thumb/v7-m/nofp\libc_nano.a(lib_a-sbrkr.o)
                0x0000000008004aac                _sbrk_r
 .text.__malloc_lock
                0x0000000008004acc        0xc c:/st/stm32cubeide_1.7.0/stm32cubeide/plugins/com.st.stm32cube.ide.mcu.externaltools.gnu-tools-for-stm32.9-2020-q2-update.win32_2.0.0.202105311346/tools/bin/../lib/gcc/arm-none-eabi/9.3.1/../../../../arm-none-eabi/lib/thumb/v7-m/nofp\libc_nano.a(lib_a-mlock.o)
                0x0000000008004acc                __malloc_lock
 .text.__malloc_unlock
                0x0000000008004ad8        0xc c:/st/stm32cubeide_1.7.0/stm32cubeide/plugins/com.st.stm32cube.ide.mcu.externaltools.gnu-tools-for-stm32.9-2020-q2-update.win32_2.0.0.202105311346/tools/bin/../lib/gcc/arm-none-eabi/9.3.1/../../../../arm-none-eabi/lib/thumb/v7-m/nofp\libc_nano.a(lib_a-mlock.o)
                0x0000000008004ad8                __malloc_unlock
 .text._malloc_usable_size_r
                0x0000000008004ae4       0x10 c:/st/stm32cubeide_1.7.0/stm32cubeide/plugins/com.st.stm32cube.ide.mcu.externaltools.gnu-tools-for-stm32.9-2020-q2-update.win32_2.0.0.202105311346/tools/bin/../lib/gcc/arm-none-eabi/9.3.1/../../../../arm-none-eabi/lib/thumb/v7-m/nofp\libc_nano.a(lib_a-nano-msizer.o)
                0x0000000008004ae4                _malloc_usable_size_r
 .text.__retarget_lock_acquire_recursive
                0x0000000008004af4        0x2 c:/st/stm32cubeide_1.7.0/stm32cubeide/plugins/com.st.stm32cube.ide.mcu.externaltools.gnu-tools-for-stm32.9-2020-q2-update.win32_2.0.0.202105311346/tools/bin/../lib/gcc/arm-none-eabi/9.3.1/../../../../arm-none-eabi/lib/thumb/v7-m/nofp\libc_nano.a(lib_a-lock.o)
                0x0000000008004af4                __retarget_lock_acquire_recursive
 .text.__retarget_lock_release_recursive
                0x0000000008004af6        0x2 c:/st/stm32cubeide_1.7.0/stm32cubeide/plugins/com.st.stm32cube.ide.mcu.externaltools.gnu-tools-for-stm32.9-2020-q2-update.win32_2.0.0.202105311346/tools/bin/../lib/gcc/arm-none-eabi/9.3.1/../../../../arm-none-eabi/lib/thumb/v7-m/nofp\libc_nano.a(lib_a-lock.o)
                0x0000000008004af6                __retarget_lock_release_recursive
 *(.glue_7)
 .glue_7        0x0000000008004af8        0x0 linker stubs
 *(.glue_7t)
 .glue_7t       0x0000000008004af8        0x0 linker stubs
 *(.eh_frame)
 .eh_frame      0x0000000008004af8        0x0 c:/st/stm32cubeide_1.7.0/stm32cubeide/plugins/com.st.stm32cube.ide.mcu.externaltools.gnu-tools-for-stm32.9-2020-q2-update.win32_2.0.0.202105311346/tools/bin/../lib/gcc/arm-none-eabi/9.3.1/thumb/v7-m/nofp/crtbegin.o
 *(.init)
 .init          0x0000000008004af8        0x4 c:/st/stm32cubeide_1.7.0/stm32cubeide/plugins/com.st.stm32cube.ide.mcu.externaltools.gnu-tools-for-stm32.9-2020-q2-update.win32_2.0.0.202105311346/tools/bin/../lib/gcc/arm-none-eabi/9.3.1/thumb/v7-m/nofp/crti.o
                0x0000000008004af8                _init
 .init          0x0000000008004afc        0x8 c:/st/stm32cubeide_1.7.0/stm32cubeide/plugins/com.st.stm32cube.ide.mcu.externaltools.gnu-tools-for-stm32.9-2020-q2-update.win32_2.0.0.202105311346/tools/bin/../lib/gcc/arm-none-eabi/9.3.1/thumb/v7-m/nofp/crtn.o
 *(.fini)
 .fini          0x0000000008004b04        0x4 c:/st/stm32cubeide_1.7.0/stm32cubeide/plugins/com.st.stm32cube.ide.mcu.externaltools.gnu-tools-for-stm32.9-2020-q2-update.win32_2.0.0.202105311346/tools/bin/../lib/gcc/arm-none-eabi/9.3.1/thumb/v7-m/nofp/crti.o
                0x0000000008004b04                _fini
 .fini          0x0000000008004b08        0x8 c:/st/stm32cubeide_1.7.0/stm32cubeide/plugins/com.st.stm32cube.ide.mcu.externaltools.gnu-tools-for-stm32.9-2020-q2-update.win32_2.0.0.202105311346/tools/bin/../lib/gcc/arm-none-eabi/9.3.1/thumb/v7-m/nofp/crtn.o
                0x0000000008004b10                . = ALIGN (0x4)
                0x0000000008004b10                _etext = .

.vfp11_veneer   0x0000000008004b10        0x0
 .vfp11_veneer  0x0000000008004b10        0x0 linker stubs

.v4_bx          0x0000000008004b10        0x0
 .v4_bx         0x0000000008004b10        0x0 linker stubs

.iplt           0x0000000008004b10        0x0
 .iplt          0x0000000008004b10        0x0 c:/st/stm32cubeide_1.7.0/stm32cubeide/plugins/com.st.stm32cube.ide.mcu.externaltools.gnu-tools-for-stm32.9-2020-q2-update.win32_2.0.0.202105311346/tools/bin/../lib/gcc/arm-none-eabi/9.3.1/thumb/v7-m/nofp/crtbegin.o

.rodata         0x0000000008004b10      0x588
                0x0000000008004b10                . = ALIGN (0x4)
 *(.rodata)
 .rodata        0x0000000008004b10       0x4f ./Core/Src/main.o
 *fill*         0x0000000008004b5f        0x1 
 .rodata        0x0000000008004b60      0x1ad ./Core/Src/rt_bus_proto.o
 *fill*         0x0000000008004d0d        0x3 
 .rodata        0x0000000008004d10        0x3 ./Core/Src/stm32f1xx_it.o
 *fill*         0x0000000008004d13        0x1 
 .rodata        0x0000000008004d14        0x3 ./Core/Src/usart.o
 *fill*         0x0000000008004d17        0x1 
 .rodata        0x0000000008004d18       0x10 ./Drivers/STM32F1xx_HAL_Driver/Src/stm32f1xx_hal_rcc.o
 *(.rodata*)
 .rodata.crc_ccitt_table
                0x0000000008004d28      0x200 ./Core/Src/crc16.o
                0x0000000008004d28                crc_ccitt_table
 .rodata.__func__.7516
                0x0000000008004f28       0x19 ./Core/Src/main.o
 *fill*         0x0000000008004f41        0x3 
 .rodata.commands
                0x0000000008004f44       0x38 ./Core/Src/rt_bus_proto.o
                0x0000000008004f44                commands
 .rodata.__func__.7512
                0x0000000008004f7c       0x18 ./Core/Src/rt_bus_proto.o
 .rodata.__func__.7519
                0x0000000008004f94       0x11 ./Core/Src/rt_bus_proto.o
 *fill*         0x0000000008004fa5        0x3 
 .rodata.__func__.7526
                0x0000000008004fa8       0x1f ./Core/Src/rt_bus_proto.o
 *fill*         0x0000000008004fc7        0x1 
 .rodata.__func__.7536
                0x0000000008004fc8       0x13 ./Core/Src/rt_bus_proto.o
 *fill*         0x0000000008004fdb        0x1 
 .rodata.__func__.7543
                0x0000000008004fdc       0x1c ./Core/Src/rt_bus_proto.o
 .rodata.__func__.7556
                0x0000000008004ff8       0x1c ./Core/Src/rt_bus_proto.o
 .rodata.__func__.7566
                0x0000000008005014       0x24 ./Core/Src/rt_bus_proto.o
 .rodata.__func__.6167
                0x0000000008005038       0x12 ./Core/Src/stm32f1xx_it.o
 *fill*         0x000000000800504a        0x2 
 .rodata.AHBPrescTable
                0x000000000800504c       0x10 ./Core/Src/system_stm32f1xx.o
                0x000000000800504c                AHBPrescTable
 .rodata.APBPrescTable
                0x000000000800505c        0x8 ./Core/Src/system_stm32f1xx.o
                0x000000000800505c                APBPrescTable
 .rodata._svfprintf_r.str1.1
                0x0000000008005064       0x11 c:/st/stm32cubeide_1.7.0/stm32cubeide/plugins/com.st.stm32cube.ide.mcu.externaltools.gnu-tools-for-stm32.9-2020-q2-update.win32_2.0.0.202105311346/tools/bin/../lib/gcc/arm-none-eabi/9.3.1/../../../../arm-none-eabi/lib/thumb/v7-m/nofp\libc_nano.a(lib_a-nano-svfprintf.o)
 .rodata._printf_i.str1.1
                0x0000000008005075       0x22 c:/st/stm32cubeide_1.7.0/stm32cubeide/plugins/com.st.stm32cube.ide.mcu.externaltools.gnu-tools-for-stm32.9-2020-q2-update.win32_2.0.0.202105311346/tools/bin/../lib/gcc/arm-none-eabi/9.3.1/../../../../arm-none-eabi/lib/thumb/v7-m/nofp\libc_nano.a(lib_a-nano-vfprintf_i.o)
                0x0000000008005098                . = ALIGN (0x4)
 *fill*         0x0000000008005097        0x1 

.rel.dyn        0x0000000008005098        0x0
 .rel.iplt      0x0000000008005098        0x0 c:/st/stm32cubeide_1.7.0/stm32cubeide/plugins/com.st.stm32cube.ide.mcu.externaltools.gnu-tools-for-stm32.9-2020-q2-update.win32_2.0.0.202105311346/tools/bin/../lib/gcc/arm-none-eabi/9.3.1/thumb/v7-m/nofp/crtbegin.o

.ARM.extab      0x0000000008005098        0x0
                0x0000000008005098                . = ALIGN (0x4)
 *(.ARM.extab* .gnu.linkonce.armextab.*)
                0x0000000008005098                . = ALIGN (0x4)

.ARM            0x0000000008005098        0x0
                0x0000000008005098                . = ALIGN (0x4)
                0x0000000008005098                __exidx_start = .
 *(.ARM.exidx*)
                0x0000000008005098                __exidx_end = .
                0x0000000008005098                . = ALIGN (0x4)

.preinit_array  0x0000000008005098        0x0
                0x0000000008005098                . = ALIGN (0x4)
                0x0000000008005098                PROVIDE (__preinit_array_start = .)
 *(.preinit_array*)
                0x0000000008005098                PROVIDE (__preinit_array_end = .)
                0x0000000008005098                . = ALIGN (0x4)

.init_array     0x0000000008005098        0x4
                0x0000000008005098                . = ALIGN (0x4)
                0x0000000008005098                PROVIDE (__init_array_start = .)
 *(SORT_BY_NAME(.init_array.*))
 *(.init_array*)
 .init_array    0x0000000008005098        0x4 c:/st/stm32cubeide_1.7.0/stm32cubeide/plugins/com.st.stm32cube.ide.mcu.externaltools.gnu-tools-for-stm32.9-2020-q2-update.win32_2.0.0.202105311346/tools/bin/../lib/gcc/arm-none-eabi/9.3.1/thumb/v7-m/nofp/crtbegin.o
                0x000000000800509c                PROVIDE (__init_array_end = .)
                0x000000000800509c                . = ALIGN (0x4)

.fini_array     0x000000000800509c        0x4
                0x000000000800509c                . = ALIGN (0x4)
                [!provide]                        PROVIDE (__fini_array_start = .)
 *(SORT_BY_NAME(.fini_array.*))
 *(.fini_array*)
 .fini_array    0x000000000800509c        0x4 c:/st/stm32cubeide_1.7.0/stm32cubeide/plugins/com.st.stm32cube.ide.mcu.externaltools.gnu-tools-for-stm32.9-2020-q2-update.win32_2.0.0.202105311346/tools/bin/../lib/gcc/arm-none-eabi/9.3.1/thumb/v7-m/nofp/crtbegin.o
                [!provide]                        PROVIDE (__fini_array_end = .)
                0x00000000080050a0                . = ALIGN (0x4)
                0x00000000080050a0                _sidata = LOADADDR (.data)

.data           0x0000000020000000       0x74 load address 0x00000000080050a0
                0x0000000020000000                . = ALIGN (0x4)
                0x0000000020000000                _sdata = .
 *(.data)
 *(.data*)
 .data.prevDMACnt
                0x0000000020000000        0x2 ./Core/Src/rt_bus_proto.o
                0x0000000020000000                prevDMACnt
 *fill*         0x0000000020000002        0x2 
 .data.SystemCoreClock
                0x0000000020000004        0x4 ./Core/Src/system_stm32f1xx.o
                0x0000000020000004                SystemCoreClock
 .data.uwTickPrio
                0x0000000020000008        0x4 ./Drivers/STM32F1xx_HAL_Driver/Src/stm32f1xx_hal.o
                0x0000000020000008                uwTickPrio
 .data.uwTickFreq
                0x000000002000000c        0x1 ./Drivers/STM32F1xx_HAL_Driver/Src/stm32f1xx_hal.o
                0x000000002000000c                uwTickFreq
 *fill*         0x000000002000000d        0x3 
 .data._impure_ptr
                0x0000000020000010        0x4 c:/st/stm32cubeide_1.7.0/stm32cubeide/plugins/com.st.stm32cube.ide.mcu.externaltools.gnu-tools-for-stm32.9-2020-q2-update.win32_2.0.0.202105311346/tools/bin/../lib/gcc/arm-none-eabi/9.3.1/../../../../arm-none-eabi/lib/thumb/v7-m/nofp\libc_nano.a(lib_a-impure.o)
                0x0000000020000010                _impure_ptr
 .data.impure_data
                0x0000000020000014       0x60 c:/st/stm32cubeide_1.7.0/stm32cubeide/plugins/com.st.stm32cube.ide.mcu.externaltools.gnu-tools-for-stm32.9-2020-q2-update.win32_2.0.0.202105311346/tools/bin/../lib/gcc/arm-none-eabi/9.3.1/../../../../arm-none-eabi/lib/thumb/v7-m/nofp\libc_nano.a(lib_a-impure.o)
 *(.RamFunc)
 *(.RamFunc*)
                0x0000000020000074                . = ALIGN (0x4)
                0x0000000020000074                _edata = .

.igot.plt       0x0000000020000074        0x0 load address 0x0000000008005114
 .igot.plt      0x0000000020000074        0x0 c:/st/stm32cubeide_1.7.0/stm32cubeide/plugins/com.st.stm32cube.ide.mcu.externaltools.gnu-tools-for-stm32.9-2020-q2-update.win32_2.0.0.202105311346/tools/bin/../lib/gcc/arm-none-eabi/9.3.1/thumb/v7-m/nofp/crtbegin.o
                0x0000000020000074                . = ALIGN (0x4)

.bss            0x0000000020000078     0x1e68 load address 0x0000000008005114
                0x0000000020000078                _sbss = .
                0x0000000020000078                __bss_start__ = _sbss
 *(.bss)
 .bss           0x0000000020000078       0x1c c:/st/stm32cubeide_1.7.0/stm32cubeide/plugins/com.st.stm32cube.ide.mcu.externaltools.gnu-tools-for-stm32.9-2020-q2-update.win32_2.0.0.202105311346/tools/bin/../lib/gcc/arm-none-eabi/9.3.1/thumb/v7-m/nofp/crtbegin.o
 *(.bss*)
 .bss.gRunMode  0x0000000020000094        0x1 ./Core/Src/main.o
                0x0000000020000094                gRunMode
 .bss.gStayInBootloader
                0x0000000020000095        0x1 ./Core/Src/main.o
                0x0000000020000095                gStayInBootloader
 .bss.g_comms_mode
                0x0000000020000096        0x1 ./Core/Src/main.o
                0x0000000020000096                g_comms_mode
 .bss.isFrameReady
                0x0000000020000097        0x1 ./Core/Src/rt_bus_proto.o
                0x0000000020000097                isFrameReady
 .bss.rxFrameSize
                0x0000000020000098        0x4 ./Core/Src/rt_bus_proto.o
                0x0000000020000098                rxFrameSize
 .bss.lastRxTime
                0x000000002000009c        0x4 ./Core/Src/rt_bus_proto.o
                0x000000002000009c                lastRxTime
 .bss.gFrameCount
                0x00000000200000a0        0x4 ./Core/Src/rt_bus_proto.o
                0x00000000200000a0                gFrameCount
 .bss.__sbrk_heap_end
                0x00000000200000a4        0x4 ./Core/Src/sysmem.o
 .bss.__malloc_free_list
                0x00000000200000a8        0x4 c:/st/stm32cubeide_1.7.0/stm32cubeide/plugins/com.st.stm32cube.ide.mcu.externaltools.gnu-tools-for-stm32.9-2020-q2-update.win32_2.0.0.202105311346/tools/bin/../lib/gcc/arm-none-eabi/9.3.1/../../../../arm-none-eabi/lib/thumb/v7-m/nofp\libc_nano.a(lib_a-nano-mallocr.o)
                0x00000000200000a8                __malloc_free_list
 .bss.__malloc_sbrk_start
                0x00000000200000ac        0x4 c:/st/stm32cubeide_1.7.0/stm32cubeide/plugins/com.st.stm32cube.ide.mcu.externaltools.gnu-tools-for-stm32.9-2020-q2-update.win32_2.0.0.202105311346/tools/bin/../lib/gcc/arm-none-eabi/9.3.1/../../../../arm-none-eabi/lib/thumb/v7-m/nofp\libc_nano.a(lib_a-nano-mallocr.o)
                0x00000000200000ac                __malloc_sbrk_start
 *(COMMON)
 COMMON         0x00000000200000b0       0x54 ./Core/Src/i2c.o
                0x00000000200000b0                hi2c1
 COMMON         0x0000000020000104       0x20 ./Core/Src/io.o
                0x0000000020000104                g_PDO
                0x000000002000010c                prev_PDO
                0x0000000020000114                g_PDI
                0x000000002000011c                prev_PDI
 COMMON         0x0000000020000124     0x1c1c ./Core/Src/rt_bus_proto.o
                0x0000000020000124                gSPI_Tx_Buf
                0x0000000020000924                flashBuffer
                0x0000000020000d34                gRT_Command_Packet
                0x0000000020001540                gSPI_Rx_Buf
 COMMON         0x0000000020001d40       0xe0 ./Core/Src/spi.o
                0x0000000020001d40                hspi1
                0x0000000020001d98                hdma_spi1_rx
                0x0000000020001ddc                hdma_spi1_tx
 COMMON         0x0000000020001e20       0x88 ./Core/Src/usart.o
                0x0000000020001e20                hdma_usart1_tx
                0x0000000020001e64                huart1
 COMMON         0x0000000020001ea8        0x4 ./Drivers/STM32F1xx_HAL_Driver/Src/stm32f1xx_hal.o
                0x0000000020001ea8                uwTick
 *fill*         0x0000000020001eac        0x4 
 COMMON         0x0000000020001eb0       0x20 ./Drivers/STM32F1xx_HAL_Driver/Src/stm32f1xx_hal_flash.o
                0x0000000020001eb0                pFlash
 COMMON         0x0000000020001ed0        0x4 c:/st/stm32cubeide_1.7.0/stm32cubeide/plugins/com.st.stm32cube.ide.mcu.externaltools.gnu-tools-for-stm32.9-2020-q2-update.win32_2.0.0.202105311346/tools/bin/../lib/gcc/arm-none-eabi/9.3.1/../../../../arm-none-eabi/lib/thumb/v7-m/nofp\libc_nano.a(lib_a-reent.o)
                0x0000000020001ed0                errno
 COMMON         0x0000000020001ed4        0x9 c:/st/stm32cubeide_1.7.0/stm32cubeide/plugins/com.st.stm32cube.ide.mcu.externaltools.gnu-tools-for-stm32.9-2020-q2-update.win32_2.0.0.202105311346/tools/bin/../lib/gcc/arm-none-eabi/9.3.1/../../../../arm-none-eabi/lib/thumb/v7-m/nofp\libc_nano.a(lib_a-lock.o)
                0x0000000020001ed4                __lock___atexit_recursive_mutex
                0x0000000020001ed5                __lock___arc4random_mutex
                0x0000000020001ed6                __lock___env_recursive_mutex
                0x0000000020001ed7                __lock___sinit_recursive_mutex
                0x0000000020001ed8                __lock___malloc_recursive_mutex
                0x0000000020001ed9                __lock___at_quick_exit_mutex
                0x0000000020001eda                __lock___dd_hash_mutex
                0x0000000020001edb                __lock___tz_mutex
                0x0000000020001edc                __lock___sfp_recursive_mutex
                0x0000000020001ee0                . = ALIGN (0x4)
 *fill*         0x0000000020001edd        0x3 
                0x0000000020001ee0                _ebss = .
                0x0000000020001ee0                __bss_end__ = _ebss

._user_heap_stack
                0x0000000020001ee0      0x600 load address 0x0000000008005114
                0x0000000020001ee0                . = ALIGN (0x8)
                [!provide]                        PROVIDE (end = .)
                0x0000000020001ee0                PROVIDE (_end = .)
                0x00000000200020e0                . = (. + _Min_Heap_Size)
 *fill*         0x0000000020001ee0      0x200 
                0x00000000200024e0                . = (. + _Min_Stack_Size)
 *fill*         0x00000000200020e0      0x400 
                0x00000000200024e0                . = ALIGN (0x8)

/DISCARD/
 libc.a(*)
 libm.a(*)
 libgcc.a(*)

.ARM.attributes
                0x0000000000000000       0x29
 *(.ARM.attributes)
 .ARM.attributes
                0x0000000000000000       0x1d c:/st/stm32cubeide_1.7.0/stm32cubeide/plugins/com.st.stm32cube.ide.mcu.externaltools.gnu-tools-for-stm32.9-2020-q2-update.win32_2.0.0.202105311346/tools/bin/../lib/gcc/arm-none-eabi/9.3.1/thumb/v7-m/nofp/crti.o
 .ARM.attributes
                0x000000000000001d       0x2d c:/st/stm32cubeide_1.7.0/stm32cubeide/plugins/com.st.stm32cube.ide.mcu.externaltools.gnu-tools-for-stm32.9-2020-q2-update.win32_2.0.0.202105311346/tools/bin/../lib/gcc/arm-none-eabi/9.3.1/thumb/v7-m/nofp/crtbegin.o
 .ARM.attributes
                0x000000000000004a       0x2d ./Core/Src/crc16.o
 .ARM.attributes
                0x0000000000000077       0x2d ./Core/Src/dma.o
 .ARM.attributes
                0x00000000000000a4       0x2d ./Core/Src/flash_if.o
 .ARM.attributes
                0x00000000000000d1       0x2d ./Core/Src/gpio.o
 .ARM.attributes
                0x00000000000000fe       0x2d ./Core/Src/i2c.o
 .ARM.attributes
                0x000000000000012b       0x2d ./Core/Src/io.o
 .ARM.attributes
                0x0000000000000158       0x2d ./Core/Src/main.o
 .ARM.attributes
                0x0000000000000185       0x2d ./Core/Src/rt_bus_proto.o
 .ARM.attributes
                0x00000000000001b2       0x2d ./Core/Src/spi.o
 .ARM.attributes
                0x00000000000001df       0x2d ./Core/Src/stm32f1xx_hal_msp.o
 .ARM.attributes
                0x000000000000020c       0x2d ./Core/Src/stm32f1xx_it.o
 .ARM.attributes
                0x0000000000000239       0x2d ./Core/Src/sysmem.o
 .ARM.attributes
                0x0000000000000266       0x2d ./Core/Src/system_stm32f1xx.o
 .ARM.attributes
                0x0000000000000293       0x2d ./Core/Src/usart.o
 .ARM.attributes
                0x00000000000002c0       0x21 ./Core/Startup/startup_stm32f103rctx.o
 .ARM.attributes
                0x00000000000002e1       0x2d ./Drivers/STM32F1xx_HAL_Driver/Src/stm32f1xx_hal.o
 .ARM.attributes
                0x000000000000030e       0x2d ./Drivers/STM32F1xx_HAL_Driver/Src/stm32f1xx_hal_cortex.o
 .ARM.attributes
                0x000000000000033b       0x2d ./Drivers/STM32F1xx_HAL_Driver/Src/stm32f1xx_hal_dma.o
 .ARM.attributes
                0x0000000000000368       0x2d ./Drivers/STM32F1xx_HAL_Driver/Src/stm32f1xx_hal_flash.o
 .ARM.attributes
                0x0000000000000395       0x2d ./Drivers/STM32F1xx_HAL_Driver/Src/stm32f1xx_hal_flash_ex.o
 .ARM.attributes
                0x00000000000003c2       0x2d ./Drivers/STM32F1xx_HAL_Driver/Src/stm32f1xx_hal_gpio.o
 .ARM.attributes
                0x00000000000003ef       0x2d ./Drivers/STM32F1xx_HAL_Driver/Src/stm32f1xx_hal_i2c.o
 .ARM.attributes
                0x000000000000041c       0x2d ./Drivers/STM32F1xx_HAL_Driver/Src/stm32f1xx_hal_rcc.o
 .ARM.attributes
                0x0000000000000449       0x2d ./Drivers/STM32F1xx_HAL_Driver/Src/stm32f1xx_hal_spi.o
 .ARM.attributes
                0x0000000000000476       0x2d ./Drivers/STM32F1xx_HAL_Driver/Src/stm32f1xx_hal_uart.o
 .ARM.attributes
                0x00000000000004a3       0x2d c:/st/stm32cubeide_1.7.0/stm32cubeide/plugins/com.st.stm32cube.ide.mcu.externaltools.gnu-tools-for-stm32.9-2020-q2-update.win32_2.0.0.202105311346/tools/bin/../lib/gcc/arm-none-eabi/9.3.1/../../../../arm-none-eabi/lib/thumb/v7-m/nofp\libc_nano.a(lib_a-errno.o)
 .ARM.attributes
                0x00000000000004d0       0x2d c:/st/stm32cubeide_1.7.0/stm32cubeide/plugins/com.st.stm32cube.ide.mcu.externaltools.gnu-tools-for-stm32.9-2020-q2-update.win32_2.0.0.202105311346/tools/bin/../lib/gcc/arm-none-eabi/9.3.1/../../../../arm-none-eabi/lib/thumb/v7-m/nofp\libc_nano.a(lib_a-impure.o)
 .ARM.attributes
                0x00000000000004fd       0x2d c:/st/stm32cubeide_1.7.0/stm32cubeide/plugins/com.st.stm32cube.ide.mcu.externaltools.gnu-tools-for-stm32.9-2020-q2-update.win32_2.0.0.202105311346/tools/bin/../lib/gcc/arm-none-eabi/9.3.1/../../../../arm-none-eabi/lib/thumb/v7-m/nofp\libc_nano.a(lib_a-init.o)
 .ARM.attributes
                0x000000000000052a       0x2d c:/st/stm32cubeide_1.7.0/stm32cubeide/plugins/com.st.stm32cube.ide.mcu.externaltools.gnu-tools-for-stm32.9-2020-q2-update.win32_2.0.0.202105311346/tools/bin/../lib/gcc/arm-none-eabi/9.3.1/../../../../arm-none-eabi/lib/thumb/v7-m/nofp\libc_nano.a(lib_a-memcmp.o)
 .ARM.attributes
                0x0000000000000557       0x2d c:/st/stm32cubeide_1.7.0/stm32cubeide/plugins/com.st.stm32cube.ide.mcu.externaltools.gnu-tools-for-stm32.9-2020-q2-update.win32_2.0.0.202105311346/tools/bin/../lib/gcc/arm-none-eabi/9.3.1/../../../../arm-none-eabi/lib/thumb/v7-m/nofp\libc_nano.a(lib_a-memcpy-stub.o)
 .ARM.attributes
                0x0000000000000584       0x2d c:/st/stm32cubeide_1.7.0/stm32cubeide/plugins/com.st.stm32cube.ide.mcu.externaltools.gnu-tools-for-stm32.9-2020-q2-update.win32_2.0.0.202105311346/tools/bin/../lib/gcc/arm-none-eabi/9.3.1/../../../../arm-none-eabi/lib/thumb/v7-m/nofp\libc_nano.a(lib_a-memset.o)
 .ARM.attributes
                0x00000000000005b1       0x17 c:/st/stm32cubeide_1.7.0/stm32cubeide/plugins/com.st.stm32cube.ide.mcu.externaltools.gnu-tools-for-stm32.9-2020-q2-update.win32_2.0.0.202105311346/tools/bin/../lib/gcc/arm-none-eabi/9.3.1/../../../../arm-none-eabi/lib/thumb/v7-m/nofp\libc_nano.a(lib_a-strlen.o)
 .ARM.attributes
                0x00000000000005c8       0x2d c:/st/stm32cubeide_1.7.0/stm32cubeide/plugins/com.st.stm32cube.ide.mcu.externaltools.gnu-tools-for-stm32.9-2020-q2-update.win32_2.0.0.202105311346/tools/bin/../lib/gcc/arm-none-eabi/9.3.1/../../../../arm-none-eabi/lib/thumb/v7-m/nofp\libc_nano.a(lib_a-vsprintf.o)
 .ARM.attributes
                0x00000000000005f5       0x2d c:/st/stm32cubeide_1.7.0/stm32cubeide/plugins/com.st.stm32cube.ide.mcu.externaltools.gnu-tools-for-stm32.9-2020-q2-update.win32_2.0.0.202105311346/tools/bin/../lib/gcc/arm-none-eabi/9.3.1/../../../../arm-none-eabi/lib/thumb/v7-m/nofp\libc_nano.a(lib_a-nano-svfprintf.o)
 .ARM.attributes
                0x0000000000000622       0x2d c:/st/stm32cubeide_1.7.0/stm32cubeide/plugins/com.st.stm32cube.ide.mcu.externaltools.gnu-tools-for-stm32.9-2020-q2-update.win32_2.0.0.202105311346/tools/bin/../lib/gcc/arm-none-eabi/9.3.1/../../../../arm-none-eabi/lib/thumb/v7-m/nofp\libc_nano.a(lib_a-nano-vfprintf_i.o)
 .ARM.attributes
                0x000000000000064f       0x2d c:/st/stm32cubeide_1.7.0/stm32cubeide/plugins/com.st.stm32cube.ide.mcu.externaltools.gnu-tools-for-stm32.9-2020-q2-update.win32_2.0.0.202105311346/tools/bin/../lib/gcc/arm-none-eabi/9.3.1/../../../../arm-none-eabi/lib/thumb/v7-m/nofp\libc_nano.a(lib_a-memchr-stub.o)
 .ARM.attributes
                0x000000000000067c       0x2d c:/st/stm32cubeide_1.7.0/stm32cubeide/plugins/com.st.stm32cube.ide.mcu.externaltools.gnu-tools-for-stm32.9-2020-q2-update.win32_2.0.0.202105311346/tools/bin/../lib/gcc/arm-none-eabi/9.3.1/../../../../arm-none-eabi/lib/thumb/v7-m/nofp\libc_nano.a(lib_a-memmove.o)
 .ARM.attributes
                0x00000000000006a9       0x2d c:/st/stm32cubeide_1.7.0/stm32cubeide/plugins/com.st.stm32cube.ide.mcu.externaltools.gnu-tools-for-stm32.9-2020-q2-update.win32_2.0.0.202105311346/tools/bin/../lib/gcc/arm-none-eabi/9.3.1/../../../../arm-none-eabi/lib/thumb/v7-m/nofp\libc_nano.a(lib_a-nano-freer.o)
 .ARM.attributes
                0x00000000000006d6       0x2d c:/st/stm32cubeide_1.7.0/stm32cubeide/plugins/com.st.stm32cube.ide.mcu.externaltools.gnu-tools-for-stm32.9-2020-q2-update.win32_2.0.0.202105311346/tools/bin/../lib/gcc/arm-none-eabi/9.3.1/../../../../arm-none-eabi/lib/thumb/v7-m/nofp\libc_nano.a(lib_a-nano-mallocr.o)
 .ARM.attributes
                0x0000000000000703       0x2d c:/st/stm32cubeide_1.7.0/stm32cubeide/plugins/com.st.stm32cube.ide.mcu.externaltools.gnu-tools-for-stm32.9-2020-q2-update.win32_2.0.0.202105311346/tools/bin/../lib/gcc/arm-none-eabi/9.3.1/../../../../arm-none-eabi/lib/thumb/v7-m/nofp\libc_nano.a(lib_a-nano-reallocr.o)
 .ARM.attributes
                0x0000000000000730       0x2d c:/st/stm32cubeide_1.7.0/stm32cubeide/plugins/com.st.stm32cube.ide.mcu.externaltools.gnu-tools-for-stm32.9-2020-q2-update.win32_2.0.0.202105311346/tools/bin/../lib/gcc/arm-none-eabi/9.3.1/../../../../arm-none-eabi/lib/thumb/v7-m/nofp\libc_nano.a(lib_a-sbrkr.o)
 .ARM.attributes
                0x000000000000075d       0x2d c:/st/stm32cubeide_1.7.0/stm32cubeide/plugins/com.st.stm32cube.ide.mcu.externaltools.gnu-tools-for-stm32.9-2020-q2-update.win32_2.0.0.202105311346/tools/bin/../lib/gcc/arm-none-eabi/9.3.1/../../../../arm-none-eabi/lib/thumb/v7-m/nofp\libc_nano.a(lib_a-mlock.o)
 .ARM.attributes
                0x000000000000078a       0x2d c:/st/stm32cubeide_1.7.0/stm32cubeide/plugins/com.st.stm32cube.ide.mcu.externaltools.gnu-tools-for-stm32.9-2020-q2-update.win32_2.0.0.202105311346/tools/bin/../lib/gcc/arm-none-eabi/9.3.1/../../../../arm-none-eabi/lib/thumb/v7-m/nofp\libc_nano.a(lib_a-nano-msizer.o)
 .ARM.attributes
                0x00000000000007b7       0x2d c:/st/stm32cubeide_1.7.0/stm32cubeide/plugins/com.st.stm32cube.ide.mcu.externaltools.gnu-tools-for-stm32.9-2020-q2-update.win32_2.0.0.202105311346/tools/bin/../lib/gcc/arm-none-eabi/9.3.1/../../../../arm-none-eabi/lib/thumb/v7-m/nofp\libc_nano.a(lib_a-reent.o)
 .ARM.attributes
                0x00000000000007e4       0x2d c:/st/stm32cubeide_1.7.0/stm32cubeide/plugins/com.st.stm32cube.ide.mcu.externaltools.gnu-tools-for-stm32.9-2020-q2-update.win32_2.0.0.202105311346/tools/bin/../lib/gcc/arm-none-eabi/9.3.1/../../../../arm-none-eabi/lib/thumb/v7-m/nofp\libc_nano.a(lib_a-lock.o)
 .ARM.attributes
                0x0000000000000811       0x1d c:/st/stm32cubeide_1.7.0/stm32cubeide/plugins/com.st.stm32cube.ide.mcu.externaltools.gnu-tools-for-stm32.9-2020-q2-update.win32_2.0.0.202105311346/tools/bin/../lib/gcc/arm-none-eabi/9.3.1/thumb/v7-m/nofp/crtn.o
OUTPUT(F1_CompactController_AuxMCU_Bootloader.elf elf32-littlearm)
LOAD linker stubs
LOAD c:/st/stm32cubeide_1.7.0/stm32cubeide/plugins/com.st.stm32cube.ide.mcu.externaltools.gnu-tools-for-stm32.9-2020-q2-update.win32_2.0.0.202105311346/tools/bin/../lib/gcc/arm-none-eabi/9.3.1/../../../../arm-none-eabi/lib/thumb/v7-m/nofp\libc.a
LOAD c:/st/stm32cubeide_1.7.0/stm32cubeide/plugins/com.st.stm32cube.ide.mcu.externaltools.gnu-tools-for-stm32.9-2020-q2-update.win32_2.0.0.202105311346/tools/bin/../lib/gcc/arm-none-eabi/9.3.1/../../../../arm-none-eabi/lib/thumb/v7-m/nofp\libm.a
LOAD c:/st/stm32cubeide_1.7.0/stm32cubeide/plugins/com.st.stm32cube.ide.mcu.externaltools.gnu-tools-for-stm32.9-2020-q2-update.win32_2.0.0.202105311346/tools/bin/../lib/gcc/arm-none-eabi/9.3.1/thumb/v7-m/nofp\libgcc.a

.debug_info     0x0000000000000000    0x131d3
 .debug_info    0x0000000000000000      0x245 ./Core/Src/crc16.o
 .debug_info    0x0000000000000245      0x888 ./Core/Src/dma.o
 .debug_info    0x0000000000000acd      0x500 ./Core/Src/flash_if.o
 .debug_info    0x0000000000000fcd      0x9cd ./Core/Src/gpio.o
 .debug_info    0x000000000000199a      0xb03 ./Core/Src/i2c.o
 .debug_info    0x000000000000249d      0xa16 ./Core/Src/io.o
 .debug_info    0x0000000000002eb3     0x18a2 ./Core/Src/main.o
 .debug_info    0x0000000000004755     0x1d92 ./Core/Src/rt_bus_proto.o
 .debug_info    0x00000000000064e7      0xcb1 ./Core/Src/spi.o
 .debug_info    0x0000000000007198      0x788 ./Core/Src/stm32f1xx_hal_msp.o
 .debug_info    0x0000000000007920      0xa7b ./Core/Src/stm32f1xx_it.o
 .debug_info    0x000000000000839b      0xa25 ./Core/Src/sysmem.o
 .debug_info    0x0000000000008dc0      0x2be ./Core/Src/system_stm32f1xx.o
 .debug_info    0x000000000000907e     0x126a ./Core/Src/usart.o
 .debug_info    0x000000000000a2e8       0x22 ./Core/Startup/startup_stm32f103rctx.o
 .debug_info    0x000000000000a30a      0x7d0 ./Drivers/STM32F1xx_HAL_Driver/Src/stm32f1xx_hal.o
 .debug_info    0x000000000000aada      0xc42 ./Drivers/STM32F1xx_HAL_Driver/Src/stm32f1xx_hal_cortex.o
 .debug_info    0x000000000000b71c      0x81e ./Drivers/STM32F1xx_HAL_Driver/Src/stm32f1xx_hal_dma.o
 .debug_info    0x000000000000bf3a      0x5f3 ./Drivers/STM32F1xx_HAL_Driver/Src/stm32f1xx_hal_flash.o
 .debug_info    0x000000000000c52d      0x8a2 ./Drivers/STM32F1xx_HAL_Driver/Src/stm32f1xx_hal_flash_ex.o
 .debug_info    0x000000000000cdcf      0x701 ./Drivers/STM32F1xx_HAL_Driver/Src/stm32f1xx_hal_gpio.o
 .debug_info    0x000000000000d4d0     0x278e ./Drivers/STM32F1xx_HAL_Driver/Src/stm32f1xx_hal_i2c.o
 .debug_info    0x000000000000fc5e      0x88e ./Drivers/STM32F1xx_HAL_Driver/Src/stm32f1xx_hal_rcc.o
 .debug_info    0x00000000000104ec     0x16cd ./Drivers/STM32F1xx_HAL_Driver/Src/stm32f1xx_hal_spi.o
 .debug_info    0x0000000000011bb9     0x161a ./Drivers/STM32F1xx_HAL_Driver/Src/stm32f1xx_hal_uart.o

.debug_abbrev   0x0000000000000000     0x316f
 .debug_abbrev  0x0000000000000000      0x125 ./Core/Src/crc16.o
 .debug_abbrev  0x0000000000000125      0x16c ./Core/Src/dma.o
 .debug_abbrev  0x0000000000000291      0x172 ./Core/Src/flash_if.o
 .debug_abbrev  0x0000000000000403      0x188 ./Core/Src/gpio.o
 .debug_abbrev  0x000000000000058b      0x1bb ./Core/Src/i2c.o
 .debug_abbrev  0x0000000000000746      0x1c9 ./Core/Src/io.o
 .debug_abbrev  0x000000000000090f      0x2a4 ./Core/Src/main.o
 .debug_abbrev  0x0000000000000bb3      0x388 ./Core/Src/rt_bus_proto.o
 .debug_abbrev  0x0000000000000f3b      0x1d7 ./Core/Src/spi.o
 .debug_abbrev  0x0000000000001112      0x16e ./Core/Src/stm32f1xx_hal_msp.o
 .debug_abbrev  0x0000000000001280      0x1c8 ./Core/Src/stm32f1xx_it.o
 .debug_abbrev  0x0000000000001448      0x1bf ./Core/Src/sysmem.o
 .debug_abbrev  0x0000000000001607      0x14e ./Core/Src/system_stm32f1xx.o
 .debug_abbrev  0x0000000000001755      0x27d ./Core/Src/usart.o
 .debug_abbrev  0x00000000000019d2       0x12 ./Core/Startup/startup_stm32f103rctx.o
 .debug_abbrev  0x00000000000019e4      0x1ed ./Drivers/STM32F1xx_HAL_Driver/Src/stm32f1xx_hal.o
 .debug_abbrev  0x0000000000001bd1      0x313 ./Drivers/STM32F1xx_HAL_Driver/Src/stm32f1xx_hal_cortex.o
 .debug_abbrev  0x0000000000001ee4      0x228 ./Drivers/STM32F1xx_HAL_Driver/Src/stm32f1xx_hal_dma.o
 .debug_abbrev  0x000000000000210c      0x23e ./Drivers/STM32F1xx_HAL_Driver/Src/stm32f1xx_hal_flash.o
 .debug_abbrev  0x000000000000234a      0x249 ./Drivers/STM32F1xx_HAL_Driver/Src/stm32f1xx_hal_flash_ex.o
 .debug_abbrev  0x0000000000002593      0x1e8 ./Drivers/STM32F1xx_HAL_Driver/Src/stm32f1xx_hal_gpio.o
 .debug_abbrev  0x000000000000277b      0x288 ./Drivers/STM32F1xx_HAL_Driver/Src/stm32f1xx_hal_i2c.o
 .debug_abbrev  0x0000000000002a03      0x273 ./Drivers/STM32F1xx_HAL_Driver/Src/stm32f1xx_hal_rcc.o
 .debug_abbrev  0x0000000000002c76      0x26e ./Drivers/STM32F1xx_HAL_Driver/Src/stm32f1xx_hal_spi.o
 .debug_abbrev  0x0000000000002ee4      0x28b ./Drivers/STM32F1xx_HAL_Driver/Src/stm32f1xx_hal_uart.o

.debug_aranges  0x0000000000000000      0xe50
 .debug_aranges
                0x0000000000000000       0x28 ./Core/Src/crc16.o
 .debug_aranges
                0x0000000000000028       0x20 ./Core/Src/dma.o
 .debug_aranges
                0x0000000000000048       0x40 ./Core/Src/flash_if.o
 .debug_aranges
                0x0000000000000088       0x20 ./Core/Src/gpio.o
 .debug_aranges
                0x00000000000000a8       0x30 ./Core/Src/i2c.o
 .debug_aranges
                0x00000000000000d8       0x30 ./Core/Src/io.o
 .debug_aranges
                0x0000000000000108       0x48 ./Core/Src/main.o
 .debug_aranges
                0x0000000000000150       0x90 ./Core/Src/rt_bus_proto.o
 .debug_aranges
                0x00000000000001e0       0x30 ./Core/Src/spi.o
 .debug_aranges
                0x0000000000000210       0x20 ./Core/Src/stm32f1xx_hal_msp.o
 .debug_aranges
                0x0000000000000230       0x88 ./Core/Src/stm32f1xx_it.o
 .debug_aranges
                0x00000000000002b8       0x20 ./Core/Src/sysmem.o
 .debug_aranges
                0x00000000000002d8       0x28 ./Core/Src/system_stm32f1xx.o
 .debug_aranges
                0x0000000000000300       0x50 ./Core/Src/usart.o
 .debug_aranges
                0x0000000000000350       0x28 ./Core/Startup/startup_stm32f103rctx.o
 .debug_aranges
                0x0000000000000378       0xe0 ./Drivers/STM32F1xx_HAL_Driver/Src/stm32f1xx_hal.o
 .debug_aranges
                0x0000000000000458      0x100 ./Drivers/STM32F1xx_HAL_Driver/Src/stm32f1xx_hal_cortex.o
 .debug_aranges
                0x0000000000000558       0x80 ./Drivers/STM32F1xx_HAL_Driver/Src/stm32f1xx_hal_dma.o
 .debug_aranges
                0x00000000000005d8       0x88 ./Drivers/STM32F1xx_HAL_Driver/Src/stm32f1xx_hal_flash.o
 .debug_aranges
                0x0000000000000660       0x98 ./Drivers/STM32F1xx_HAL_Driver/Src/stm32f1xx_hal_flash_ex.o
 .debug_aranges
                0x00000000000006f8       0x58 ./Drivers/STM32F1xx_HAL_Driver/Src/stm32f1xx_hal_gpio.o
 .debug_aranges
                0x0000000000000750      0x2a0 ./Drivers/STM32F1xx_HAL_Driver/Src/stm32f1xx_hal_i2c.o
 .debug_aranges
                0x00000000000009f0       0x90 ./Drivers/STM32F1xx_HAL_Driver/Src/stm32f1xx_hal_rcc.o
 .debug_aranges
                0x0000000000000a80      0x1d0 ./Drivers/STM32F1xx_HAL_Driver/Src/stm32f1xx_hal_spi.o
 .debug_aranges
                0x0000000000000c50      0x200 ./Drivers/STM32F1xx_HAL_Driver/Src/stm32f1xx_hal_uart.o

.debug_ranges   0x0000000000000000      0xd38
 .debug_ranges  0x0000000000000000       0x18 ./Core/Src/crc16.o
 .debug_ranges  0x0000000000000018       0x10 ./Core/Src/dma.o
 .debug_ranges  0x0000000000000028       0x30 ./Core/Src/flash_if.o
 .debug_ranges  0x0000000000000058       0x10 ./Core/Src/gpio.o
 .debug_ranges  0x0000000000000068       0x20 ./Core/Src/i2c.o
 .debug_ranges  0x0000000000000088       0x20 ./Core/Src/io.o
 .debug_ranges  0x00000000000000a8       0x38 ./Core/Src/main.o
 .debug_ranges  0x00000000000000e0       0x98 ./Core/Src/rt_bus_proto.o
 .debug_ranges  0x0000000000000178       0x20 ./Core/Src/spi.o
 .debug_ranges  0x0000000000000198       0x10 ./Core/Src/stm32f1xx_hal_msp.o
 .debug_ranges  0x00000000000001a8       0x78 ./Core/Src/stm32f1xx_it.o
 .debug_ranges  0x0000000000000220       0x10 ./Core/Src/sysmem.o
 .debug_ranges  0x0000000000000230       0x18 ./Core/Src/system_stm32f1xx.o
 .debug_ranges  0x0000000000000248       0x40 ./Core/Src/usart.o
 .debug_ranges  0x0000000000000288       0x20 ./Core/Startup/startup_stm32f103rctx.o
 .debug_ranges  0x00000000000002a8       0xd0 ./Drivers/STM32F1xx_HAL_Driver/Src/stm32f1xx_hal.o
 .debug_ranges  0x0000000000000378       0xf0 ./Drivers/STM32F1xx_HAL_Driver/Src/stm32f1xx_hal_cortex.o
 .debug_ranges  0x0000000000000468       0x70 ./Drivers/STM32F1xx_HAL_Driver/Src/stm32f1xx_hal_dma.o
 .debug_ranges  0x00000000000004d8       0x78 ./Drivers/STM32F1xx_HAL_Driver/Src/stm32f1xx_hal_flash.o
 .debug_ranges  0x0000000000000550       0x88 ./Drivers/STM32F1xx_HAL_Driver/Src/stm32f1xx_hal_flash_ex.o
 .debug_ranges  0x00000000000005d8       0x48 ./Drivers/STM32F1xx_HAL_Driver/Src/stm32f1xx_hal_gpio.o
 .debug_ranges  0x0000000000000620      0x2b8 ./Drivers/STM32F1xx_HAL_Driver/Src/stm32f1xx_hal_i2c.o
 .debug_ranges  0x00000000000008d8       0x80 ./Drivers/STM32F1xx_HAL_Driver/Src/stm32f1xx_hal_rcc.o
 .debug_ranges  0x0000000000000958      0x1c0 ./Drivers/STM32F1xx_HAL_Driver/Src/stm32f1xx_hal_spi.o
 .debug_ranges  0x0000000000000b18      0x220 ./Drivers/STM32F1xx_HAL_Driver/Src/stm32f1xx_hal_uart.o

.debug_macro    0x0000000000000000    0x1bc6d
 .debug_macro   0x0000000000000000      0x1ac ./Core/Src/crc16.o
 .debug_macro   0x00000000000001ac      0xa9c ./Core/Src/crc16.o
 .debug_macro   0x0000000000000c48      0x227 ./Core/Src/crc16.o
 .debug_macro   0x0000000000000e6f       0x2e ./Core/Src/crc16.o
 .debug_macro   0x0000000000000e9d       0x22 ./Core/Src/crc16.o
 .debug_macro   0x0000000000000ebf       0x22 ./Core/Src/crc16.o
 .debug_macro   0x0000000000000ee1       0x8e ./Core/Src/crc16.o
 .debug_macro   0x0000000000000f6f       0x51 ./Core/Src/crc16.o
 .debug_macro   0x0000000000000fc0      0x103 ./Core/Src/crc16.o
 .debug_macro   0x00000000000010c3       0x6a ./Core/Src/crc16.o
 .debug_macro   0x000000000000112d      0x1df ./Core/Src/crc16.o
 .debug_macro   0x000000000000130c       0x1c ./Core/Src/crc16.o
 .debug_macro   0x0000000000001328       0x22 ./Core/Src/crc16.o
 .debug_macro   0x000000000000134a       0xc3 ./Core/Src/crc16.o
 .debug_macro   0x000000000000140d      0xd23 ./Core/Src/crc16.o
 .debug_macro   0x0000000000002130     0xfd8c ./Core/Src/crc16.o
 .debug_macro   0x0000000000011ebc       0x6d ./Core/Src/crc16.o
 .debug_macro   0x0000000000011f29     0x3468 ./Core/Src/crc16.o
 .debug_macro   0x0000000000015391      0x174 ./Core/Src/crc16.o
 .debug_macro   0x0000000000015505       0x5c ./Core/Src/crc16.o
 .debug_macro   0x0000000000015561      0x5be ./Core/Src/crc16.o
 .debug_macro   0x0000000000015b1f      0x4d5 ./Core/Src/crc16.o
 .debug_macro   0x0000000000015ff4      0x1cb ./Core/Src/crc16.o
 .debug_macro   0x00000000000161bf      0x114 ./Core/Src/crc16.o
 .debug_macro   0x00000000000162d3      0x1ea ./Core/Src/crc16.o
 .debug_macro   0x00000000000164bd       0x27 ./Core/Src/crc16.o
 .debug_macro   0x00000000000164e4      0x144 ./Core/Src/crc16.o
 .debug_macro   0x0000000000016628      0x1bc ./Core/Src/crc16.o
 .debug_macro   0x00000000000167e4       0x30 ./Core/Src/crc16.o
 .debug_macro   0x0000000000016814       0x3c ./Core/Src/crc16.o
 .debug_macro   0x0000000000016850       0x57 ./Core/Src/crc16.o
 .debug_macro   0x00000000000168a7       0x88 ./Core/Src/crc16.o
 .debug_macro   0x000000000001692f      0x24f ./Core/Src/crc16.o
 .debug_macro   0x0000000000016b7e      0x287 ./Core/Src/crc16.o
 .debug_macro   0x0000000000016e05      0x141 ./Core/Src/crc16.o
 .debug_macro   0x0000000000016f46      0x217 ./Core/Src/crc16.o
 .debug_macro   0x000000000001715d      0x279 ./Core/Src/crc16.o
 .debug_macro   0x00000000000173d6       0xb5 ./Core/Src/crc16.o
 .debug_macro   0x000000000001748b      0x1e1 ./Core/Src/dma.o
 .debug_macro   0x000000000001766c      0x355 ./Core/Src/dma.o
 .debug_macro   0x00000000000179c1       0x4c ./Core/Src/dma.o
 .debug_macro   0x0000000000017a0d       0xa6 ./Core/Src/dma.o
 .debug_macro   0x0000000000017ab3      0x1b1 ./Core/Src/flash_if.o
 .debug_macro   0x0000000000017c64      0x34f ./Core/Src/flash_if.o
 .debug_macro   0x0000000000017fb3      0x1e1 ./Core/Src/gpio.o
 .debug_macro   0x0000000000018194      0x1e1 ./Core/Src/i2c.o
 .debug_macro   0x0000000000018375      0x1ee ./Core/Src/io.o
 .debug_macro   0x0000000000018563      0x15a ./Core/Src/io.o
 .debug_macro   0x00000000000186bd      0x3b4 ./Core/Src/main.o
 .debug_macro   0x0000000000018a71       0x52 ./Core/Src/main.o
 .debug_macro   0x0000000000018ac3       0x18 ./Core/Src/main.o
 .debug_macro   0x0000000000018adb       0x3c ./Core/Src/main.o
 .debug_macro   0x0000000000018b17       0x34 ./Core/Src/main.o
 .debug_macro   0x0000000000018b4b       0x16 ./Core/Src/main.o
 .debug_macro   0x0000000000018b61       0x43 ./Core/Src/main.o
 .debug_macro   0x0000000000018ba4       0x34 ./Core/Src/main.o
 .debug_macro   0x0000000000018bd8       0x10 ./Core/Src/main.o
 .debug_macro   0x0000000000018be8       0x58 ./Core/Src/main.o
 .debug_macro   0x0000000000018c40       0x71 ./Core/Src/main.o
 .debug_macro   0x0000000000018cb1       0x1c ./Core/Src/main.o
 .debug_macro   0x0000000000018ccd      0x12a ./Core/Src/main.o
 .debug_macro   0x0000000000018df7      0x333 ./Core/Src/main.o
 .debug_macro   0x000000000001912a       0x10 ./Core/Src/main.o
 .debug_macro   0x000000000001913a       0x35 ./Core/Src/main.o
 .debug_macro   0x000000000001916f       0x20 ./Core/Src/main.o
 .debug_macro   0x000000000001918f       0x1c ./Core/Src/main.o
 .debug_macro   0x00000000000191ab       0x10 ./Core/Src/main.o
 .debug_macro   0x00000000000191bb       0x10 ./Core/Src/main.o
 .debug_macro   0x00000000000191cb       0x1c ./Core/Src/main.o
 .debug_macro   0x00000000000191e7       0x52 ./Core/Src/main.o
 .debug_macro   0x0000000000019239       0x22 ./Core/Src/main.o
 .debug_macro   0x000000000001925b       0x10 ./Core/Src/main.o
 .debug_macro   0x000000000001926b       0x40 ./Core/Src/main.o
 .debug_macro   0x00000000000192ab       0xd5 ./Core/Src/main.o
 .debug_macro   0x0000000000019380       0x1c ./Core/Src/main.o
 .debug_macro   0x000000000001939c       0x3d ./Core/Src/main.o
 .debug_macro   0x00000000000193d9       0x16 ./Core/Src/main.o
 .debug_macro   0x00000000000193ef      0x145 ./Core/Src/main.o
 .debug_macro   0x0000000000019534       0x70 ./Core/Src/main.o
 .debug_macro   0x00000000000195a4      0x39e ./Core/Src/rt_bus_proto.o
 .debug_macro   0x0000000000019942      0x339 ./Core/Src/rt_bus_proto.o
 .debug_macro   0x0000000000019c7b       0xbd ./Core/Src/rt_bus_proto.o
 .debug_macro   0x0000000000019d38       0x56 ./Core/Src/rt_bus_proto.o
 .debug_macro   0x0000000000019d8e      0x1e1 ./Core/Src/spi.o
 .debug_macro   0x0000000000019f6f      0x1d7 ./Core/Src/stm32f1xx_hal_msp.o
 .debug_macro   0x000000000001a146      0x1ee ./Core/Src/stm32f1xx_it.o
 .debug_macro   0x000000000001a334       0xff ./Core/Src/sysmem.o
 .debug_macro   0x000000000001a433      0x23b ./Core/Src/sysmem.o
 .debug_macro   0x000000000001a66e      0x1a2 ./Core/Src/system_stm32f1xx.o
 .debug_macro   0x000000000001a810      0x2ae ./Core/Src/usart.o
 .debug_macro   0x000000000001aabe       0x58 ./Core/Src/usart.o
 .debug_macro   0x000000000001ab16      0x1c6 ./Drivers/STM32F1xx_HAL_Driver/Src/stm32f1xx_hal.o
 .debug_macro   0x000000000001acdc      0x1a2 ./Drivers/STM32F1xx_HAL_Driver/Src/stm32f1xx_hal_cortex.o
 .debug_macro   0x000000000001ae7e      0x1a2 ./Drivers/STM32F1xx_HAL_Driver/Src/stm32f1xx_hal_dma.o
 .debug_macro   0x000000000001b020      0x1a2 ./Drivers/STM32F1xx_HAL_Driver/Src/stm32f1xx_hal_flash.o
 .debug_macro   0x000000000001b1c2      0x1b4 ./Drivers/STM32F1xx_HAL_Driver/Src/stm32f1xx_hal_flash_ex.o
 .debug_macro   0x000000000001b376      0x20d ./Drivers/STM32F1xx_HAL_Driver/Src/stm32f1xx_hal_gpio.o
 .debug_macro   0x000000000001b583      0x1e9 ./Drivers/STM32F1xx_HAL_Driver/Src/stm32f1xx_hal_i2c.o
 .debug_macro   0x000000000001b76c      0x1b4 ./Drivers/STM32F1xx_HAL_Driver/Src/stm32f1xx_hal_rcc.o
 .debug_macro   0x000000000001b920      0x1aa ./Drivers/STM32F1xx_HAL_Driver/Src/stm32f1xx_hal_spi.o
 .debug_macro   0x000000000001baca      0x1a3 ./Drivers/STM32F1xx_HAL_Driver/Src/stm32f1xx_hal_uart.o

.debug_line     0x0000000000000000    0x12f67
 .debug_line    0x0000000000000000      0x6b3 ./Core/Src/crc16.o
 .debug_line    0x00000000000006b3      0x69f ./Core/Src/dma.o
 .debug_line    0x0000000000000d52      0x7cc ./Core/Src/flash_if.o
 .debug_line    0x000000000000151e      0x6d7 ./Core/Src/gpio.o
 .debug_line    0x0000000000001bf5      0x705 ./Core/Src/i2c.o
 .debug_line    0x00000000000022fa      0x702 ./Core/Src/io.o
 .debug_line    0x00000000000029fc      0x9db ./Core/Src/main.o
 .debug_line    0x00000000000033d7      0xdcb ./Core/Src/rt_bus_proto.o
 .debug_line    0x00000000000041a2      0x761 ./Core/Src/spi.o
 .debug_line    0x0000000000004903      0x6a1 ./Core/Src/stm32f1xx_hal_msp.o
 .debug_line    0x0000000000004fa4      0x7f0 ./Core/Src/stm32f1xx_it.o
 .debug_line    0x0000000000005794      0x4f8 ./Core/Src/sysmem.o
 .debug_line    0x0000000000005c8c      0x6f8 ./Core/Src/system_stm32f1xx.o
 .debug_line    0x0000000000006384      0x916 ./Core/Src/usart.o
 .debug_line    0x0000000000006c9a       0x87 ./Core/Startup/startup_stm32f103rctx.o
 .debug_line    0x0000000000006d21      0x925 ./Drivers/STM32F1xx_HAL_Driver/Src/stm32f1xx_hal.o
 .debug_line    0x0000000000007646      0xb0d ./Drivers/STM32F1xx_HAL_Driver/Src/stm32f1xx_hal_cortex.o
 .debug_line    0x0000000000008153     0x124f ./Drivers/STM32F1xx_HAL_Driver/Src/stm32f1xx_hal_dma.o
 .debug_line    0x00000000000093a2      0xa02 ./Drivers/STM32F1xx_HAL_Driver/Src/stm32f1xx_hal_flash.o
 .debug_line    0x0000000000009da4      0xaf3 ./Drivers/STM32F1xx_HAL_Driver/Src/stm32f1xx_hal_flash_ex.o
 .debug_line    0x000000000000a897      0x9e4 ./Drivers/STM32F1xx_HAL_Driver/Src/stm32f1xx_hal_gpio.o
 .debug_line    0x000000000000b27b     0x3a0f ./Drivers/STM32F1xx_HAL_Driver/Src/stm32f1xx_hal_i2c.o
 .debug_line    0x000000000000ec8a      0xd33 ./Drivers/STM32F1xx_HAL_Driver/Src/stm32f1xx_hal_rcc.o
 .debug_line    0x000000000000f9bd     0x1baa ./Drivers/STM32F1xx_HAL_Driver/Src/stm32f1xx_hal_spi.o
 .debug_line    0x0000000000011567     0x1a00 ./Drivers/STM32F1xx_HAL_Driver/Src/stm32f1xx_hal_uart.o

.debug_str      0x0000000000000000    0x9802f
 .debug_str     0x0000000000000000    0x8d464 ./Core/Src/crc16.o
                                      0x8d873 (size before relaxing)
 .debug_str     0x000000000008d464     0x22ac ./Core/Src/dma.o
                                      0x8fc19 (size before relaxing)
 .debug_str     0x000000000008f710      0x2ee ./Core/Src/flash_if.o
                                      0x8f2e9 (size before relaxing)
 .debug_str     0x000000000008f9fe       0x85 ./Core/Src/gpio.o
                                      0x8fc7b (size before relaxing)
 .debug_str     0x000000000008fa83      0x282 ./Core/Src/i2c.o
                                      0x8fb6d (size before relaxing)
 .debug_str     0x000000000008fd05      0x8fd ./Core/Src/io.o
                                      0x90149 (size before relaxing)
 .debug_str     0x0000000000090602     0x4497 ./Core/Src/main.o
                                      0x948e0 (size before relaxing)
 .debug_str     0x0000000000094a99      0x471 ./Core/Src/rt_bus_proto.o
                                      0x948bf (size before relaxing)
 .debug_str     0x0000000000094f0a       0x4b ./Core/Src/spi.o
                                      0x8fe59 (size before relaxing)
 .debug_str     0x0000000000094f55       0x50 ./Core/Src/stm32f1xx_hal_msp.o
                                      0x8f891 (size before relaxing)
 .debug_str     0x0000000000094fa5      0x14b ./Core/Src/stm32f1xx_it.o
                                      0x90212 (size before relaxing)
 .debug_str     0x00000000000950f0      0x4e9 ./Core/Src/sysmem.o
                                       0x6281 (size before relaxing)
 .debug_str     0x00000000000955d9       0x52 ./Core/Src/system_stm32f1xx.o
                                      0x8d8a1 (size before relaxing)
 .debug_str     0x000000000009562b      0x161 ./Core/Src/usart.o
                                      0x92c9b (size before relaxing)
 .debug_str     0x000000000009578c       0x36 ./Core/Startup/startup_stm32f103rctx.o
                                         0x95 (size before relaxing)
 .debug_str     0x00000000000957c2      0x2cd ./Drivers/STM32F1xx_HAL_Driver/Src/stm32f1xx_hal.o
                                      0x8e016 (size before relaxing)
 .debug_str     0x0000000000095a8f      0x2a6 ./Drivers/STM32F1xx_HAL_Driver/Src/stm32f1xx_hal_cortex.o
                                      0x8e01e (size before relaxing)
 .debug_str     0x0000000000095d35      0x23a ./Drivers/STM32F1xx_HAL_Driver/Src/stm32f1xx_hal_dma.o
                                      0x8dc7c (size before relaxing)
 .debug_str     0x0000000000095f6f      0x286 ./Drivers/STM32F1xx_HAL_Driver/Src/stm32f1xx_hal_flash.o
                                      0x8db77 (size before relaxing)
 .debug_str     0x00000000000961f5      0x2b9 ./Drivers/STM32F1xx_HAL_Driver/Src/stm32f1xx_hal_flash_ex.o
                                      0x8dd3b (size before relaxing)
 .debug_str     0x00000000000964ae      0x2ff ./Drivers/STM32F1xx_HAL_Driver/Src/stm32f1xx_hal_gpio.o
                                      0x8dc65 (size before relaxing)
 .debug_str     0x00000000000967ad      0xb3f ./Drivers/STM32F1xx_HAL_Driver/Src/stm32f1xx_hal_i2c.o
                                      0x8e8dd (size before relaxing)
 .debug_str     0x00000000000972ec      0x244 ./Drivers/STM32F1xx_HAL_Driver/Src/stm32f1xx_hal_rcc.o
                                      0x8dc9e (size before relaxing)
 .debug_str     0x0000000000097530      0x515 ./Drivers/STM32F1xx_HAL_Driver/Src/stm32f1xx_hal_spi.o
                                      0x8e1b3 (size before relaxing)
 .debug_str     0x0000000000097a45      0x5ea ./Drivers/STM32F1xx_HAL_Driver/Src/stm32f1xx_hal_uart.o
                                      0x8e290 (size before relaxing)

.comment        0x0000000000000000       0x53
 .comment       0x0000000000000000       0x53 ./Core/Src/crc16.o
                                         0x54 (size before relaxing)
 .comment       0x0000000000000053       0x54 ./Core/Src/dma.o
 .comment       0x0000000000000053       0x54 ./Core/Src/flash_if.o
 .comment       0x0000000000000053       0x54 ./Core/Src/gpio.o
 .comment       0x0000000000000053       0x54 ./Core/Src/i2c.o
 .comment       0x0000000000000053       0x54 ./Core/Src/io.o
 .comment       0x0000000000000053       0x54 ./Core/Src/main.o
 .comment       0x0000000000000053       0x54 ./Core/Src/rt_bus_proto.o
 .comment       0x0000000000000053       0x54 ./Core/Src/spi.o
 .comment       0x0000000000000053       0x54 ./Core/Src/stm32f1xx_hal_msp.o
 .comment       0x0000000000000053       0x54 ./Core/Src/stm32f1xx_it.o
 .comment       0x0000000000000053       0x54 ./Core/Src/sysmem.o
 .comment       0x0000000000000053       0x54 ./Core/Src/system_stm32f1xx.o
 .comment       0x0000000000000053       0x54 ./Core/Src/usart.o
 .comment       0x0000000000000053       0x54 ./Drivers/STM32F1xx_HAL_Driver/Src/stm32f1xx_hal.o
 .comment       0x0000000000000053       0x54 ./Drivers/STM32F1xx_HAL_Driver/Src/stm32f1xx_hal_cortex.o
 .comment       0x0000000000000053       0x54 ./Drivers/STM32F1xx_HAL_Driver/Src/stm32f1xx_hal_dma.o
 .comment       0x0000000000000053       0x54 ./Drivers/STM32F1xx_HAL_Driver/Src/stm32f1xx_hal_flash.o
 .comment       0x0000000000000053       0x54 ./Drivers/STM32F1xx_HAL_Driver/Src/stm32f1xx_hal_flash_ex.o
 .comment       0x0000000000000053       0x54 ./Drivers/STM32F1xx_HAL_Driver/Src/stm32f1xx_hal_gpio.o
 .comment       0x0000000000000053       0x54 ./Drivers/STM32F1xx_HAL_Driver/Src/stm32f1xx_hal_i2c.o
 .comment       0x0000000000000053       0x54 ./Drivers/STM32F1xx_HAL_Driver/Src/stm32f1xx_hal_rcc.o
 .comment       0x0000000000000053       0x54 ./Drivers/STM32F1xx_HAL_Driver/Src/stm32f1xx_hal_spi.o
 .comment       0x0000000000000053       0x54 ./Drivers/STM32F1xx_HAL_Driver/Src/stm32f1xx_hal_uart.o

.debug_frame    0x0000000000000000     0x3cc0
 .debug_frame   0x0000000000000000       0x5c ./Core/Src/crc16.o
 .debug_frame   0x000000000000005c       0x34 ./Core/Src/dma.o
 .debug_frame   0x0000000000000090       0xbc ./Core/Src/flash_if.o
 .debug_frame   0x000000000000014c       0x34 ./Core/Src/gpio.o
 .debug_frame   0x0000000000000180       0x74 ./Core/Src/i2c.o
 .debug_frame   0x00000000000001f4       0x7c ./Core/Src/io.o
 .debug_frame   0x0000000000000270       0xcc ./Core/Src/main.o
 .debug_frame   0x000000000000033c      0x250 ./Core/Src/rt_bus_proto.o
 .debug_frame   0x000000000000058c       0x74 ./Core/Src/spi.o
 .debug_frame   0x0000000000000600       0x38 ./Core/Src/stm32f1xx_hal_msp.o
 .debug_frame   0x0000000000000638      0x198 ./Core/Src/stm32f1xx_it.o
 .debug_frame   0x00000000000007d0       0x34 ./Core/Src/sysmem.o
 .debug_frame   0x0000000000000804       0x58 ./Core/Src/system_stm32f1xx.o
 .debug_frame   0x000000000000085c      0x134 ./Core/Src/usart.o
 .debug_frame   0x0000000000000990      0x334 ./Drivers/STM32F1xx_HAL_Driver/Src/stm32f1xx_hal.o
 .debug_frame   0x0000000000000cc4      0x428 ./Drivers/STM32F1xx_HAL_Driver/Src/stm32f1xx_hal_cortex.o
 .debug_frame   0x00000000000010ec      0x20c ./Drivers/STM32F1xx_HAL_Driver/Src/stm32f1xx_hal_dma.o
 .debug_frame   0x00000000000012f8      0x20c ./Drivers/STM32F1xx_HAL_Driver/Src/stm32f1xx_hal_flash.o
 .debug_frame   0x0000000000001504      0x258 ./Drivers/STM32F1xx_HAL_Driver/Src/stm32f1xx_hal_flash_ex.o
 .debug_frame   0x000000000000175c      0x14c ./Drivers/STM32F1xx_HAL_Driver/Src/stm32f1xx_hal_gpio.o
 .debug_frame   0x00000000000018a8      0xc5c ./Drivers/STM32F1xx_HAL_Driver/Src/stm32f1xx_hal_i2c.o
 .debug_frame   0x0000000000002504      0x21c ./Drivers/STM32F1xx_HAL_Driver/Src/stm32f1xx_hal_rcc.o
 .debug_frame   0x0000000000002720      0x824 ./Drivers/STM32F1xx_HAL_Driver/Src/stm32f1xx_hal_spi.o
 .debug_frame   0x0000000000002f44      0x914 ./Drivers/STM32F1xx_HAL_Driver/Src/stm32f1xx_hal_uart.o
 .debug_frame   0x0000000000003858       0x20 c:/st/stm32cubeide_1.7.0/stm32cubeide/plugins/com.st.stm32cube.ide.mcu.externaltools.gnu-tools-for-stm32.9-2020-q2-update.win32_2.0.0.202105311346/tools/bin/../lib/gcc/arm-none-eabi/9.3.1/../../../../arm-none-eabi/lib/thumb/v7-m/nofp\libc_nano.a(lib_a-errno.o)
 .debug_frame   0x0000000000003878       0x2c c:/st/stm32cubeide_1.7.0/stm32cubeide/plugins/com.st.stm32cube.ide.mcu.externaltools.gnu-tools-for-stm32.9-2020-q2-update.win32_2.0.0.202105311346/tools/bin/../lib/gcc/arm-none-eabi/9.3.1/../../../../arm-none-eabi/lib/thumb/v7-m/nofp\libc_nano.a(lib_a-init.o)
 .debug_frame   0x00000000000038a4       0x2c c:/st/stm32cubeide_1.7.0/stm32cubeide/plugins/com.st.stm32cube.ide.mcu.externaltools.gnu-tools-for-stm32.9-2020-q2-update.win32_2.0.0.202105311346/tools/bin/../lib/gcc/arm-none-eabi/9.3.1/../../../../arm-none-eabi/lib/thumb/v7-m/nofp\libc_nano.a(lib_a-memcmp.o)
 .debug_frame   0x00000000000038d0       0x28 c:/st/stm32cubeide_1.7.0/stm32cubeide/plugins/com.st.stm32cube.ide.mcu.externaltools.gnu-tools-for-stm32.9-2020-q2-update.win32_2.0.0.202105311346/tools/bin/../lib/gcc/arm-none-eabi/9.3.1/../../../../arm-none-eabi/lib/thumb/v7-m/nofp\libc_nano.a(lib_a-memcpy-stub.o)
 .debug_frame   0x00000000000038f8       0x20 c:/st/stm32cubeide_1.7.0/stm32cubeide/plugins/com.st.stm32cube.ide.mcu.externaltools.gnu-tools-for-stm32.9-2020-q2-update.win32_2.0.0.202105311346/tools/bin/../lib/gcc/arm-none-eabi/9.3.1/../../../../arm-none-eabi/lib/thumb/v7-m/nofp\libc_nano.a(lib_a-memset.o)
 .debug_frame   0x0000000000003918       0x3c c:/st/stm32cubeide_1.7.0/stm32cubeide/plugins/com.st.stm32cube.ide.mcu.externaltools.gnu-tools-for-stm32.9-2020-q2-update.win32_2.0.0.202105311346/tools/bin/../lib/gcc/arm-none-eabi/9.3.1/../../../../arm-none-eabi/lib/thumb/v7-m/nofp\libc_nano.a(lib_a-vsprintf.o)
 .debug_frame   0x0000000000003954       0x90 c:/st/stm32cubeide_1.7.0/stm32cubeide/plugins/com.st.stm32cube.ide.mcu.externaltools.gnu-tools-for-stm32.9-2020-q2-update.win32_2.0.0.202105311346/tools/bin/../lib/gcc/arm-none-eabi/9.3.1/../../../../arm-none-eabi/lib/thumb/v7-m/nofp\libc_nano.a(lib_a-nano-svfprintf.o)
 .debug_frame   0x00000000000039e4       0x60 c:/st/stm32cubeide_1.7.0/stm32cubeide/plugins/com.st.stm32cube.ide.mcu.externaltools.gnu-tools-for-stm32.9-2020-q2-update.win32_2.0.0.202105311346/tools/bin/../lib/gcc/arm-none-eabi/9.3.1/../../../../arm-none-eabi/lib/thumb/v7-m/nofp\libc_nano.a(lib_a-nano-vfprintf_i.o)
 .debug_frame   0x0000000000003a44       0x28 c:/st/stm32cubeide_1.7.0/stm32cubeide/plugins/com.st.stm32cube.ide.mcu.externaltools.gnu-tools-for-stm32.9-2020-q2-update.win32_2.0.0.202105311346/tools/bin/../lib/gcc/arm-none-eabi/9.3.1/../../../../arm-none-eabi/lib/thumb/v7-m/nofp\libc_nano.a(lib_a-memchr-stub.o)
 .debug_frame   0x0000000000003a6c       0x28 c:/st/stm32cubeide_1.7.0/stm32cubeide/plugins/com.st.stm32cube.ide.mcu.externaltools.gnu-tools-for-stm32.9-2020-q2-update.win32_2.0.0.202105311346/tools/bin/../lib/gcc/arm-none-eabi/9.3.1/../../../../arm-none-eabi/lib/thumb/v7-m/nofp\libc_nano.a(lib_a-memmove.o)