Archive member included to satisfy reference by file (symbol)

c:/st/stm32cubeide_1.7.0/stm32cubeide/plugins/com.st.stm32cube.ide.mcu.externaltools.gnu-tools-for-stm32.9-2020-q2-update.win32_2.0.0.202105311346/tools/bin/../lib/gcc/arm-none-eabi/9.3.1/../../../../arm-none-eabi/lib/thumb/v7-m/nofp\libc_nano.a(lib_a-errno.o)
                              ./Core/Src/syscalls.o (__errno)
c:/st/stm32cubeide_1.7.0/stm32cubeide/plugins/com.st.stm32cube.ide.mcu.externaltools.gnu-tools-for-stm32.9-2020-q2-update.win32_2.0.0.202105311346/tools/bin/../lib/gcc/arm-none-eabi/9.3.1/../../../../arm-none-eabi/lib/thumb/v7-m/nofp\libc_nano.a(lib_a-exit.o)
                              c:/st/stm32cubeide_1.7.0/stm32cubeide/plugins/com.st.stm32cube.ide.mcu.externaltools.gnu-tools-for-stm32.9-2020-q2-update.win32_2.0.0.202105311346/tools/bin/../lib/gcc/arm-none-eabi/9.3.1/../../../../arm-none-eabi/lib/thumb/v7-m/nofp/crt0.o (exit)
c:/st/stm32cubeide_1.7.0/stm32cubeide/plugins/com.st.stm32cube.ide.mcu.externaltools.gnu-tools-for-stm32.9-2020-q2-update.win32_2.0.0.202105311346/tools/bin/../lib/gcc/arm-none-eabi/9.3.1/../../../../arm-none-eabi/lib/thumb/v7-m/nofp\libc_nano.a(lib_a-impure.o)
                              c:/st/stm32cubeide_1.7.0/stm32cubeide/plugins/com.st.stm32cube.ide.mcu.externaltools.gnu-tools-for-stm32.9-2020-q2-update.win32_2.0.0.202105311346/tools/bin/../lib/gcc/arm-none-eabi/9.3.1/../../../../arm-none-eabi/lib/thumb/v7-m/nofp\libc_nano.a(lib_a-exit.o) (_global_impure_ptr)
c:/st/stm32cubeide_1.7.0/stm32cubeide/plugins/com.st.stm32cube.ide.mcu.externaltools.gnu-tools-for-stm32.9-2020-q2-update.win32_2.0.0.202105311346/tools/bin/../lib/gcc/arm-none-eabi/9.3.1/../../../../arm-none-eabi/lib/thumb/v7-m/nofp\libc_nano.a(lib_a-init.o)
                              c:/st/stm32cubeide_1.7.0/stm32cubeide/plugins/com.st.stm32cube.ide.mcu.externaltools.gnu-tools-for-stm32.9-2020-q2-update.win32_2.0.0.202105311346/tools/bin/../lib/gcc/arm-none-eabi/9.3.1/../../../../arm-none-eabi/lib/thumb/v7-m/nofp/crt0.o (__libc_init_array)
c:/st/stm32cubeide_1.7.0/stm32cubeide/plugins/com.st.stm32cube.ide.mcu.externaltools.gnu-tools-for-stm32.9-2020-q2-update.win32_2.0.0.202105311346/tools/bin/../lib/gcc/arm-none-eabi/9.3.1/../../../../arm-none-eabi/lib/thumb/v7-m/nofp\libc_nano.a(lib_a-memcmp.o)
                              ./Core/Src/iap.o (memcmp)
c:/st/stm32cubeide_1.7.0/stm32cubeide/plugins/com.st.stm32cube.ide.mcu.externaltools.gnu-tools-for-stm32.9-2020-q2-update.win32_2.0.0.202105311346/tools/bin/../lib/gcc/arm-none-eabi/9.3.1/../../../../arm-none-eabi/lib/thumb/v7-m/nofp\libc_nano.a(lib_a-memcpy-stub.o)
                              ./Core/Src/aes.o (memcpy)
c:/st/stm32cubeide_1.7.0/stm32cubeide/plugins/com.st.stm32cube.ide.mcu.externaltools.gnu-tools-for-stm32.9-2020-q2-update.win32_2.0.0.202105311346/tools/bin/../lib/gcc/arm-none-eabi/9.3.1/../../../../arm-none-eabi/lib/thumb/v7-m/nofp\libc_nano.a(lib_a-memset.o)
                              c:/st/stm32cubeide_1.7.0/stm32cubeide/plugins/com.st.stm32cube.ide.mcu.externaltools.gnu-tools-for-stm32.9-2020-q2-update.win32_2.0.0.202105311346/tools/bin/../lib/gcc/arm-none-eabi/9.3.1/../../../../arm-none-eabi/lib/thumb/v7-m/nofp/crt0.o (memset)
c:/st/stm32cubeide_1.7.0/stm32cubeide/plugins/com.st.stm32cube.ide.mcu.externaltools.gnu-tools-for-stm32.9-2020-q2-update.win32_2.0.0.202105311346/tools/bin/../lib/gcc/arm-none-eabi/9.3.1/../../../../arm-none-eabi/lib/thumb/v7-m/nofp\libc_nano.a(lib_a-strlen.o)
                              ./Core/Src/usart.o (strlen)
c:/st/stm32cubeide_1.7.0/stm32cubeide/plugins/com.st.stm32cube.ide.mcu.externaltools.gnu-tools-for-stm32.9-2020-q2-update.win32_2.0.0.202105311346/tools/bin/../lib/gcc/arm-none-eabi/9.3.1/../../../../arm-none-eabi/lib/thumb/v7-m/nofp\libc_nano.a(lib_a-vsprintf.o)
                              ./Core/Src/usart.o (vsprintf)
c:/st/stm32cubeide_1.7.0/stm32cubeide/plugins/com.st.stm32cube.ide.mcu.externaltools.gnu-tools-for-stm32.9-2020-q2-update.win32_2.0.0.202105311346/tools/bin/../lib/gcc/arm-none-eabi/9.3.1/../../../../arm-none-eabi/lib/thumb/v7-m/nofp\libc_nano.a(lib_a-nano-svfprintf.o)
                              c:/st/stm32cubeide_1.7.0/stm32cubeide/plugins/com.st.stm32cube.ide.mcu.externaltools.gnu-tools-for-stm32.9-2020-q2-update.win32_2.0.0.202105311346/tools/bin/../lib/gcc/arm-none-eabi/9.3.1/../../../../arm-none-eabi/lib/thumb/v7-m/nofp\libc_nano.a(lib_a-vsprintf.o) (_svfprintf_r)
c:/st/stm32cubeide_1.7.0/stm32cubeide/plugins/com.st.stm32cube.ide.mcu.externaltools.gnu-tools-for-stm32.9-2020-q2-update.win32_2.0.0.202105311346/tools/bin/../lib/gcc/arm-none-eabi/9.3.1/../../../../arm-none-eabi/lib/thumb/v7-m/nofp\libc_nano.a(lib_a-nano-vfprintf_i.o)
[...]
Memory Configuration

Name             Origin             Length             Attributes
RAM              0x0000000020000000 0x000000000000c000 xrw
FLASH            0x0000000008000000 0x0000000000008000 xr
*default*        0x0000000000000000 0xffffffffffffffff

Linker script and memory map

LOAD c:/st/stm32cubeide_1.7.0/stm32cubeide/plugins/com.st.stm32cube.ide.mcu.externaltools.gnu-tools-for-stm32.9-2020-q2-update.win32_2.0.0.202105311346/tools/bin/../lib/gcc/arm-none-eabi/9.3.1/thumb/v7-m/nofp/crti.o
LOAD c:/st/stm32cubeide_1.7.0/stm32cubeide/plugins/com.st.stm32cube.ide.mcu.externaltools.gnu-tools-for-stm32.9-2020-q2-update.win32_2.0.0.202105311346/tools/bin/../lib/gcc/arm-none-eabi/9.3.1/thumb/v7-m/nofp/crtbegin.o
LOAD c:/st/stm32cubeide_1.7.0/stm32cubeide/plugins/com.st.stm32cube.ide.mcu.externaltools.gnu-tools-for-stm32.9-2020-q2-update.win32_2.0.0.202105311346/tools/bin/../lib/gcc/arm-none-eabi/9.3.1/../../../../arm-none-eabi/lib/thumb/v7-m/nofp/crt0.o
LOAD ./Core/Src/aes.o
LOAD ./Core/Src/crc16.o
LOAD ./Core/Src/dma.o
LOAD ./Core/Src/flash_if.o
LOAD ./Core/Src/gpio.o
LOAD ./Core/Src/i2c.o
LOAD ./Core/Src/iap.o
LOAD ./Core/Src/io.o
LOAD ./Core/Src/main.o
LOAD ./Core/Src/rt_bus_proto.o
LOAD ./Core/Src/rt_init.o
LOAD ./Core/Src/sha1.o
LOAD ./Core/Src/spi.o
LOAD ./Core/Src/stm32f1xx_hal_msp.o
LOAD ./Core/Src/stm32f1xx_it.o
LOAD ./Core/Src/syscalls.o
LOAD ./Core/Src/sysmem.o
LOAD ./Core/Src/system_stm32f1xx.o
LOAD ./Core/Src/usart.o
LOAD ./Core/Startup/startup_stm32f103rctx.o
LOAD ./Drivers/STM32F1xx_HAL_Driver/Src/stm32f1xx_hal.o
LOAD ./Drivers/STM32F1xx_HAL_Driver/Src/stm32f1xx_hal_cortex.o
LOAD ./Drivers/STM32F1xx_HAL_Driver/Src/stm32f1xx_hal_dma.o
LOAD ./Drivers/STM32F1xx_HAL_Driver/Src/stm32f1xx_hal_exti.o
LOAD ./Drivers/STM32F1xx_HAL_Driver/Src/stm32f1xx_hal_flash.o
LOAD ./Drivers/STM32F1xx_HAL_Driver/Src/stm32f1xx_hal_flash_ex.o
LOAD ./Drivers/STM32F1xx_HAL_Driver/Src/stm32f1xx_hal_gpio.o
LOAD ./Drivers/STM32F1xx_HAL_Driver/Src/stm32f1xx_hal_gpio_ex.o
LOAD ./Drivers/STM32F1xx_HAL_Driver/Src/stm32f1xx_hal_i2c.o
LOAD ./Drivers/STM32F1xx_HAL_Driver/Src/stm32f1xx_hal_pwr.o
LOAD ./Drivers/STM32F1xx_HAL_Driver/Src/stm32f1xx_hal_rcc.o
LOAD ./Drivers/STM32F1xx_HAL_Driver/Src/stm32f1xx_hal_rcc_ex.o
LOAD ./Drivers/STM32F1xx_HAL_Driver/Src/stm32f1xx_hal_spi.o
LOAD ./Drivers/STM32F1xx_HAL_Driver/Src/stm32f1xx_hal_tim.o
LOAD ./Drivers/STM32F1xx_HAL_Driver/Src/stm32f1xx_hal_tim_ex.o
LOAD ./Drivers/STM32F1xx_HAL_Driver/Src/stm32f1xx_hal_uart.o
START GROUP
LOAD c:/st/stm32cubeide_1.7.0/stm32cubeide/plugins/com.st.stm32cube.ide.mcu.externaltools.gnu-tools-for-stm32.9-2020-q2-update.win32_2.0.0.202105311346/tools/bin/../lib/gcc/arm-none-eabi/9.3.1/../../../../arm-none-eabi/lib/thumb/v7-m/nofp\libc_nano.a
LOAD c:/st/stm32cubeide_1.7.0/stm32cubeide/plugins/com.st.stm32cube.ide.mcu.externaltools.gnu-tools-for-stm32.9-2020-q2-update.win32_2.0.0.202105311346/tools/bin/../lib/gcc/arm-none-eabi/9.3.1/../../../../arm-none-eabi/lib/thumb/v7-m/nofp\libm.a
END GROUP
START GROUP
LOAD c:/st/stm32cubeide_1.7.0/stm32cubeide/plugins/com.st.stm32cube.ide.mcu.externaltools.gnu-tools-for-stm32.9-2020-q2-update.win32_2.0.0.202105311346/tools/bin/../lib/gcc/arm-none-eabi/9.3.1/thumb/v7-m/nofp\libgcc.a
LOAD c:/st/stm32cubeide_1.7.0/stm32cubeide/plugins/com.st.stm32cube.ide.mcu.externaltools.gnu-tools-for-stm32.9-2020-q2-update.win32_2.0.0.202105311346/tools/bin/../lib/gcc/arm-none-eabi/9.3.1/../../../../arm-none-eabi/lib/thumb/v7-m/nofp\libc_nano.a
END GROUP
START GROUP
LOAD c:/st/stm32cubeide_1.7.0/stm32cubeide/plugins/com.st.stm32cube.ide.mcu.externaltools.gnu-tools-for-stm32.9-2020-q2-update.win32_2.0.0.202105311346/tools/bin/../lib/gcc/arm-none-eabi/9.3.1/thumb/v7-m/nofp\libgcc.a
LOAD c:/st/stm32cubeide_1.7.0/stm32cubeide/plugins/com.st.stm32cube.ide.mcu.externaltools.gnu-tools-for-stm32.9-2020-q2-update.win32_2.0.0.202105311346/tools/bin/../lib/gcc/arm-none-eabi/9.3.1/../../../../arm-none-eabi/lib/thumb/v7-m/nofp\libc_nano.a
LOAD c:/st/stm32cubeide_1.7.0/stm32cubeide/plugins/com.st.stm32cube.ide.mcu.externaltools.gnu-tools-for-stm32.9-2020-q2-update.win32_2.0.0.202105311346/tools/bin/../lib/gcc/arm-none-eabi/9.3.1/../../../../arm-none-eabi/lib/thumb/v7-m/nofp\libnosys.a
END GROUP
START GROUP
LOAD c:/st/stm32cubeide_1.7.0/stm32cubeide/plugins/com.st.stm32cube.ide.mcu.externaltools.gnu-tools-for-stm32.9-2020-q2-update.win32_2.0.0.202105311346/tools/bin/../lib/gcc/arm-none-eabi/9.3.1/thumb/v7-m/nofp\libgcc.a
LOAD c:/st/stm32cubeide_1.7.0/stm32cubeide/plugins/com.st.stm32cube.ide.mcu.externaltools.gnu-tools-for-stm32.9-2020-q2-update.win32_2.0.0.202105311346/tools/bin/../lib/gcc/arm-none-eabi/9.3.1/../../../../arm-none-eabi/lib/thumb/v7-m/nofp\libc_nano.a
LOAD c:/st/stm32cubeide_1.7.0/stm32cubeide/plugins/com.st.stm32cube.ide.mcu.externaltools.gnu-tools-for-stm32.9-2020-q2-update.win32_2.0.0.202105311346/tools/bin/../lib/gcc/arm-none-eabi/9.3.1/../../../../arm-none-eabi/lib/thumb/v7-m/nofp\libnosys.a
END GROUP
LOAD c:/st/stm32cubeide_1.7.0/stm32cubeide/plugins/com.st.stm32cube.ide.mcu.externaltools.gnu-tools-for-stm32.9-2020-q2-update.win32_2.0.0.202105311346/tools/bin/../lib/gcc/arm-none-eabi/9.3.1/thumb/v7-m/nofp/crtend.o
LOAD c:/st/stm32cubeide_1.7.0/stm32cubeide/plugins/com.st.stm32cube.ide.mcu.externaltools.gnu-tools-for-stm32.9-2020-q2-update.win32_2.0.0.202105311346/tools/bin/../lib/gcc/arm-none-eabi/9.3.1/thumb/v7-m/nofp/crtn.o
                0x000000002000c000                _estack = (ORIGIN (RAM) + LENGTH (RAM))
                0x0000000000000200                _Min_Heap_Size = 0x200
                0x0000000000000400                _Min_Stack_Size = 0x400

.isr_vector     0x0000000008000000      0x1e4
                0x0000000008000000                . = ALIGN (0x4)
 *(.isr_vector)
 .isr_vector    0x0000000008000000      0x1e4 ./Core/Startup/startup_stm32f103rctx.o
                0x0000000008000000                g_pfnVectors
                0x00000000080001e4                . = ALIGN (0x4)

.app_info       0x00000000080001e4        0x8
                0x00000000080001e4                . = ALIGN (0x4)
 *(.app_info)
 .app_info      0x00000000080001e4        0x8 ./Core/Src/rt_init.o
                0x00000000080001e4                appinfo
                0x00000000080001ec                . = ALIGN (0x4)

.text           0x00000000080001ec     0x5f3c
                0x00000000080001ec                . = ALIGN (0x4)
 *(.text)
 .text          0x00000000080001ec       0x40 c:/st/stm32cubeide_1.7.0/stm32cubeide/plugins/com.st.stm32cube.ide.mcu.externaltools.gnu-tools-for-stm32.9-2020-q2-update.win32_2.0.0.202105311346/tools/bin/../lib/gcc/arm-none-eabi/9.3.1/thumb/v7-m/nofp/crtbegin.o
 .text          0x000000000800022c       0x10 c:/st/stm32cubeide_1.7.0/stm32cubeide/plugins/com.st.stm32cube.ide.mcu.externaltools.gnu-tools-for-stm32.9-2020-q2-update.win32_2.0.0.202105311346/tools/bin/../lib/gcc/arm-none-eabi/9.3.1/../../../../arm-none-eabi/lib/thumb/v7-m/nofp\libc_nano.a(lib_a-strlen.o)
                0x000000000800022c                strlen
 *(.text*)
 .text.getSBoxValue
                0x000000000800023c       0x20 ./Core/Src/aes.o
 .text.getSBoxInvert
                0x000000000800025c       0x20 ./Core/Src/aes.o
 .text.KeyExpansion
                0x000000000800027c      0x19c ./Core/Src/aes.o
 .text.AddRoundKey
                0x0000000008000418       0x7c ./Core/Src/aes.o
 .text.xtime    0x0000000008000494       0x3a ./Core/Src/aes.o
 *fill*         0x00000000080004ce        0x2 
 .text.InvMixColumns
                0x00000000080004d0      0x6b0 ./Core/Src/aes.o
 .text.InvSubBytes
                0x0000000008000b80       0x64 ./Core/Src/aes.o
 .text.InvShiftRows
                0x0000000008000be4       0xb4 ./Core/Src/aes.o
 .text.InvCipher
                0x0000000008000c98       0x4c ./Core/Src/aes.o
 .text.XorWithIv
                0x0000000008000ce4       0x48 ./Core/Src/aes.o
 .text.AES_CBC_decrypt_buffer
                0x0000000008000d2c       0xa4 ./Core/Src/aes.o
                0x0000000008000d2c                AES_CBC_decrypt_buffer
 .text.crc_ccitt_byte
                0x0000000008000dd0       0x38 ./Core/Src/crc16.o
 .text.crc16    0x0000000008000e08       0x4c ./Core/Src/crc16.o
                0x0000000008000e08                crc16
 .text.MX_DMA_Init
                0x0000000008000e54       0x5c ./Core/Src/dma.o
                0x0000000008000e54                MX_DMA_Init
 .text.FLASH_If_Init
                0x0000000008000eb0       0x38 ./Core/Src/flash_if.o
                0x0000000008000eb0                FLASH_If_Init
 .text.FLASH_If_Erase
                0x0000000008000ee8       0x5e ./Core/Src/flash_if.o
                0x0000000008000ee8                FLASH_If_Erase
 .text.FLASH_If_Write
                0x0000000008000f46       0x76 ./Core/Src/flash_if.o
                0x0000000008000f46                FLASH_If_Write
 .text.MX_GPIO_Init
                0x0000000008000fbc      0x138 ./Core/Src/gpio.o
                0x0000000008000fbc                MX_GPIO_Init
 .text.MX_I2C1_Init
                0x00000000080010f4       0x5c ./Core/Src/i2c.o
                0x00000000080010f4                MX_I2C1_Init
 .text.HAL_I2C_MspInit
                0x0000000008001150       0x7c ./Core/Src/i2c.o
                0x0000000008001150                HAL_I2C_MspInit
 .text.iap_PrepareForJump
                0x00000000080011cc       0x6c ./Core/Src/iap.o
                0x00000000080011cc                iap_PrepareForJump
 .text.iap_JumpToApplication
                0x0000000008001238       0x40 ./Core/Src/iap.o
                0x0000000008001238                iap_JumpToApplication
 .text.iap_CheckApplication
                0x0000000008001278       0xb0 ./Core/Src/iap.o
                0x0000000008001278                iap_CheckApplication
 .text.main     0x0000000008001328       0x80 ./Core/Src/main.o
                0x0000000008001328                main
 .text.SystemClock_Config
                0x00000000080013a8       0x8a ./Core/Src/main.o
                0x00000000080013a8                SystemClock_Config
 *fill*         0x0000000008001432        0x2 
 .text.comms_set_mode
                0x0000000008001434       0x58 ./Core/Src/main.o
                0x0000000008001434                comms_set_mode
 .text.comms_init
                0x000000000800148c       0x84 ./Core/Src/main.o
                0x000000000800148c                comms_init
 .text.HAL_GPIO_EXTI_Callback
                0x0000000008001510       0x16 ./Core/Src/main.o
                0x0000000008001510                HAL_GPIO_EXTI_Callback
 *fill*         0x0000000008001526        0x2 
 .text.HAL_SPI_RxCpltCallback
                0x0000000008001528       0x20 ./Core/Src/main.o
                0x0000000008001528                HAL_SPI_RxCpltCallback
 .text.bootloader
                0x0000000008001548       0x2c ./Core/Src/main.o
                0x0000000008001548                bootloader
 .text.normalboot
                0x0000000008001574       0x30 ./Core/Src/main.o
                0x0000000008001574                normalboot
 .text.Error_Handler
                0x00000000080015a4        0xa ./Core/Src/main.o
                0x00000000080015a4                Error_Handler
 *fill*         0x00000000080015ae        0x2 
 .text.__NVIC_SystemReset
                0x00000000080015b0       0x2c ./Core/Src/rt_bus_proto.o
 .text.rt_bus_proto_frame_pack
                0x00000000080015dc      0x124 ./Core/Src/rt_bus_proto.o
                0x00000000080015dc                rt_bus_proto_frame_pack
 .text.rt_bus_proto_pack_parser
                0x0000000008001700      0x10c ./Core/Src/rt_bus_proto.o
                0x0000000008001700                rt_bus_proto_pack_parser
 .text.rt_bus_cmd_ping_handler
                0x000000000800180c       0x48 ./Core/Src/rt_bus_proto.o
                0x000000000800180c                rt_bus_cmd_ping_handler
 .text.rt_bus_cmd_reset
                0x0000000008001854       0x24 ./Core/Src/rt_bus_proto.o
                0x0000000008001854                rt_bus_cmd_reset
 .text.rt_bus_cmd_get_runmode_handler
                0x0000000008001878       0x48 ./Core/Src/rt_bus_proto.o
                0x0000000008001878                rt_bus_cmd_get_runmode_handler
 .text.get_mem_type
                0x00000000080018c0       0x70 ./Core/Src/rt_bus_proto.o
                0x00000000080018c0                get_mem_type
 .text.rt_bus_cmd_bl_stay
                0x0000000008001930       0x34 ./Core/Src/rt_bus_proto.o
                0x0000000008001930                rt_bus_cmd_bl_stay
 .text.rt_bus_cmd_bl_write_handler
                0x0000000008001964      0x158 ./Core/Src/rt_bus_proto.o
                0x0000000008001964                rt_bus_cmd_bl_write_handler
 .text.rt_bus_cmd_bl_erase_handler
                0x0000000008001abc      0x104 ./Core/Src/rt_bus_proto.o
                0x0000000008001abc                rt_bus_cmd_bl_erase_handler
 .text.rt_bus_cmd_prepare_response_handler
                0x0000000008001bc0       0x2c ./Core/Src/rt_bus_proto.o
                0x0000000008001bc0                rt_bus_cmd_prepare_response_handler
 .text.SPI_DMA_Reset
                0x0000000008001bec       0x74 ./Core/Src/rt_bus_proto.o
                0x0000000008001bec                SPI_DMA_Reset
 .text.rt_bus_proto_bl_process
                0x0000000008001c60      0x1fc ./Core/Src/rt_bus_proto.o
                0x0000000008001c60                rt_bus_proto_bl_process
 .text.rt_bus_proto_bl_dt
                0x0000000008001e5c       0x88 ./Core/Src/rt_bus_proto.o
                0x0000000008001e5c                rt_bus_proto_bl_dt
 .text.rt_get_io_values
                0x0000000008001ee4        0xc ./Core/Src/rt_bus_proto.o
                0x0000000008001ee4                rt_get_io_values
 .text.rt_init  0x0000000008001ef0       0x10 ./Core/Src/rt_init.o
                0x0000000008001ef0                rt_init
 .text.sha1_transform
                0x0000000008001f00      0x3a4 ./Core/Src/sha1.o
                0x0000000008001f00                sha1_transform
 .text.sha1_init
                0x00000000080022a4       0x80 ./Core/Src/sha1.o
                0x00000000080022a4                sha1_init
 .text.sha1_update
                0x0000000008002324       0x7c ./Core/Src/sha1.o
                0x0000000008002324                sha1_update
 .text.sha1_final
                0x00000000080023a0      0x1b6 ./Core/Src/sha1.o
                0x00000000080023a0                sha1_final
 *fill*         0x0000000008002556        0x2 
 .text.MX_SPI1_Init
                0x0000000008002558       0x68 ./Core/Src/spi.o
                0x0000000008002558                MX_SPI1_Init
 .text.HAL_SPI_MspInit
                0x00000000080025c0      0x154 ./Core/Src/spi.o
                0x00000000080025c0                HAL_SPI_MspInit
 .text.HAL_MspInit
                0x0000000008002714       0x64 ./Core/Src/stm32f1xx_hal_msp.o
                0x0000000008002714                HAL_MspInit
 .text.NMI_Handler
                0x0000000008002778        0x6 ./Core/Src/stm32f1xx_it.o
                0x0000000008002778                NMI_Handler
 *fill*         0x000000000800277e        0x2 
 .text.HardFault_Handler
                0x0000000008002780       0x18 ./Core/Src/stm32f1xx_it.o
                0x0000000008002780                HardFault_Handler
 .text.MemManage_Handler
                0x0000000008002798        0x6 ./Core/Src/stm32f1xx_it.o
                0x0000000008002798                MemManage_Handler
 .text.BusFault_Handler
                0x000000000800279e        0x6 ./Core/Src/stm32f1xx_it.o
                0x000000000800279e                BusFault_Handler
 .text.UsageFault_Handler
                0x00000000080027a4        0x6 ./Core/Src/stm32f1xx_it.o
                0x00000000080027a4                UsageFault_Handler
 .text.SVC_Handler
                0x00000000080027aa        0xc ./Core/Src/stm32f1xx_it.o
                0x00000000080027aa                SVC_Handler
 .text.DebugMon_Handler
                0x00000000080027b6        0xc ./Core/Src/stm32f1xx_it.o
                0x00000000080027b6                DebugMon_Handler
 .text.PendSV_Handler
                0x00000000080027c2        0xc ./Core/Src/stm32f1xx_it.o
                0x00000000080027c2                PendSV_Handler
 .text.SysTick_Handler
                0x00000000080027ce        0xc ./Core/Src/stm32f1xx_it.o
                0x00000000080027ce                SysTick_Handler
 *fill*         0x00000000080027da        0x2 
 .text.DMA1_Channel2_IRQHandler
                0x00000000080027dc       0x14 ./Core/Src/stm32f1xx_it.o
                0x00000000080027dc                DMA1_Channel2_IRQHandler
 .text.DMA1_Channel3_IRQHandler
                0x00000000080027f0       0x14 ./Core/Src/stm32f1xx_it.o
                0x00000000080027f0                DMA1_Channel3_IRQHandler
 .text.DMA1_Channel4_IRQHandler
                0x0000000008002804       0x14 ./Core/Src/stm32f1xx_it.o
                0x0000000008002804                DMA1_Channel4_IRQHandler
 .text.EXTI9_5_IRQHandler
                0x0000000008002818        0xe ./Core/Src/stm32f1xx_it.o
                0x0000000008002818                EXTI9_5_IRQHandler
 *fill*         0x0000000008002826        0x2 
 .text.SPI1_IRQHandler
                0x0000000008002828       0x14 ./Core/Src/stm32f1xx_it.o
                0x0000000008002828                SPI1_IRQHandler
 .text._sbrk    0x000000000800283c       0x6c ./Core/Src/sysmem.o
                0x000000000800283c                _sbrk
 .text.SystemInit
                0x00000000080028a8        0xc ./Core/Src/system_stm32f1xx.o
                0x00000000080028a8                SystemInit
 .text.MX_USART1_UART_Init
                0x00000000080028b4       0x54 ./Core/Src/usart.o
                0x00000000080028b4                MX_USART1_UART_Init
 .text.HAL_UART_MspInit
                0x0000000008002908       0xec ./Core/Src/usart.o
                0x0000000008002908                HAL_UART_MspInit
 .text.vprint   0x00000000080029f4       0x48 ./Core/Src/usart.o
                0x00000000080029f4                vprint
 .text.vprintln
                0x0000000008002a3c       0x58 ./Core/Src/usart.o
                0x0000000008002a3c                vprintln
 .text.dbprintf
                0x0000000008002a94       0x24 ./Core/Src/usart.o
                0x0000000008002a94                dbprintf
 .text.rtprintf
                0x0000000008002ab8       0x24 ./Core/Src/usart.o
                0x0000000008002ab8                rtprintf
 .text.Reset_Handler
                0x0000000008002adc       0x48 ./Core/Startup/startup_stm32f103rctx.o
                0x0000000008002adc                Reset_Handler
 .text.Default_Handler
                0x0000000008002b24        0x2 ./Core/Startup/startup_stm32f103rctx.o
                0x0000000008002b24                RTC_Alarm_IRQHandler
                0x0000000008002b24                EXTI2_IRQHandler
                0x0000000008002b24                TIM8_TRG_COM_IRQHandler
                0x0000000008002b24                TIM8_CC_IRQHandler
                0x0000000008002b24                TIM1_CC_IRQHandler
                0x0000000008002b24                TIM6_IRQHandler
                0x0000000008002b24                PVD_IRQHandler
                0x0000000008002b24                SDIO_IRQHandler
                0x0000000008002b24                EXTI3_IRQHandler
                0x0000000008002b24                EXTI0_IRQHandler
                0x0000000008002b24                I2C2_EV_IRQHandler
                0x0000000008002b24                ADC1_2_IRQHandler
                0x0000000008002b24                TAMPER_IRQHandler
                0x0000000008002b24                TIM8_UP_IRQHandler
                0x0000000008002b24                DMA2_Channel2_IRQHandler
                0x0000000008002b24                USART3_IRQHandler
                0x0000000008002b24                RTC_IRQHandler
                0x0000000008002b24                DMA1_Channel7_IRQHandler
                0x0000000008002b24                CAN1_RX1_IRQHandler
                0x0000000008002b24                UART5_IRQHandler
                0x0000000008002b24                ADC3_IRQHandler
                0x0000000008002b24                TIM4_IRQHandler
                0x0000000008002b24                DMA2_Channel1_IRQHandler
                0x0000000008002b24                I2C1_EV_IRQHandler
                0x0000000008002b24                DMA1_Channel6_IRQHandler
                0x0000000008002b24                UART4_IRQHandler
                0x0000000008002b24                TIM3_IRQHandler
                0x0000000008002b24                RCC_IRQHandler
                0x0000000008002b24                TIM1_TRG_COM_IRQHandler
                0x0000000008002b24                DMA1_Channel1_IRQHandler
                0x0000000008002b24                Default_Handler
                0x0000000008002b24                EXTI15_10_IRQHandler
                0x0000000008002b24                TIM7_IRQHandler
                0x0000000008002b24                TIM5_IRQHandler
                0x0000000008002b24                SPI2_IRQHandler
                0x0000000008002b24                DMA1_Channel5_IRQHandler
                0x0000000008002b24                EXTI4_IRQHandler
                0x0000000008002b24                USB_LP_CAN1_RX0_IRQHandler
                0x0000000008002b24                USB_HP_CAN1_TX_IRQHandler
                0x0000000008002b24                FSMC_IRQHandler
                0x0000000008002b24                TIM1_UP_IRQHandler
                0x0000000008002b24                WWDG_IRQHandler
                0x0000000008002b24                TIM2_IRQHandler
                0x0000000008002b24                TIM1_BRK_IRQHandler
                0x0000000008002b24                EXTI1_IRQHandler
                0x0000000008002b24                DMA2_Channel4_5_IRQHandler
                0x0000000008002b24                USART2_IRQHandler
                0x0000000008002b24                I2C2_ER_IRQHandler
                0x0000000008002b24                TIM8_BRK_IRQHandler
                0x0000000008002b24                CAN1_SCE_IRQHandler
                0x0000000008002b24                FLASH_IRQHandler
                0x0000000008002b24                USART1_IRQHandler
                0x0000000008002b24                SPI3_IRQHandler
                0x0000000008002b24                I2C1_ER_IRQHandler
                0x0000000008002b24                USBWakeUp_IRQHandler
                0x0000000008002b24                DMA2_Channel3_IRQHandler
 *fill*         0x0000000008002b26        0x2 
 .text.HAL_Init
                0x0000000008002b28       0x2c ./Drivers/STM32F1xx_HAL_Driver/Src/stm32f1xx_hal.o
                0x0000000008002b28                HAL_Init
 .text.HAL_InitTick
                0x0000000008002b54       0x60 ./Drivers/STM32F1xx_HAL_Driver/Src/stm32f1xx_hal.o
                0x0000000008002b54                HAL_InitTick
 .text.HAL_IncTick
                0x0000000008002bb4       0x24 ./Drivers/STM32F1xx_HAL_Driver/Src/stm32f1xx_hal.o
                0x0000000008002bb4                HAL_IncTick
 .text.HAL_GetTick
                0x0000000008002bd8       0x14 ./Drivers/STM32F1xx_HAL_Driver/Src/stm32f1xx_hal.o
                0x0000000008002bd8                HAL_GetTick
 .text.__NVIC_SetPriorityGrouping
                0x0000000008002bec       0x48 ./Drivers/STM32F1xx_HAL_Driver/Src/stm32f1xx_hal_cortex.o
 .text.__NVIC_GetPriorityGrouping
                0x0000000008002c34       0x1c ./Drivers/STM32F1xx_HAL_Driver/Src/stm32f1xx_hal_cortex.o
 .text.__NVIC_EnableIRQ
                0x0000000008002c50       0x38 ./Drivers/STM32F1xx_HAL_Driver/Src/stm32f1xx_hal_cortex.o
 .text.__NVIC_DisableIRQ
                0x0000000008002c88       0x48 ./Drivers/STM32F1xx_HAL_Driver/Src/stm32f1xx_hal_cortex.o
 .text.__NVIC_SetPriority
                0x0000000008002cd0       0x54 ./Drivers/STM32F1xx_HAL_Driver/Src/stm32f1xx_hal_cortex.o
 .text.NVIC_EncodePriority
                0x0000000008002d24       0x64 ./Drivers/STM32F1xx_HAL_Driver/Src/stm32f1xx_hal_cortex.o
 .text.SysTick_Config
                0x0000000008002d88       0x44 ./Drivers/STM32F1xx_HAL_Driver/Src/stm32f1xx_hal_cortex.o
 .text.HAL_NVIC_SetPriorityGrouping
                0x0000000008002dcc       0x16 ./Drivers/STM32F1xx_HAL_Driver/Src/stm32f1xx_hal_cortex.o
                0x0000000008002dcc                HAL_NVIC_SetPriorityGrouping
 .text.HAL_NVIC_SetPriority
                0x0000000008002de2       0x38 ./Drivers/STM32F1xx_HAL_Driver/Src/stm32f1xx_hal_cortex.o
                0x0000000008002de2                HAL_NVIC_SetPriority
 .text.HAL_NVIC_EnableIRQ
                0x0000000008002e1a       0x1c ./Drivers/STM32F1xx_HAL_Driver/Src/stm32f1xx_hal_cortex.o
                0x0000000008002e1a                HAL_NVIC_EnableIRQ
 .text.HAL_NVIC_DisableIRQ
                0x0000000008002e36       0x1c ./Drivers/STM32F1xx_HAL_Driver/Src/stm32f1xx_hal_cortex.o
                0x0000000008002e36                HAL_NVIC_DisableIRQ
 .text.HAL_SYSTICK_Config
                0x0000000008002e52       0x18 ./Drivers/STM32F1xx_HAL_Driver/Src/stm32f1xx_hal_cortex.o
                0x0000000008002e52                HAL_SYSTICK_Config
 *fill*         0x0000000008002e6a        0x2 
 .text.HAL_DMA_Init
                0x0000000008002e6c       0xec ./Drivers/STM32F1xx_HAL_Driver/Src/stm32f1xx_hal_dma.o
                0x0000000008002e6c                HAL_DMA_Init
 .text.HAL_DMA_Start
                0x0000000008002f58       0x84 ./Drivers/STM32F1xx_HAL_Driver/Src/stm32f1xx_hal_dma.o
                0x0000000008002f58                HAL_DMA_Start
 .text.HAL_DMA_Start_IT
                0x0000000008002fdc       0xbe ./Drivers/STM32F1xx_HAL_Driver/Src/stm32f1xx_hal_dma.o
                0x0000000008002fdc                HAL_DMA_Start_IT
 .text.HAL_DMA_Abort
                0x000000000800309a       0x74 ./Drivers/STM32F1xx_HAL_Driver/Src/stm32f1xx_hal_dma.o
                0x000000000800309a                HAL_DMA_Abort
 *fill*         0x000000000800310e        0x2 
 .text.HAL_DMA_Abort_IT
                0x0000000008003110      0x210 ./Drivers/STM32F1xx_HAL_Driver/Src/stm32f1xx_hal_dma.o
                0x0000000008003110                HAL_DMA_Abort_IT
 .text.HAL_DMA_IRQHandler
                0x0000000008003320      0x478 ./Drivers/STM32F1xx_HAL_Driver/Src/stm32f1xx_hal_dma.o
                0x0000000008003320                HAL_DMA_IRQHandler
 .text.DMA_SetConfig
                0x0000000008003798       0x5a ./Drivers/STM32F1xx_HAL_Driver/Src/stm32f1xx_hal_dma.o
 *fill*         0x00000000080037f2        0x2 
 .text.HAL_FLASH_Program
                0x00000000080037f4       0xe0 ./Drivers/STM32F1xx_HAL_Driver/Src/stm32f1xx_hal_flash.o
                0x00000000080037f4                HAL_FLASH_Program
 .text.HAL_FLASH_Unlock
                0x00000000080038d4       0x4c ./Drivers/STM32F1xx_HAL_Driver/Src/stm32f1xx_hal_flash.o
                0x00000000080038d4                HAL_FLASH_Unlock
 .text.HAL_FLASH_Lock
                0x0000000008003920       0x20 ./Drivers/STM32F1xx_HAL_Driver/Src/stm32f1xx_hal_flash.o
                0x0000000008003920                HAL_FLASH_Lock
 .text.FLASH_Program_HalfWord
                0x0000000008003940       0x38 ./Drivers/STM32F1xx_HAL_Driver/Src/stm32f1xx_hal_flash.o
 .text.FLASH_WaitForLastOperation
                0x0000000008003978       0x8c ./Drivers/STM32F1xx_HAL_Driver/Src/stm32f1xx_hal_flash.o
                0x0000000008003978                FLASH_WaitForLastOperation
 .text.FLASH_SetErrorCode
                0x0000000008003a04       0xa0 ./Drivers/STM32F1xx_HAL_Driver/Src/stm32f1xx_hal_flash.o
 .text.HAL_FLASHEx_Erase
                0x0000000008003aa4       0xd8 ./Drivers/STM32F1xx_HAL_Driver/Src/stm32f1xx_hal_flash_ex.o
                0x0000000008003aa4                HAL_FLASHEx_Erase
 .text.FLASH_MassErase
                0x0000000008003b7c       0x38 ./Drivers/STM32F1xx_HAL_Driver/Src/stm32f1xx_hal_flash_ex.o
 .text.FLASH_PageErase
                0x0000000008003bb4       0x40 ./Drivers/STM32F1xx_HAL_Driver/Src/stm32f1xx_hal_flash_ex.o
                0x0000000008003bb4                FLASH_PageErase
 .text.HAL_GPIO_Init
                0x0000000008003bf4      0x328 ./Drivers/STM32F1xx_HAL_Driver/Src/stm32f1xx_hal_gpio.o
                0x0000000008003bf4                HAL_GPIO_Init
 .text.HAL_GPIO_WritePin
                0x0000000008003f1c       0x30 ./Drivers/STM32F1xx_HAL_Driver/Src/stm32f1xx_hal_gpio.o
                0x0000000008003f1c                HAL_GPIO_WritePin
 .text.HAL_GPIO_EXTI_IRQHandler
                0x0000000008003f4c       0x30 ./Drivers/STM32F1xx_HAL_Driver/Src/stm32f1xx_hal_gpio.o
                0x0000000008003f4c                HAL_GPIO_EXTI_IRQHandler
 .text.HAL_I2C_Init
                0x0000000008003f7c      0x288 ./Drivers/STM32F1xx_HAL_Driver/Src/stm32f1xx_hal_i2c.o
                0x0000000008003f7c                HAL_I2C_Init
 .text.HAL_RCC_OscConfig
                0x0000000008004204      0x500 ./Drivers/STM32F1xx_HAL_Driver/Src/stm32f1xx_hal_rcc.o
                0x0000000008004204                HAL_RCC_OscConfig
 .text.HAL_RCC_ClockConfig
                0x0000000008004704      0x1d4 ./Drivers/STM32F1xx_HAL_Driver/Src/stm32f1xx_hal_rcc.o
                0x0000000008004704                HAL_RCC_ClockConfig
 .text.HAL_RCC_GetSysClockFreq
                0x00000000080048d8       0xc0 ./Drivers/STM32F1xx_HAL_Driver/Src/stm32f1xx_hal_rcc.o
                0x00000000080048d8                HAL_RCC_GetSysClockFreq
 .text.HAL_RCC_GetHCLKFreq
                0x0000000008004998       0x14 ./Drivers/STM32F1xx_HAL_Driver/Src/stm32f1xx_hal_rcc.o
                0x0000000008004998                HAL_RCC_GetHCLKFreq
 .text.HAL_RCC_GetPCLK1Freq
                0x00000000080049ac       0x28 ./Drivers/STM32F1xx_HAL_Driver/Src/stm32f1xx_hal_rcc.o
                0x00000000080049ac                HAL_RCC_GetPCLK1Freq
 .text.HAL_RCC_GetPCLK2Freq
                0x00000000080049d4       0x28 ./Drivers/STM32F1xx_HAL_Driver/Src/stm32f1xx_hal_rcc.o
                0x00000000080049d4                HAL_RCC_GetPCLK2Freq
 .text.RCC_Delay
                0x00000000080049fc       0x3c ./Drivers/STM32F1xx_HAL_Driver/Src/stm32f1xx_hal_rcc.o
 .text.HAL_SPI_Init
                0x0000000008004a38      0x108 ./Drivers/STM32F1xx_HAL_Driver/Src/stm32f1xx_hal_spi.o
                0x0000000008004a38                HAL_SPI_Init
 .text.HAL_SPI_Receive_DMA
                0x0000000008004b40      0x190 ./Drivers/STM32F1xx_HAL_Driver/Src/stm32f1xx_hal_spi.o
                0x0000000008004b40                HAL_SPI_Receive_DMA
 .text.HAL_SPI_TransmitReceive_DMA
                0x0000000008004cd0      0x204 ./Drivers/STM32F1xx_HAL_Driver/Src/stm32f1xx_hal_spi.o
                0x0000000008004cd0                HAL_SPI_TransmitReceive_DMA
 .text.HAL_SPI_IRQHandler
                0x0000000008004ed4      0x1cc ./Drivers/STM32F1xx_HAL_Driver/Src/stm32f1xx_hal_spi.o
                0x0000000008004ed4                HAL_SPI_IRQHandler
 .text.HAL_SPI_TxRxCpltCallback
                0x00000000080050a0       0x12 ./Drivers/STM32F1xx_HAL_Driver/Src/stm32f1xx_hal_spi.o
                0x00000000080050a0                HAL_SPI_TxRxCpltCallback
 .text.HAL_SPI_RxHalfCpltCallback
                0x00000000080050b2       0x12 ./Drivers/STM32F1xx_HAL_Driver/Src/stm32f1xx_hal_spi.o
                0x00000000080050b2                HAL_SPI_RxHalfCpltCallback
 .text.HAL_SPI_TxRxHalfCpltCallback
                0x00000000080050c4       0x12 ./Drivers/STM32F1xx_HAL_Driver/Src/stm32f1xx_hal_spi.o
                0x00000000080050c4                HAL_SPI_TxRxHalfCpltCallback
 .text.HAL_SPI_ErrorCallback
                0x00000000080050d6       0x12 ./Drivers/STM32F1xx_HAL_Driver/Src/stm32f1xx_hal_spi.o
                0x00000000080050d6                HAL_SPI_ErrorCallback
 .text.SPI_DMAReceiveCplt
                0x00000000080050e8       0xa6 ./Drivers/STM32F1xx_HAL_Driver/Src/stm32f1xx_hal_spi.o
 .text.SPI_DMATransmitReceiveCplt
                0x000000000800518e       0x8e ./Drivers/STM32F1xx_HAL_Driver/Src/stm32f1xx_hal_spi.o
 .text.SPI_DMAHalfReceiveCplt
                0x000000000800521c       0x1c ./Drivers/STM32F1xx_HAL_Driver/Src/stm32f1xx_hal_spi.o
 .text.SPI_DMAHalfTransmitReceiveCplt
                0x0000000008005238       0x1c ./Drivers/STM32F1xx_HAL_Driver/Src/stm32f1xx_hal_spi.o
 .text.SPI_DMAError
                0x0000000008005254       0x40 ./Drivers/STM32F1xx_HAL_Driver/Src/stm32f1xx_hal_spi.o
 .text.SPI_DMAAbortOnError
                0x0000000008005294       0x28 ./Drivers/STM32F1xx_HAL_Driver/Src/stm32f1xx_hal_spi.o
 .text.SPI_WaitFlagStateUntilTimeout
                0x00000000080052bc      0x110 ./Drivers/STM32F1xx_HAL_Driver/Src/stm32f1xx_hal_spi.o
 .text.SPI_EndRxTransaction
                0x00000000080053cc       0xa4 ./Drivers/STM32F1xx_HAL_Driver/Src/stm32f1xx_hal_spi.o
 .text.SPI_EndRxTxTransaction
                0x0000000008005470       0x3c ./Drivers/STM32F1xx_HAL_Driver/Src/stm32f1xx_hal_spi.o
 .text.HAL_UART_Init
                0x00000000080054ac       0x9a ./Drivers/STM32F1xx_HAL_Driver/Src/stm32f1xx_hal_uart.o
                0x00000000080054ac                HAL_UART_Init
 .text.HAL_UART_Transmit
                0x0000000008005546      0x124 ./Drivers/STM32F1xx_HAL_Driver/Src/stm32f1xx_hal_uart.o
                0x0000000008005546                HAL_UART_Transmit
 .text.UART_WaitOnFlagUntilTimeout
                0x000000000800566a       0x94 ./Drivers/STM32F1xx_HAL_Driver/Src/stm32f1xx_hal_uart.o
 *fill*         0x00000000080056fe        0x2 
 .text.UART_SetConfig
                0x0000000008005700      0x11c ./Drivers/STM32F1xx_HAL_Driver/Src/stm32f1xx_hal_uart.o
 .text.__errno  0x000000000800581c        0xc c:/st/stm32cubeide_1.7.0/stm32cubeide/plugins/com.st.stm32cube.ide.mcu.externaltools.gnu-tools-for-stm32.9-2020-q2-update.win32_2.0.0.202105311346/tools/bin/../lib/gcc/arm-none-eabi/9.3.1/../../../../arm-none-eabi/lib/thumb/v7-m/nofp\libc_nano.a(lib_a-errno.o)
                0x000000000800581c                __errno
 .text.__libc_init_array
                0x0000000008005828       0x48 c:/st/stm32cubeide_1.7.0/stm32cubeide/plugins/com.st.stm32cube.ide.mcu.externaltools.gnu-tools-for-stm32.9-2020-q2-update.win32_2.0.0.202105311346/tools/bin/../lib/gcc/arm-none-eabi/9.3.1/../../../../arm-none-eabi/lib/thumb/v7-m/nofp\libc_nano.a(lib_a-init.o)
                0x0000000008005828                __libc_init_array
 .text.memcmp   0x0000000008005870       0x1c c:/st/stm32cubeide_1.7.0/stm32cubeide/plugins/com.st.stm32cube.ide.mcu.externaltools.gnu-tools-for-stm32.9-2020-q2-update.win32_2.0.0.202105311346/tools/bin/../lib/gcc/arm-none-eabi/9.3.1/../../../../arm-none-eabi/lib/thumb/v7-m/nofp\libc_nano.a(lib_a-memcmp.o)
                0x0000000008005870                memcmp
 .text.memcpy   0x000000000800588c       0x1c c:/st/stm32cubeide_1.7.0/stm32cubeide/plugins/com.st.stm32cube.ide.mcu.externaltools.gnu-tools-for-stm32.9-2020-q2-update.win32_2.0.0.202105311346/tools/bin/../lib/gcc/arm-none-eabi/9.3.1/../../../../arm-none-eabi/lib/thumb/v7-m/nofp\libc_nano.a(lib_a-memcpy-stub.o)
                0x000000000800588c                memcpy
 .text.memset   0x00000000080058a8       0x10 c:/st/stm32cubeide_1.7.0/stm32cubeide/plugins/com.st.stm32cube.ide.mcu.externaltools.gnu-tools-for-stm32.9-2020-q2-update.win32_2.0.0.202105311346/tools/bin/../lib/gcc/arm-none-eabi/9.3.1/../../../../arm-none-eabi/lib/thumb/v7-m/nofp\libc_nano.a(lib_a-memset.o)
                0x00000000080058a8                memset
 .text._vsprintf_r
                0x00000000080058b8       0x2c c:/st/stm32cubeide_1.7.0/stm32cubeide/plugins/com.st.stm32cube.ide.mcu.externaltools.gnu-tools-for-stm32.9-2020-q2-update.win32_2.0.0.202105311346/tools/bin/../lib/gcc/arm-none-eabi/9.3.1/../../../../arm-none-eabi/lib/thumb/v7-m/nofp\libc_nano.a(lib_a-vsprintf.o)
                0x00000000080058b8                _vsprintf_r
                0x00000000080058b8                _vsiprintf_r
 .text.vsprintf
                0x00000000080058e4       0x14 c:/st/stm32cubeide_1.7.0/stm32cubeide/plugins/com.st.stm32cube.ide.mcu.externaltools.gnu-tools-for-stm32.9-2020-q2-update.win32_2.0.0.202105311346/tools/bin/../lib/gcc/arm-none-eabi/9.3.1/../../../../arm-none-eabi/lib/thumb/v7-m/nofp\libc_nano.a(lib_a-vsprintf.o)
                0x00000000080058e4                vsiprintf
                0x00000000080058e4                vsprintf
 .text.__ssputs_r
                0x00000000080058f8       0xb6 c:/st/stm32cubeide_1.7.0/stm32cubeide/plugins/com.st.stm32cube.ide.mcu.externaltools.gnu-tools-for-stm32.9-2020-q2-update.win32_2.0.0.202105311346/tools/bin/../lib/gcc/arm-none-eabi/9.3.1/../../../../arm-none-eabi/lib/thumb/v7-m/nofp\libc_nano.a(lib_a-nano-svfprintf.o)
                0x00000000080058f8                __ssputs_r
 *fill*         0x00000000080059ae        0x2 
 .text._svfprintf_r
                0x00000000080059b0      0x200 c:/st/stm32cubeide_1.7.0/stm32cubeide/plugins/com.st.stm32cube.ide.mcu.externaltools.gnu-tools-for-stm32.9-2020-q2-update.win32_2.0.0.202105311346/tools/bin/../lib/gcc/arm-none-eabi/9.3.1/../../../../arm-none-eabi/lib/thumb/v7-m/nofp\libc_nano.a(lib_a-nano-svfprintf.o)
                0x00000000080059b0                _svfiprintf_r
                0x00000000080059b0                _svfprintf_r
 .text._printf_common
                0x0000000008005bb0       0xde c:/st/stm32cubeide_1.7.0/stm32cubeide/plugins/com.st.stm32cube.ide.mcu.externaltools.gnu-tools-for-stm32.9-2020-q2-update.win32_2.0.0.202105311346/tools/bin/../lib/gcc/arm-none-eabi/9.3.1/../../../../arm-none-eabi/lib/thumb/v7-m/nofp\libc_nano.a(lib_a-nano-vfprintf_i.o)
                0x0000000008005bb0                _printf_common
 *fill*         0x0000000008005c8e        0x2 
 .text._printf_i
                0x0000000008005c90      0x24c c:/st/stm32cubeide_1.7.0/stm32cubeide/plugins/com.st.stm32cube.ide.mcu.externaltools.gnu-tools-for-stm32.9-2020-q2-update.win32_2.0.0.202105311346/tools/bin/../lib/gcc/arm-none-eabi/9.3.1/../../../../arm-none-eabi/lib/thumb/v7-m/nofp\libc_nano.a(lib_a-nano-vfprintf_i.o)
                0x0000000008005c90                _printf_i
 .text.memchr   0x0000000008005edc       0x1c c:/st/stm32cubeide_1.7.0/stm32cubeide/plugins/com.st.stm32cube.ide.mcu.externaltools.gnu-tools-for-stm32.9-2020-q2-update.win32_2.0.0.202105311346/tools/bin/../lib/gcc/arm-none-eabi/9.3.1/../../../../arm-none-eabi/lib/thumb/v7-m/nofp\libc_nano.a(lib_a-memchr-stub.o)
                0x0000000008005edc                memchr
 .text.memmove  0x0000000008005ef8       0x34 c:/st/stm32cubeide_1.7.0/stm32cubeide/plugins/com.st.stm32cube.ide.mcu.externaltools.gnu-tools-for-stm32.9-2020-q2-update.win32_2.0.0.202105311346/tools/bin/../lib/gcc/arm-none-eabi/9.3.1/../../../../arm-none-eabi/lib/thumb/v7-m/nofp\libc_nano.a(lib_a-memmove.o)
                0x0000000008005ef8                memmove
 .text._free_r  0x0000000008005f2c       0x98 c:/st/stm32cubeide_1.7.0/stm32cubeide/plugins/com.st.stm32cube.ide.mcu.externaltools.gnu-tools-for-stm32.9-2020-q2-update.win32_2.0.0.202105311346/tools/bin/../lib/gcc/arm-none-eabi/9.3.1/../../../../arm-none-eabi/lib/thumb/v7-m/nofp\libc_nano.a(lib_a-nano-freer.o)
                0x0000000008005f2c                _free_r
 .text._malloc_r
                0x0000000008005fc4       0xb4 c:/st/stm32cubeide_1.7.0/stm32cubeide/plugins/com.st.stm32cube.ide.mcu.externaltools.gnu-tools-for-stm32.9-2020-q2-update.win32_2.0.0.202105311346/tools/bin/../lib/gcc/arm-none-eabi/9.3.1/../../../../arm-none-eabi/lib/thumb/v7-m/nofp\libc_nano.a(lib_a-nano-mallocr.o)
                0x0000000008005fc4                _malloc_r
 .text._realloc_r
                0x0000000008006078       0x4c c:/st/stm32cubeide_1.7.0/stm32cubeide/plugins/com.st.stm32cube.ide.mcu.externaltools.gnu-tools-for-stm32.9-2020-q2-update.win32_2.0.0.202105311346/tools/bin/../lib/gcc/arm-none-eabi/9.3.1/../../../../arm-none-eabi/lib/thumb/v7-m/nofp\libc_nano.a(lib_a-nano-reallocr.o)
                0x0000000008006078                _realloc_r
 .text._sbrk_r  0x00000000080060c4       0x20 c:/st/stm32cubeide_1.7.0/stm32cubeide/plugins/com.st.stm32cube.ide.mcu.externaltools.gnu-tools-for-stm32.9-2020-q2-update.win32_2.0.0.202105311346/tools/bin/../lib/gcc/arm-none-eabi/9.3.1/../../../../arm-none-eabi/lib/thumb/v7-m/nofp\libc_nano.a(lib_a-sbrkr.o)
                0x00000000080060c4                _sbrk_r
 .text.__malloc_lock
                0x00000000080060e4        0xc c:/st/stm32cubeide_1.7.0/stm32cubeide/plugins/com.st.stm32cube.ide.mcu.externaltools.gnu-tools-for-stm32.9-2020-q2-update.win32_2.0.0.202105311346/tools/bin/../lib/gcc/arm-none-eabi/9.3.1/../../../../arm-none-eabi/lib/thumb/v7-m/nofp\libc_nano.a(lib_a-mlock.o)
                0x00000000080060e4                __malloc_lock
 .text.__malloc_unlock
                0x00000000080060f0        0xc c:/st/stm32cubeide_1.7.0/stm32cubeide/plugins/com.st.stm32cube.ide.mcu.externaltools.gnu-tools-for-stm32.9-2020-q2-update.win32_2.0.0.202105311346/tools/bin/../lib/gcc/arm-none-eabi/9.3.1/../../../../arm-none-eabi/lib/thumb/v7-m/nofp\libc_nano.a(lib_a-mlock.o)
                0x00000000080060f0                __malloc_unlock
 .text._malloc_usable_size_r
                0x00000000080060fc       0x10 c:/st/stm32cubeide_1.7.0/stm32cubeide/plugins/com.st.stm32cube.ide.mcu.externaltools.gnu-tools-for-stm32.9-2020-q2-update.win32_2.0.0.202105311346/tools/bin/../lib/gcc/arm-none-eabi/9.3.1/../../../../arm-none-eabi/lib/thumb/v7-m/nofp\libc_nano.a(lib_a-nano-msizer.o)
                0x00000000080060fc                _malloc_usable_size_r
 .text.__retarget_lock_acquire_recursive
                0x000000000800610c        0x2 c:/st/stm32cubeide_1.7.0/stm32cubeide/plugins/com.st.stm32cube.ide.mcu.externaltools.gnu-tools-for-stm32.9-2020-q2-update.win32_2.0.0.202105311346/tools/bin/../lib/gcc/arm-none-eabi/9.3.1/../../../../arm-none-eabi/lib/thumb/v7-m/nofp\libc_nano.a(lib_a-lock.o)
                0x000000000800610c                __retarget_lock_acquire_recursive
 .text.__retarget_lock_release_recursive
                0x000000000800610e        0x2 c:/st/stm32cubeide_1.7.0/stm32cubeide/plugins/com.st.stm32cube.ide.mcu.externaltools.gnu-tools-for-stm32.9-2020-q2-update.win32_2.0.0.202105311346/tools/bin/../lib/gcc/arm-none-eabi/9.3.1/../../../../arm-none-eabi/lib/thumb/v7-m/nofp\libc_nano.a(lib_a-lock.o)
                0x000000000800610e                __retarget_lock_release_recursive
 *(.glue_7)
 .glue_7        0x0000000008006110        0x0 linker stubs
 *(.glue_7t)
 .glue_7t       0x0000000008006110        0x0 linker stubs
 *(.eh_frame)
 .eh_frame      0x0000000008006110        0x0 c:/st/stm32cubeide_1.7.0/stm32cubeide/plugins/com.st.stm32cube.ide.mcu.externaltools.gnu-tools-for-stm32.9-2020-q2-update.win32_2.0.0.202105311346/tools/bin/../lib/gcc/arm-none-eabi/9.3.1/thumb/v7-m/nofp/crtbegin.o
 *(.init)
 .init          0x0000000008006110        0x4 c:/st/stm32cubeide_1.7.0/stm32cubeide/plugins/com.st.stm32cube.ide.mcu.externaltools.gnu-tools-for-stm32.9-2020-q2-update.win32_2.0.0.202105311346/tools/bin/../lib/gcc/arm-none-eabi/9.3.1/thumb/v7-m/nofp/crti.o
                0x0000000008006110                _init
 .init          0x0000000008006114        0x8 c:/st/stm32cubeide_1.7.0/stm32cubeide/plugins/com.st.stm32cube.ide.mcu.externaltools.gnu-tools-for-stm32.9-2020-q2-update.win32_2.0.0.202105311346/tools/bin/../lib/gcc/arm-none-eabi/9.3.1/thumb/v7-m/nofp/crtn.o
 *(.fini)
 .fini          0x000000000800611c        0x4 c:/st/stm32cubeide_1.7.0/stm32cubeide/plugins/com.st.stm32cube.ide.mcu.externaltools.gnu-tools-for-stm32.9-2020-q2-update.win32_2.0.0.202105311346/tools/bin/../lib/gcc/arm-none-eabi/9.3.1/thumb/v7-m/nofp/crti.o
                0x000000000800611c                _fini
 .fini          0x0000000008006120        0x8 c:/st/stm32cubeide_1.7.0/stm32cubeide/plugins/com.st.stm32cube.ide.mcu.externaltools.gnu-tools-for-stm32.9-2020-q2-update.win32_2.0.0.202105311346/tools/bin/../lib/gcc/arm-none-eabi/9.3.1/thumb/v7-m/nofp/crtn.o
                0x0000000008006128                . = ALIGN (0x4)
                0x0000000008006128                _etext = .

.vfp11_veneer   0x0000000008006128        0x0
 .vfp11_veneer  0x0000000008006128        0x0 linker stubs

.v4_bx          0x0000000008006128        0x0
 .v4_bx         0x0000000008006128        0x0 linker stubs

.iplt           0x0000000008006128        0x0
 .iplt          0x0000000008006128        0x0 c:/st/stm32cubeide_1.7.0/stm32cubeide/plugins/com.st.stm32cube.ide.mcu.externaltools.gnu-tools-for-stm32.9-2020-q2-update.win32_2.0.0.202105311346/tools/bin/../lib/gcc/arm-none-eabi/9.3.1/thumb/v7-m/nofp/crtbegin.o

.rodata         0x0000000008006128      0x858
                0x0000000008006128                . = ALIGN (0x4)
 *(.rodata)
 .rodata        0x0000000008006128       0x1b ./Core/Src/iap.o
 *fill*         0x0000000008006143        0x1 
 .rodata        0x0000000008006144       0x80 ./Core/Src/main.o
 .rodata        0x00000000080061c4      0x232 ./Core/Src/rt_bus_proto.o
 *fill*         0x00000000080063f6        0x2 
 .rodata        0x00000000080063f8        0x3 ./Core/Src/stm32f1xx_it.o
 *fill*         0x00000000080063fb        0x1 
 .rodata        0x00000000080063fc        0x3 ./Core/Src/usart.o
 *fill*         0x00000000080063ff        0x1 
 .rodata        0x0000000008006400       0x10 ./Drivers/STM32F1xx_HAL_Driver/Src/stm32f1xx_hal_rcc.o
 *(.rodata*)
 .rodata.io_expander_key
                0x0000000008006410       0x10 ./Core/Src/aes.o
                0x0000000008006410                io_expander_key
 .rodata.sbox   0x0000000008006420      0x100 ./Core/Src/aes.o
 .rodata.rsbox  0x0000000008006520      0x100 ./Core/Src/aes.o
 .rodata.Rcon   0x0000000008006620        0xb ./Core/Src/aes.o
 *fill*         0x000000000800662b        0x1 
 .rodata.crc_ccitt_table
                0x000000000800662c      0x200 ./Core/Src/crc16.o
                0x000000000800662c                crc_ccitt_table
 .rodata.commands
                0x000000000800682c       0x38 ./Core/Src/rt_bus_proto.o
                0x000000000800682c                commands
 .rodata.__func__.7537
                0x0000000008006864       0x18 ./Core/Src/rt_bus_proto.o
 .rodata.__func__.7544
                0x000000000800687c       0x11 ./Core/Src/rt_bus_proto.o
 *fill*         0x000000000800688d        0x3 
 .rodata.__func__.7551
                0x0000000008006890       0x1f ./Core/Src/rt_bus_proto.o
 *fill*         0x00000000080068af        0x1 
 .rodata.__func__.7561
                0x00000000080068b0       0x13 ./Core/Src/rt_bus_proto.o
 *fill*         0x00000000080068c3        0x1 
 .rodata.__func__.7568
                0x00000000080068c4       0x1c ./Core/Src/rt_bus_proto.o
 .rodata.__func__.7584
                0x00000000080068e0       0x1c ./Core/Src/rt_bus_proto.o
 .rodata.__func__.7591
                0x00000000080068fc       0x24 ./Core/Src/rt_bus_proto.o
 .rodata.__func__.6155
                0x0000000008006920       0x12 ./Core/Src/stm32f1xx_it.o
 *fill*         0x0000000008006932        0x2 
 .rodata.AHBPrescTable
                0x0000000008006934       0x10 ./Core/Src/system_stm32f1xx.o
                0x0000000008006934                AHBPrescTable
 .rodata.APBPrescTable
                0x0000000008006944        0x8 ./Core/Src/system_stm32f1xx.o
                0x0000000008006944                APBPrescTable
 .rodata._svfprintf_r.str1.1
                0x000000000800694c       0x11 c:/st/stm32cubeide_1.7.0/stm32cubeide/plugins/com.st.stm32cube.ide.mcu.externaltools.gnu-tools-for-stm32.9-2020-q2-update.win32_2.0.0.202105311346/tools/bin/../lib/gcc/arm-none-eabi/9.3.1/../../../../arm-none-eabi/lib/thumb/v7-m/nofp\libc_nano.a(lib_a-nano-svfprintf.o)
 .rodata._printf_i.str1.1
                0x000000000800695d       0x22 c:/st/stm32cubeide_1.7.0/stm32cubeide/plugins/com.st.stm32cube.ide.mcu.externaltools.gnu-tools-for-stm32.9-2020-q2-update.win32_2.0.0.202105311346/tools/bin/../lib/gcc/arm-none-eabi/9.3.1/../../../../arm-none-eabi/lib/thumb/v7-m/nofp\libc_nano.a(lib_a-nano-vfprintf_i.o)
                0x0000000008006980                . = ALIGN (0x4)
 *fill*         0x000000000800697f        0x1 

.ARM.extab      0x0000000008006980        0x0
                0x0000000008006980                . = ALIGN (0x4)
 *(.ARM.extab* .gnu.linkonce.armextab.*)
                0x0000000008006980                . = ALIGN (0x4)

.ARM            0x0000000008006980        0x0
                0x0000000008006980                . = ALIGN (0x4)
                0x0000000008006980                __exidx_start = .
 *(.ARM.exidx*)
                0x0000000008006980                __exidx_end = .
                0x0000000008006980                . = ALIGN (0x4)

.preinit_array  0x0000000008006980        0x0
                0x0000000008006980                . = ALIGN (0x4)
                0x0000000008006980                PROVIDE (__preinit_array_start = .)
 *(.preinit_array*)
                0x0000000008006980                PROVIDE (__preinit_array_end = .)
                0x0000000008006980                . = ALIGN (0x4)

.init_array     0x0000000008006980        0x4
                0x0000000008006980                . = ALIGN (0x4)
                0x0000000008006980                PROVIDE (__init_array_start = .)
 *(SORT_BY_NAME(.init_array.*))
 *(.init_array*)
 .init_array    0x0000000008006980        0x4 c:/st/stm32cubeide_1.7.0/stm32cubeide/plugins/com.st.stm32cube.ide.mcu.externaltools.gnu-tools-for-stm32.9-2020-q2-update.win32_2.0.0.202105311346/tools/bin/../lib/gcc/arm-none-eabi/9.3.1/thumb/v7-m/nofp/crtbegin.o
                0x0000000008006984                PROVIDE (__init_array_end = .)
                0x0000000008006984                . = ALIGN (0x4)

.fini_array     0x0000000008006984        0x4
                0x0000000008006984                . = ALIGN (0x4)
                [!provide]                        PROVIDE (__fini_array_start = .)
 *(SORT_BY_NAME(.fini_array.*))
 *(.fini_array*)
 .fini_array    0x0000000008006984        0x4 c:/st/stm32cubeide_1.7.0/stm32cubeide/plugins/com.st.stm32cube.ide.mcu.externaltools.gnu-tools-for-stm32.9-2020-q2-update.win32_2.0.0.202105311346/tools/bin/../lib/gcc/arm-none-eabi/9.3.1/thumb/v7-m/nofp/crtbegin.o
                [!provide]                        PROVIDE (__fini_array_end = .)
                0x0000000008006988                . = ALIGN (0x4)

.RAMVectorTable
                0x0000000020000000      0x200
 *(.RAMVectorTable)
 .RAMVectorTable
                0x0000000020000000      0x200 ./Core/Src/rt_init.o
                0x0000000020000000                VectorTable

.IAPMailbox     0x0000000020000200        0x8
 *(.IAPMailbox)
 .IAPMailbox    0x0000000020000200        0x8 ./Core/Src/rt_init.o
                0x0000000020000200                iapMailbox
                0x0000000008006988                _sidata = LOADADDR (.data)

.data           0x0000000020000208       0x74 load address 0x0000000008006988
                0x0000000020000208                . = ALIGN (0x4)
                0x0000000020000208                _sdata = .
 *(.data)
 *(.data*)
 .data.prevDMACnt
                0x0000000020000208        0x2 ./Core/Src/rt_bus_proto.o
                0x0000000020000208                prevDMACnt
 *fill*         0x000000002000020a        0x2 
 .data.SystemCoreClock
                0x000000002000020c        0x4 ./Core/Src/system_stm32f1xx.o
                0x000000002000020c                SystemCoreClock
 .data.uwTickPrio
                0x0000000020000210        0x4 ./Drivers/STM32F1xx_HAL_Driver/Src/stm32f1xx_hal.o
                0x0000000020000210                uwTickPrio
 .data.uwTickFreq
                0x0000000020000214        0x1 ./Drivers/STM32F1xx_HAL_Driver/Src/stm32f1xx_hal.o
                0x0000000020000214                uwTickFreq
 *fill*         0x0000000020000215        0x3 
 .data._impure_ptr
                0x0000000020000218        0x4 c:/st/stm32cubeide_1.7.0/stm32cubeide/plugins/com.st.stm32cube.ide.mcu.externaltools.gnu-tools-for-stm32.9-2020-q2-update.win32_2.0.0.202105311346/tools/bin/../lib/gcc/arm-none-eabi/9.3.1/../../../../arm-none-eabi/lib/thumb/v7-m/nofp\libc_nano.a(lib_a-impure.o)
                0x0000000020000218                _impure_ptr
 .data.impure_data
                0x000000002000021c       0x60 c:/st/stm32cubeide_1.7.0/stm32cubeide/plugins/com.st.stm32cube.ide.mcu.externaltools.gnu-tools-for-stm32.9-2020-q2-update.win32_2.0.0.202105311346/tools/bin/../lib/gcc/arm-none-eabi/9.3.1/../../../../arm-none-eabi/lib/thumb/v7-m/nofp\libc_nano.a(lib_a-impure.o)
 *(.RamFunc)
 *(.RamFunc*)
                0x000000002000027c                . = ALIGN (0x4)
                0x000000002000027c                _edata = .

.igot.plt       0x000000002000027c        0x0 load address 0x00000000080069fc
 .igot.plt      0x000000002000027c        0x0 c:/st/stm32cubeide_1.7.0/stm32cubeide/plugins/com.st.stm32cube.ide.mcu.externaltools.gnu-tools-for-stm32.9-2020-q2-update.win32_2.0.0.202105311346/tools/bin/../lib/gcc/arm-none-eabi/9.3.1/thumb/v7-m/nofp/crtbegin.o

.app_sha        0x00000000080069fc       0x14
                0x00000000080069fc                . = ALIGN (0x4)
 *(.app_sha)
 .app_sha       0x00000000080069fc       0x14 ./Core/Src/rt_init.o
                0x00000000080069fc                appsha
                0x0000000008006a10                . = ALIGN (0x4)

.rel.dyn        0x0000000008006a10        0x0
 .rel.iplt      0x0000000008006a10        0x0 c:/st/stm32cubeide_1.7.0/stm32cubeide/plugins/com.st.stm32cube.ide.mcu.externaltools.gnu-tools-for-stm32.9-2020-q2-update.win32_2.0.0.202105311346/tools/bin/../lib/gcc/arm-none-eabi/9.3.1/thumb/v7-m/nofp/crtbegin.o
                0x0000000008006a10                . = ALIGN (0x4)

.bss            0x0000000020000280     0x17c8
                0x0000000020000280                _sbss = .
                0x0000000020000280                __bss_start__ = _sbss
 *(.bss)
 .bss           0x0000000020000280       0x1c c:/st/stm32cubeide_1.7.0/stm32cubeide/plugins/com.st.stm32cube.ide.mcu.externaltools.gnu-tools-for-stm32.9-2020-q2-update.win32_2.0.0.202105311346/tools/bin/../lib/gcc/arm-none-eabi/9.3.1/thumb/v7-m/nofp/crtbegin.o
 *(.bss*)
 .bss.state     0x000000002000029c        0x4 ./Core/Src/aes.o
 .bss.RoundKey  0x00000000200002a0       0xb0 ./Core/Src/aes.o
 .bss.Key       0x0000000020000350        0x4 ./Core/Src/aes.o
 .bss.Iv        0x0000000020000354        0x4 ./Core/Src/aes.o
 .bss.gRunMode  0x0000000020000358        0x1 ./Core/Src/main.o
                0x0000000020000358                gRunMode
 .bss.gStayInBootloader
                0x0000000020000359        0x1 ./Core/Src/main.o
                0x0000000020000359                gStayInBootloader
 .bss.g_comms_mode
                0x000000002000035a        0x1 ./Core/Src/main.o
                0x000000002000035a                g_comms_mode
 .bss.isFrameReady
                0x000000002000035b        0x1 ./Core/Src/rt_bus_proto.o
                0x000000002000035b                isFrameReady
 .bss.gFrameCount
                0x000000002000035c        0x4 ./Core/Src/rt_bus_proto.o
                0x000000002000035c                gFrameCount
 .bss.__sbrk_heap_end
                0x0000000020000360        0x4 ./Core/Src/sysmem.o
 .bss.__malloc_free_list
                0x0000000020000364        0x4 c:/st/stm32cubeide_1.7.0/stm32cubeide/plugins/com.st.stm32cube.ide.mcu.externaltools.gnu-tools-for-stm32.9-2020-q2-update.win32_2.0.0.202105311346/tools/bin/../lib/gcc/arm-none-eabi/9.3.1/../../../../arm-none-eabi/lib/thumb/v7-m/nofp\libc_nano.a(lib_a-nano-mallocr.o)
                0x0000000020000364                __malloc_free_list
 .bss.__malloc_sbrk_start
                0x0000000020000368        0x4 c:/st/stm32cubeide_1.7.0/stm32cubeide/plugins/com.st.stm32cube.ide.mcu.externaltools.gnu-tools-for-stm32.9-2020-q2-update.win32_2.0.0.202105311346/tools/bin/../lib/gcc/arm-none-eabi/9.3.1/../../../../arm-none-eabi/lib/thumb/v7-m/nofp\libc_nano.a(lib_a-nano-mallocr.o)
                0x0000000020000368                __malloc_sbrk_start
 *(COMMON)
 COMMON         0x000000002000036c       0x54 ./Core/Src/i2c.o
                0x000000002000036c                hi2c1
 COMMON         0x00000000200003c0     0x14ec ./Core/Src/rt_bus_proto.o
                0x00000000200003c0                flashBuffer
                0x00000000200007d0                gSPI_Tx_DMA_Buf
                0x0000000020000c04                gRT_Command_Packet
                0x0000000020001044                gSPI_Rx_DMA_Buf
                0x0000000020001478                gSPI_Rx_Buf
 COMMON         0x00000000200018ac       0xe0 ./Core/Src/spi.o
                0x00000000200018ac                hspi1
                0x0000000020001904                hdma_spi1_rx
                0x0000000020001948                hdma_spi1_tx
 COMMON         0x000000002000198c       0x88 ./Core/Src/usart.o
                0x000000002000198c                hdma_usart1_tx
                0x00000000200019d0                huart1
 COMMON         0x0000000020001a14        0x4 ./Drivers/STM32F1xx_HAL_Driver/Src/stm32f1xx_hal.o
                0x0000000020001a14                uwTick
 COMMON         0x0000000020001a18       0x20 ./Drivers/STM32F1xx_HAL_Driver/Src/stm32f1xx_hal_flash.o
                0x0000000020001a18                pFlash
 COMMON         0x0000000020001a38        0x4 c:/st/stm32cubeide_1.7.0/stm32cubeide/plugins/com.st.stm32cube.ide.mcu.externaltools.gnu-tools-for-stm32.9-2020-q2-update.win32_2.0.0.202105311346/tools/bin/../lib/gcc/arm-none-eabi/9.3.1/../../../../arm-none-eabi/lib/thumb/v7-m/nofp\libc_nano.a(lib_a-reent.o)
                0x0000000020001a38                errno
 COMMON         0x0000000020001a3c        0x9 c:/st/stm32cubeide_1.7.0/stm32cubeide/plugins/com.st.stm32cube.ide.mcu.externaltools.gnu-tools-for-stm32.9-2020-q2-update.win32_2.0.0.202105311346/tools/bin/../lib/gcc/arm-none-eabi/9.3.1/../../../../arm-none-eabi/lib/thumb/v7-m/nofp\libc_nano.a(lib_a-lock.o)
                0x0000000020001a3c                __lock___atexit_recursive_mutex
                0x0000000020001a3d                __lock___arc4random_mutex
                0x0000000020001a3e                __lock___env_recursive_mutex
                0x0000000020001a3f                __lock___sinit_recursive_mutex
                0x0000000020001a40                __lock___malloc_recursive_mutex
                0x0000000020001a41                __lock___at_quick_exit_mutex
                0x0000000020001a42                __lock___dd_hash_mutex
                0x0000000020001a43                __lock___tz_mutex
                0x0000000020001a44                __lock___sfp_recursive_mutex
                0x0000000020001a48                . = ALIGN (0x4)
 *fill*         0x0000000020001a45        0x3 
                0x0000000020001a48                _ebss = .
                0x0000000020001a48                __bss_end__ = _ebss

._user_heap_stack
                0x0000000020001a48      0x600
                0x0000000020001a48                . = ALIGN (0x8)
                [!provide]                        PROVIDE (end = .)
                0x0000000020001a48                PROVIDE (_end = .)
                0x0000000020001c48                . = (. + _Min_Heap_Size)
 *fill*         0x0000000020001a48      0x200 
                0x0000000020002048                . = (. + _Min_Stack_Size)
 *fill*         0x0000000020001c48      0x400 
                0x0000000020002048                . = ALIGN (0x8)

/DISCARD/
 libc.a(*)
 libm.a(*)
 libgcc.a(*)

.ARM.attributes
                0x0000000000000000       0x29
 *(.ARM.attributes)
 .ARM.attributes
                0x0000000000000000       0x1d c:/st/stm32cubeide_1.7.0/stm32cubeide/plugins/com.st.stm32cube.ide.mcu.externaltools.gnu-tools-for-stm32.9-2020-q2-update.win32_2.0.0.202105311346/tools/bin/../lib/gcc/arm-none-eabi/9.3.1/thumb/v7-m/nofp/crti.o
 .ARM.attributes
                0x000000000000001d       0x2d c:/st/stm32cubeide_1.7.0/stm32cubeide/plugins/com.st.stm32cube.ide.mcu.externaltools.gnu-tools-for-stm32.9-2020-q2-update.win32_2.0.0.202105311346/tools/bin/../lib/gcc/arm-none-eabi/9.3.1/thumb/v7-m/nofp/crtbegin.o
 .ARM.attributes
                0x000000000000004a       0x2d ./Core/Src/aes.o
 .ARM.attributes
                0x0000000000000077       0x2d ./Core/Src/crc16.o
 .ARM.attributes
                0x00000000000000a4       0x2d ./Core/Src/dma.o
 .ARM.attributes
                0x00000000000000d1       0x2d ./Core/Src/flash_if.o
 .ARM.attributes
                0x00000000000000fe       0x2d ./Core/Src/gpio.o
 .ARM.attributes
                0x000000000000012b       0x2d ./Core/Src/i2c.o
 .ARM.attributes
                0x0000000000000158       0x2d ./Core/Src/iap.o
 .ARM.attributes
                0x0000000000000185       0x2d ./Core/Src/main.o
 .ARM.attributes
                0x00000000000001b2       0x2d ./Core/Src/rt_bus_proto.o
 .ARM.attributes
                0x00000000000001df       0x2d ./Core/Src/rt_init.o
 .ARM.attributes
                0x000000000000020c       0x2d ./Core/Src/sha1.o
 .ARM.attributes
                0x0000000000000239       0x2d ./Core/Src/spi.o
 .ARM.attributes
                0x0000000000000266       0x2d ./Core/Src/stm32f1xx_hal_msp.o
 .ARM.attributes
                0x0000000000000293       0x2d ./Core/Src/stm32f1xx_it.o
 .ARM.attributes
                0x00000000000002c0       0x2d ./Core/Src/sysmem.o
 .ARM.attributes
                0x00000000000002ed       0x2d ./Core/Src/system_stm32f1xx.o
 .ARM.attributes
                0x000000000000031a       0x2d ./Core/Src/usart.o
 .ARM.attributes
                0x0000000000000347       0x21 ./Core/Startup/startup_stm32f103rctx.o
 .ARM.attributes
                0x0000000000000368       0x2d ./Drivers/STM32F1xx_HAL_Driver/Src/stm32f1xx_hal.o
 .ARM.attributes
                0x0000000000000395       0x2d ./Drivers/STM32F1xx_HAL_Driver/Src/stm32f1xx_hal_cortex.o
 .ARM.attributes
                0x00000000000003c2       0x2d ./Drivers/STM32F1xx_HAL_Driver/Src/stm32f1xx_hal_dma.o
 .ARM.attributes
                0x00000000000003ef       0x2d ./Drivers/STM32F1xx_HAL_Driver/Src/stm32f1xx_hal_flash.o
 .ARM.attributes
                0x000000000000041c       0x2d ./Drivers/STM32F1xx_HAL_Driver/Src/stm32f1xx_hal_flash_ex.o
 .ARM.attributes
                0x0000000000000449       0x2d ./Drivers/STM32F1xx_HAL_Driver/Src/stm32f1xx_hal_gpio.o
 .ARM.attributes
                0x0000000000000476       0x2d ./Drivers/STM32F1xx_HAL_Driver/Src/stm32f1xx_hal_i2c.o
 .ARM.attributes
                0x00000000000004a3       0x2d ./Drivers/STM32F1xx_HAL_Driver/Src/stm32f1xx_hal_rcc.o
 .ARM.attributes
                0x00000000000004d0       0x2d ./Drivers/STM32F1xx_HAL_Driver/Src/stm32f1xx_hal_spi.o
 .ARM.attributes
                0x00000000000004fd       0x2d ./Drivers/STM32F1xx_HAL_Driver/Src/stm32f1xx_hal_uart.o
 .ARM.attributes
                0x000000000000052a       0x2d c:/st/stm32cubeide_1.7.0/stm32cubeide/plugins/com.st.stm32cube.ide.mcu.externaltools.gnu-tools-for-stm32.9-2020-q2-update.win32_2.0.0.202105311346/tools/bin/../lib/gcc/arm-none-eabi/9.3.1/../../../../arm-none-eabi/lib/thumb/v7-m/nofp\libc_nano.a(lib_a-errno.o)
 .ARM.attributes
                0x0000000000000557       0x2d c:/st/stm32cubeide_1.7.0/stm32cubeide/plugins/com.st.stm32cube.ide.mcu.externaltools.gnu-tools-for-stm32.9-2020-q2-update.win32_2.0.0.202105311346/tools/bin/../lib/gcc/arm-none-eabi/9.3.1/../../../../arm-none-eabi/lib/thumb/v7-m/nofp\libc_nano.a(lib_a-impure.o)
 .ARM.attributes
                0x0000000000000584       0x2d c:/st/stm32cubeide_1.7.0/stm32cubeide/plugins/com.st.stm32cube.ide.mcu.externaltools.gnu-tools-for-stm32.9-2020-q2-update.win32_2.0.0.202105311346/tools/bin/../lib/gcc/arm-none-eabi/9.3.1/../../../../arm-none-eabi/lib/thumb/v7-m/nofp\libc_nano.a(lib_a-init.o)
 .ARM.attributes
                0x00000000000005b1       0x2d c:/st/stm32cubeide_1.7.0/stm32cubeide/plugins/com.st.stm32cube.ide.mcu.externaltools.gnu-tools-for-stm32.9-2020-q2-update.win32_2.0.0.202105311346/tools/bin/../lib/gcc/arm-none-eabi/9.3.1/../../../../arm-none-eabi/lib/thumb/v7-m/nofp\libc_nano.a(lib_a-memcmp.o)
 .ARM.attributes
                0x00000000000005de       0x2d c:/st/stm32cubeide_1.7.0/stm32cubeide/plugins/com.st.stm32cube.ide.mcu.externaltools.gnu-tools-for-stm32.9-2020-q2-update.win32_2.0.0.202105311346/tools/bin/../lib/gcc/arm-none-eabi/9.3.1/../../../../arm-none-eabi/lib/thumb/v7-m/nofp\libc_nano.a(lib_a-memcpy-stub.o)
 .ARM.attributes
                0x000000000000060b       0x2d c:/st/stm32cubeide_1.7.0/stm32cubeide/plugins/com.st.stm32cube.ide.mcu.externaltools.gnu-tools-for-stm32.9-2020-q2-update.win32_2.0.0.202105311346/tools/bin/../lib/gcc/arm-none-eabi/9.3.1/../../../../arm-none-eabi/lib/thumb/v7-m/nofp\libc_nano.a(lib_a-memset.o)
 .ARM.attributes
                0x0000000000000638       0x17 c:/st/stm32cubeide_1.7.0/stm32cubeide/plugins/com.st.stm32cube.ide.mcu.externaltools.gnu-tools-for-stm32.9-2020-q2-update.win32_2.0.0.202105311346/tools/bin/../lib/gcc/arm-none-eabi/9.3.1/../../../../arm-none-eabi/lib/thumb/v7-m/nofp\libc_nano.a(lib_a-strlen.o)
 .ARM.attributes
                0x000000000000064f       0x2d c:/st/stm32cubeide_1.7.0/stm32cubeide/plugins/com.st.stm32cube.ide.mcu.externaltools.gnu-tools-for-stm32.9-2020-q2-update.win32_2.0.0.202105311346/tools/bin/../lib/gcc/arm-none-eabi/9.3.1/../../../../arm-none-eabi/lib/thumb/v7-m/nofp\libc_nano.a(lib_a-vsprintf.o)
 .ARM.attributes
                0x000000000000067c       0x2d c:/st/stm32cubeide_1.7.0/stm32cubeide/plugins/com.st.stm32cube.ide.mcu.externaltools.gnu-tools-for-stm32.9-2020-q2-update.win32_2.0.0.202105311346/tools/bin/../lib/gcc/arm-none-eabi/9.3.1/../../../../arm-none-eabi/lib/thumb/v7-m/nofp\libc_nano.a(lib_a-nano-svfprintf.o)
 .ARM.attributes
                0x00000000000006a9       0x2d c:/st/stm32cubeide_1.7.0/stm32cubeide/plugins/com.st.stm32cube.ide.mcu.externaltools.gnu-tools-for-stm32.9-2020-q2-update.win32_2.0.0.202105311346/tools/bin/../lib/gcc/arm-none-eabi/9.3.1/../../../../arm-none-eabi/lib/thumb/v7-m/nofp\libc_nano.a(lib_a-nano-vfprintf_i.o)
 .ARM.attributes
                0x00000000000006d6       0x2d c:/st/stm32cubeide_1.7.0/stm32cubeide/plugins/com.st.stm32cube.ide.mcu.externaltools.gnu-tools-for-stm32.9-2020-q2-update.win32_2.0.0.202105311346/tools/bin/../lib/gcc/arm-none-eabi/9.3.1/../../../../arm-none-eabi/lib/thumb/v7-m/nofp\libc_nano.a(lib_a-memchr-stub.o)
 .ARM.attributes
                0x0000000000000703       0x2d c:/st/stm32cubeide_1.7.0/stm32cubeide/plugins/com.st.stm32cube.ide.mcu.externaltools.gnu-tools-for-stm32.9-2020-q2-update.win32_2.0.0.202105311346/tools/bin/../lib/gcc/arm-none-eabi/9.3.1/../../../../arm-none-eabi/lib/thumb/v7-m/nofp\libc_nano.a(lib_a-memmove.o)
 .ARM.attributes
                0x0000000000000730       0x2d c:/st/stm32cubeide_1.7.0/stm32cubeide/plugins/com.st.stm32cube.ide.mcu.externaltools.gnu-tools-for-stm32.9-2020-q2-update.win32_2.0.0.202105311346/tools/bin/../lib/gcc/arm-none-eabi/9.3.1/../../../../arm-none-eabi/lib/thumb/v7-m/nofp\libc_nano.a(lib_a-nano-freer.o)
 .ARM.attributes
                0x000000000000075d       0x2d c:/st/stm32cubeide_1.7.0/stm32cubeide/plugins/com.st.stm32cube.ide.mcu.externaltools.gnu-tools-for-stm32.9-2020-q2-update.win32_2.0.0.202105311346/tools/bin/../lib/gcc/arm-none-eabi/9.3.1/../../../../arm-none-eabi/lib/thumb/v7-m/nofp\libc_nano.a(lib_a-nano-mallocr.o)
 .ARM.attributes
                0x000000000000078a       0x2d c:/st/stm32cubeide_1.7.0/stm32cubeide/plugins/com.st.stm32cube.ide.mcu.externaltools.gnu-tools-for-stm32.9-2020-q2-update.win32_2.0.0.202105311346/tools/bin/../lib/gcc/arm-none-eabi/9.3.1/../../../../arm-none-eabi/lib/thumb/v7-m/nofp\libc_nano.a(lib_a-nano-reallocr.o)
 .ARM.attributes
                0x00000000000007b7       0x2d c:/st/stm32cubeide_1.7.0/stm32cubeide/plugins/com.st.stm32cube.ide.mcu.externaltools.gnu-tools-for-stm32.9-2020-q2-update.win32_2.0.0.202105311346/tools/bin/../lib/gcc/arm-none-eabi/9.3.1/../../../../arm-none-eabi/lib/thumb/v7-m/nofp\libc_nano.a(lib_a-sbrkr.o)
 .ARM.attributes
                0x00000000000007e4       0x2d c:/st/stm32cubeide_1.7.0/stm32cubeide/plugins/com.st.stm32cube.ide.mcu.externaltools.gnu-tools-for-stm32.9-2020-q2-update.win32_2.0.0.202105311346/tools/bin/../lib/gcc/arm-none-eabi/9.3.1/../../../../arm-none-eabi/lib/thumb/v7-m/nofp\libc_nano.a(lib_a-mlock.o)
 .ARM.attributes
                0x0000000000000811       0x2d c:/st/stm32cubeide_1.7.0/stm32cubeide/plugins/com.st.stm32cube.ide.mcu.externaltools.gnu-tools-for-stm32.9-2020-q2-update.win32_2.0.0.202105311346/tools/bin/../lib/gcc/arm-none-eabi/9.3.1/../../../../arm-none-eabi/lib/thumb/v7-m/nofp\libc_nano.a(lib_a-nano-msizer.o)
 .ARM.attributes
                0x000000000000083e       0x2d c:/st/stm32cubeide_1.7.0/stm32cubeide/plugins/com.st.stm32cube.ide.mcu.externaltools.gnu-tools-for-stm32.9-2020-q2-update.win32_2.0.0.202105311346/tools/bin/../lib/gcc/arm-none-eabi/9.3.1/../../../../arm-none-eabi/lib/thumb/v7-m/nofp\libc_nano.a(lib_a-reent.o)
 .ARM.attributes
                0x000000000000086b       0x2d c:/st/stm32cubeide_1.7.0/stm32cubeide/plugins/com.st.stm32cube.ide.mcu.externaltools.gnu-tools-for-stm32.9-2020-q2-update.win32_2.0.0.202105311346/tools/bin/../lib/gcc/arm-none-eabi/9.3.1/../../../../arm-none-eabi/lib/thumb/v7-m/nofp\libc_nano.a(lib_a-lock.o)
 .ARM.attributes
                0x0000000000000898       0x1d c:/st/stm32cubeide_1.7.0/stm32cubeide/plugins/com.st.stm32cube.ide.mcu.externaltools.gnu-tools-for-stm32.9-2020-q2-update.win32_2.0.0.202105311346/tools/bin/../lib/gcc/arm-none-eabi/9.3.1/thumb/v7-m/nofp/crtn.o
OUTPUT(F1_CompactController_AuxMCU_Bootloader.elf elf32-littlearm)
LOAD linker stubs
LOAD c:/st/stm32cubeide_1.7.0/stm32cubeide/plugins/com.st.stm32cube.ide.mcu.externaltools.gnu-tools-for-stm32.9-2020-q2-update.win32_2.0.0.202105311346/tools/bin/../lib/gcc/arm-none-eabi/9.3.1/../../../../arm-none-eabi/lib/thumb/v7-m/nofp\libc.a
LOAD c:/st/stm32cubeide_1.7.0/stm32cubeide/plugins/com.st.stm32cube.ide.mcu.externaltools.gnu-tools-for-stm32.9-2020-q2-update.win32_2.0.0.202105311346/tools/bin/../lib/gcc/arm-none-eabi/9.3.1/../../../../arm-none-eabi/lib/thumb/v7-m/nofp\libm.a
LOAD c:/st/stm32cubeide_1.7.0/stm32cubeide/plugins/com.st.stm32cube.ide.mcu.externaltools.gnu-tools-for-stm32.9-2020-q2-update.win32_2.0.0.202105311346/tools/bin/../lib/gcc/arm-none-eabi/9.3.1/thumb/v7-m/nofp\libgcc.a

.debug_info     0x0000000000000000    0x15d35
 .debug_info    0x0000000000000000      0xe82 ./Core/Src/aes.o
 .debug_info    0x0000000000000e82      0x245 ./Core/Src/crc16.o
 .debug_info    0x00000000000010c7      0x888 ./Core/Src/dma.o
 .debug_info    0x000000000000194f      0x514 ./Core/Src/flash_if.o
 .debug_info    0x0000000000001e63      0x9cd ./Core/Src/gpio.o
 .debug_info    0x0000000000002830      0xb03 ./Core/Src/i2c.o
 .debug_info    0x0000000000003333     0x14c9 ./Core/Src/iap.o
 .debug_info    0x00000000000047fc     0x191a ./Core/Src/main.o
 .debug_info    0x0000000000006116     0x1dae ./Core/Src/rt_bus_proto.o
 .debug_info    0x0000000000007ec4      0x6e9 ./Core/Src/rt_init.o
 .debug_info    0x00000000000085ad      0xb26 ./Core/Src/sha1.o
 .debug_info    0x00000000000090d3      0xcb1 ./Core/Src/spi.o
 .debug_info    0x0000000000009d84      0x788 ./Core/Src/stm32f1xx_hal_msp.o
 .debug_info    0x000000000000a50c      0x9f1 ./Core/Src/stm32f1xx_it.o
 .debug_info    0x000000000000aefd      0xa25 ./Core/Src/sysmem.o
 .debug_info    0x000000000000b922      0x2be ./Core/Src/system_stm32f1xx.o
 .debug_info    0x000000000000bbe0     0x126a ./Core/Src/usart.o
 .debug_info    0x000000000000ce4a       0x22 ./Core/Startup/startup_stm32f103rctx.o
 .debug_info    0x000000000000ce6c      0x7d0 ./Drivers/STM32F1xx_HAL_Driver/Src/stm32f1xx_hal.o
 .debug_info    0x000000000000d63c      0xc42 ./Drivers/STM32F1xx_HAL_Driver/Src/stm32f1xx_hal_cortex.o
 .debug_info    0x000000000000e27e      0x81e ./Drivers/STM32F1xx_HAL_Driver/Src/stm32f1xx_hal_dma.o
 .debug_info    0x000000000000ea9c      0x5f3 ./Drivers/STM32F1xx_HAL_Driver/Src/stm32f1xx_hal_flash.o
 .debug_info    0x000000000000f08f      0x8a2 ./Drivers/STM32F1xx_HAL_Driver/Src/stm32f1xx_hal_flash_ex.o
 .debug_info    0x000000000000f931      0x701 ./Drivers/STM32F1xx_HAL_Driver/Src/stm32f1xx_hal_gpio.o
 .debug_info    0x0000000000010032     0x278e ./Drivers/STM32F1xx_HAL_Driver/Src/stm32f1xx_hal_i2c.o
 .debug_info    0x00000000000127c0      0x88e ./Drivers/STM32F1xx_HAL_Driver/Src/stm32f1xx_hal_rcc.o
 .debug_info    0x000000000001304e     0x16cd ./Drivers/STM32F1xx_HAL_Driver/Src/stm32f1xx_hal_spi.o
 .debug_info    0x000000000001471b     0x161a ./Drivers/STM32F1xx_HAL_Driver/Src/stm32f1xx_hal_uart.o

.debug_abbrev   0x0000000000000000     0x3837
 .debug_abbrev  0x0000000000000000      0x2c1 ./Core/Src/aes.o
 .debug_abbrev  0x00000000000002c1      0x125 ./Core/Src/crc16.o
 .debug_abbrev  0x00000000000003e6      0x16c ./Core/Src/dma.o
 .debug_abbrev  0x0000000000000552      0x174 ./Core/Src/flash_if.o
 .debug_abbrev  0x00000000000006c6      0x188 ./Core/Src/gpio.o
 .debug_abbrev  0x000000000000084e      0x1bb ./Core/Src/i2c.o
 .debug_abbrev  0x0000000000000a09      0x26d ./Core/Src/iap.o
 .debug_abbrev  0x0000000000000c76      0x2b3 ./Core/Src/main.o
 .debug_abbrev  0x0000000000000f29      0x3a0 ./Core/Src/rt_bus_proto.o
 .debug_abbrev  0x00000000000012c9      0x172 ./Core/Src/rt_init.o
 .debug_abbrev  0x000000000000143b      0x1d9 ./Core/Src/sha1.o
 .debug_abbrev  0x0000000000001614      0x1d7 ./Core/Src/spi.o
 .debug_abbrev  0x00000000000017eb      0x16e ./Core/Src/stm32f1xx_hal_msp.o
 .debug_abbrev  0x0000000000001959      0x1b7 ./Core/Src/stm32f1xx_it.o
 .debug_abbrev  0x0000000000001b10      0x1bf ./Core/Src/sysmem.o
 .debug_abbrev  0x0000000000001ccf      0x14e ./Core/Src/system_stm32f1xx.o
 .debug_abbrev  0x0000000000001e1d      0x27d ./Core/Src/usart.o
 .debug_abbrev  0x000000000000209a       0x12 ./Core/Startup/startup_stm32f103rctx.o
 .debug_abbrev  0x00000000000020ac      0x1ed ./Drivers/STM32F1xx_HAL_Driver/Src/stm32f1xx_hal.o
 .debug_abbrev  0x0000000000002299      0x313 ./Drivers/STM32F1xx_HAL_Driver/Src/stm32f1xx_hal_cortex.o
 .debug_abbrev  0x00000000000025ac      0x228 ./Drivers/STM32F1xx_HAL_Driver/Src/stm32f1xx_hal_dma.o
 .debug_abbrev  0x00000000000027d4      0x23e ./Drivers/STM32F1xx_HAL_Driver/Src/stm32f1xx_hal_flash.o
 .debug_abbrev  0x0000000000002a12      0x249 ./Drivers/STM32F1xx_HAL_Driver/Src/stm32f1xx_hal_flash_ex.o
 .debug_abbrev  0x0000000000002c5b      0x1e8 ./Drivers/STM32F1xx_HAL_Driver/Src/stm32f1xx_hal_gpio.o
 .debug_abbrev  0x0000000000002e43      0x288 ./Drivers/STM32F1xx_HAL_Driver/Src/stm32f1xx_hal_i2c.o
 .debug_abbrev  0x00000000000030cb      0x273 ./Drivers/STM32F1xx_HAL_Driver/Src/stm32f1xx_hal_rcc.o
 .debug_abbrev  0x000000000000333e      0x26e ./Drivers/STM32F1xx_HAL_Driver/Src/stm32f1xx_hal_spi.o
 .debug_abbrev  0x00000000000035ac      0x28b ./Drivers/STM32F1xx_HAL_Driver/Src/stm32f1xx_hal_uart.o

.debug_aranges  0x0000000000000000      0xf60
 .debug_aranges
                0x0000000000000000       0x98 ./Core/Src/aes.o
 .debug_aranges
                0x0000000000000098       0x28 ./Core/Src/crc16.o
 .debug_aranges
                0x00000000000000c0       0x20 ./Core/Src/dma.o
 .debug_aranges
                0x00000000000000e0       0x40 ./Core/Src/flash_if.o
 .debug_aranges
                0x0000000000000120       0x20 ./Core/Src/gpio.o
 .debug_aranges
                0x0000000000000140       0x30 ./Core/Src/i2c.o
 .debug_aranges
                0x0000000000000170       0x30 ./Core/Src/iap.o
 .debug_aranges
                0x00000000000001a0       0x60 ./Core/Src/main.o
 .debug_aranges
                0x0000000000000200       0x98 ./Core/Src/rt_bus_proto.o
 .debug_aranges
                0x0000000000000298       0x20 ./Core/Src/rt_init.o
 .debug_aranges
                0x00000000000002b8       0x38 ./Core/Src/sha1.o
 .debug_aranges
                0x00000000000002f0       0x30 ./Core/Src/spi.o
 .debug_aranges
                0x0000000000000320       0x20 ./Core/Src/stm32f1xx_hal_msp.o
 .debug_aranges
                0x0000000000000340       0x88 ./Core/Src/stm32f1xx_it.o
 .debug_aranges
                0x00000000000003c8       0x20 ./Core/Src/sysmem.o
 .debug_aranges
                0x00000000000003e8       0x28 ./Core/Src/system_stm32f1xx.o
 .debug_aranges
                0x0000000000000410       0x50 ./Core/Src/usart.o
 .debug_aranges
                0x0000000000000460       0x28 ./Core/Startup/startup_stm32f103rctx.o
 .debug_aranges
                0x0000000000000488       0xe0 ./Drivers/STM32F1xx_HAL_Driver/Src/stm32f1xx_hal.o
 .debug_aranges
                0x0000000000000568      0x100 ./Drivers/STM32F1xx_HAL_Driver/Src/stm32f1xx_hal_cortex.o
 .debug_aranges
                0x0000000000000668       0x80 ./Drivers/STM32F1xx_HAL_Driver/Src/stm32f1xx_hal_dma.o
 .debug_aranges
                0x00000000000006e8       0x88 ./Drivers/STM32F1xx_HAL_Driver/Src/stm32f1xx_hal_flash.o
 .debug_aranges
                0x0000000000000770       0x98 ./Drivers/STM32F1xx_HAL_Driver/Src/stm32f1xx_hal_flash_ex.o
 .debug_aranges
                0x0000000000000808       0x58 ./Drivers/STM32F1xx_HAL_Driver/Src/stm32f1xx_hal_gpio.o
 .debug_aranges
                0x0000000000000860      0x2a0 ./Drivers/STM32F1xx_HAL_Driver/Src/stm32f1xx_hal_i2c.o
 .debug_aranges
                0x0000000000000b00       0x90 ./Drivers/STM32F1xx_HAL_Driver/Src/stm32f1xx_hal_rcc.o
 .debug_aranges
                0x0000000000000b90      0x1d0 ./Drivers/STM32F1xx_HAL_Driver/Src/stm32f1xx_hal_spi.o
 .debug_aranges
                0x0000000000000d60      0x200 ./Drivers/STM32F1xx_HAL_Driver/Src/stm32f1xx_hal_uart.o

.debug_ranges   0x0000000000000000      0xe18
 .debug_ranges  0x0000000000000000       0x88 ./Core/Src/aes.o
 .debug_ranges  0x0000000000000088       0x18 ./Core/Src/crc16.o
 .debug_ranges  0x00000000000000a0       0x10 ./Core/Src/dma.o
 .debug_ranges  0x00000000000000b0       0x30 ./Core/Src/flash_if.o
 .debug_ranges  0x00000000000000e0       0x10 ./Core/Src/gpio.o
 .debug_ranges  0x00000000000000f0       0x20 ./Core/Src/i2c.o
 .debug_ranges  0x0000000000000110       0x20 ./Core/Src/iap.o
 .debug_ranges  0x0000000000000130       0x50 ./Core/Src/main.o
 .debug_ranges  0x0000000000000180       0xa0 ./Core/Src/rt_bus_proto.o
 .debug_ranges  0x0000000000000220       0x10 ./Core/Src/rt_init.o
 .debug_ranges  0x0000000000000230       0x28 ./Core/Src/sha1.o
 .debug_ranges  0x0000000000000258       0x20 ./Core/Src/spi.o
 .debug_ranges  0x0000000000000278       0x10 ./Core/Src/stm32f1xx_hal_msp.o
 .debug_ranges  0x0000000000000288       0x78 ./Core/Src/stm32f1xx_it.o
 .debug_ranges  0x0000000000000300       0x10 ./Core/Src/sysmem.o
 .debug_ranges  0x0000000000000310       0x18 ./Core/Src/system_stm32f1xx.o
 .debug_ranges  0x0000000000000328       0x40 ./Core/Src/usart.o
 .debug_ranges  0x0000000000000368       0x20 ./Core/Startup/startup_stm32f103rctx.o
 .debug_ranges  0x0000000000000388       0xd0 ./Drivers/STM32F1xx_HAL_Driver/Src/stm32f1xx_hal.o
 .debug_ranges  0x0000000000000458       0xf0 ./Drivers/STM32F1xx_HAL_Driver/Src/stm32f1xx_hal_cortex.o
 .debug_ranges  0x0000000000000548       0x70 ./Drivers/STM32F1xx_HAL_Driver/Src/stm32f1xx_hal_dma.o
 .debug_ranges  0x00000000000005b8       0x78 ./Drivers/STM32F1xx_HAL_Driver/Src/stm32f1xx_hal_flash.o
 .debug_ranges  0x0000000000000630       0x88 ./Drivers/STM32F1xx_HAL_Driver/Src/stm32f1xx_hal_flash_ex.o
 .debug_ranges  0x00000000000006b8       0x48 ./Drivers/STM32F1xx_HAL_Driver/Src/stm32f1xx_hal_gpio.o
 .debug_ranges  0x0000000000000700      0x2b8 ./Drivers/STM32F1xx_HAL_Driver/Src/stm32f1xx_hal_i2c.o
 .debug_ranges  0x00000000000009b8       0x80 ./Drivers/STM32F1xx_HAL_Driver/Src/stm32f1xx_hal_rcc.o
 .debug_ranges  0x0000000000000a38      0x1c0 ./Drivers/STM32F1xx_HAL_Driver/Src/stm32f1xx_hal_spi.o
 .debug_ranges  0x0000000000000bf8      0x220 ./Drivers/STM32F1xx_HAL_Driver/Src/stm32f1xx_hal_uart.o

.debug_macro    0x0000000000000000    0x1c47e
 .debug_macro   0x0000000000000000      0x170 ./Core/Src/aes.o
 .debug_macro   0x0000000000000170      0xa9c ./Core/Src/aes.o
 .debug_macro   0x0000000000000c0c       0x22 ./Core/Src/aes.o
 .debug_macro   0x0000000000000c2e       0x8e ./Core/Src/aes.o
 .debug_macro   0x0000000000000cbc       0x51 ./Core/Src/aes.o
 .debug_macro   0x0000000000000d0d      0x103 ./Core/Src/aes.o
 .debug_macro   0x0000000000000e10       0x6a ./Core/Src/aes.o
 .debug_macro   0x0000000000000e7a      0x1df ./Core/Src/aes.o
 .debug_macro   0x0000000000001059       0x52 ./Core/Src/aes.o
 .debug_macro   0x00000000000010ab       0x18 ./Core/Src/aes.o
 .debug_macro   0x00000000000010c3       0x3c ./Core/Src/aes.o
 .debug_macro   0x00000000000010ff       0x34 ./Core/Src/aes.o
 .debug_macro   0x0000000000001133      0x174 ./Core/Src/aes.o
 .debug_macro   0x00000000000012a7       0x16 ./Core/Src/aes.o
 .debug_macro   0x00000000000012bd       0x43 ./Core/Src/aes.o
 .debug_macro   0x0000000000001300       0x34 ./Core/Src/aes.o
 .debug_macro   0x0000000000001334       0x10 ./Core/Src/aes.o
 .debug_macro   0x0000000000001344       0x58 ./Core/Src/aes.o
 .debug_macro   0x000000000000139c       0x71 ./Core/Src/aes.o
 .debug_macro   0x000000000000140d       0x1c ./Core/Src/aes.o
 .debug_macro   0x0000000000001429      0x12a ./Core/Src/aes.o
 .debug_macro   0x0000000000001553      0x339 ./Core/Src/aes.o
 .debug_macro   0x000000000000188c       0x10 ./Core/Src/aes.o
 .debug_macro   0x000000000000189c       0x35 ./Core/Src/aes.o
 .debug_macro   0x00000000000018d1       0x20 ./Core/Src/aes.o
 .debug_macro   0x00000000000018f1       0x1c ./Core/Src/aes.o
 .debug_macro   0x000000000000190d      0x1ac ./Core/Src/crc16.o
 .debug_macro   0x0000000000001ab9      0x227 ./Core/Src/crc16.o
 .debug_macro   0x0000000000001ce0       0x2e ./Core/Src/crc16.o
 .debug_macro   0x0000000000001d0e       0x22 ./Core/Src/crc16.o
 .debug_macro   0x0000000000001d30       0x1c ./Core/Src/crc16.o
 .debug_macro   0x0000000000001d4c       0x22 ./Core/Src/crc16.o
 .debug_macro   0x0000000000001d6e       0xc3 ./Core/Src/crc16.o
 .debug_macro   0x0000000000001e31      0xd23 ./Core/Src/crc16.o
 .debug_macro   0x0000000000002b54     0xfd8c ./Core/Src/crc16.o
 .debug_macro   0x00000000000128e0       0x6d ./Core/Src/crc16.o
 .debug_macro   0x000000000001294d     0x3468 ./Core/Src/crc16.o
 .debug_macro   0x0000000000015db5       0x5c ./Core/Src/crc16.o
 .debug_macro   0x0000000000015e11      0x5be ./Core/Src/crc16.o
 .debug_macro   0x00000000000163cf      0x4d5 ./Core/Src/crc16.o
 .debug_macro   0x00000000000168a4      0x1cb ./Core/Src/crc16.o
 .debug_macro   0x0000000000016a6f      0x114 ./Core/Src/crc16.o
 .debug_macro   0x0000000000016b83      0x1ea ./Core/Src/crc16.o
 .debug_macro   0x0000000000016d6d       0x27 ./Core/Src/crc16.o
 .debug_macro   0x0000000000016d94      0x144 ./Core/Src/crc16.o
 .debug_macro   0x0000000000016ed8      0x1bc ./Core/Src/crc16.o
 .debug_macro   0x0000000000017094       0x30 ./Core/Src/crc16.o
 .debug_macro   0x00000000000170c4       0x3c ./Core/Src/crc16.o
 .debug_macro   0x0000000000017100       0x57 ./Core/Src/crc16.o
 .debug_macro   0x0000000000017157       0x88 ./Core/Src/crc16.o
 .debug_macro   0x00000000000171df      0x24f ./Core/Src/crc16.o
 .debug_macro   0x000000000001742e      0x287 ./Core/Src/crc16.o
 .debug_macro   0x00000000000176b5      0x141 ./Core/Src/crc16.o
 .debug_macro   0x00000000000177f6      0x217 ./Core/Src/crc16.o
 .debug_macro   0x0000000000017a0d      0x279 ./Core/Src/crc16.o
 .debug_macro   0x0000000000017c86       0xb5 ./Core/Src/crc16.o
 .debug_macro   0x0000000000017d3b      0x1eb ./Core/Src/dma.o
 .debug_macro   0x0000000000017f26      0x355 ./Core/Src/dma.o
 .debug_macro   0x000000000001827b       0x4c ./Core/Src/dma.o
 .debug_macro   0x00000000000182c7       0xa6 ./Core/Src/dma.o
 .debug_macro   0x000000000001836d      0x1b1 ./Core/Src/flash_if.o
 .debug_macro   0x000000000001851e      0x34f ./Core/Src/flash_if.o
 .debug_macro   0x000000000001886d      0x1eb ./Core/Src/gpio.o
 .debug_macro   0x0000000000018a58      0x1eb ./Core/Src/i2c.o
 .debug_macro   0x0000000000018c43      0x2ca ./Core/Src/iap.o
 .debug_macro   0x0000000000018f0d       0x16 ./Core/Src/iap.o
 .debug_macro   0x0000000000018f23      0x333 ./Core/Src/iap.o
 .debug_macro   0x0000000000019256      0x3cb ./Core/Src/main.o
 .debug_macro   0x0000000000019621       0x1c ./Core/Src/main.o
 .debug_macro   0x000000000001963d       0x10 ./Core/Src/main.o
 .debug_macro   0x000000000001964d       0x10 ./Core/Src/main.o
 .debug_macro   0x000000000001965d       0x1c ./Core/Src/main.o
 .debug_macro   0x0000000000019679       0x52 ./Core/Src/main.o
 .debug_macro   0x00000000000196cb       0x22 ./Core/Src/main.o
 .debug_macro   0x00000000000196ed       0x10 ./Core/Src/main.o
 .debug_macro   0x00000000000196fd       0x40 ./Core/Src/main.o
 .debug_macro   0x000000000001973d       0xd5 ./Core/Src/main.o
 .debug_macro   0x0000000000019812       0x1c ./Core/Src/main.o
 .debug_macro   0x000000000001982e       0x3d ./Core/Src/main.o
 .debug_macro   0x000000000001986b       0x16 ./Core/Src/main.o
 .debug_macro   0x0000000000019881      0x145 ./Core/Src/main.o
 .debug_macro   0x00000000000199c6       0x34 ./Core/Src/main.o
 .debug_macro   0x00000000000199fa      0x3b1 ./Core/Src/rt_bus_proto.o
 .debug_macro   0x0000000000019dab       0xbd ./Core/Src/rt_bus_proto.o
 .debug_macro   0x0000000000019e68       0x56 ./Core/Src/rt_bus_proto.o
 .debug_macro   0x0000000000019ebe      0x1e7 ./Core/Src/rt_init.o
 .debug_macro   0x000000000001a0a5      0x1e4 ./Core/Src/sha1.o
 .debug_macro   0x000000000001a289       0x4c ./Core/Src/sha1.o
 .debug_macro   0x000000000001a2d5       0x94 ./Core/Src/sha1.o
 .debug_macro   0x000000000001a369       0x16 ./Core/Src/sha1.o
 .debug_macro   0x000000000001a37f       0x57 ./Core/Src/sha1.o
 .debug_macro   0x000000000001a3d6       0x97 ./Core/Src/sha1.o
 .debug_macro   0x000000000001a46d       0xfd ./Core/Src/sha1.o
 .debug_macro   0x000000000001a56a       0x16 ./Core/Src/sha1.o
 .debug_macro   0x000000000001a580      0x1eb ./Core/Src/spi.o
 .debug_macro   0x000000000001a76b      0x1e1 ./Core/Src/stm32f1xx_hal_msp.o
 .debug_macro   0x000000000001a94c      0x1ef ./Core/Src/stm32f1xx_it.o
 .debug_macro   0x000000000001ab3b       0xff ./Core/Src/sysmem.o
 .debug_macro   0x000000000001ac3a      0x23b ./Core/Src/sysmem.o
 .debug_macro   0x000000000001ae75      0x1a2 ./Core/Src/system_stm32f1xx.o
 .debug_macro   0x000000000001b017      0x2b8 ./Core/Src/usart.o
 .debug_macro   0x000000000001b2cf       0x58 ./Core/Src/usart.o
 .debug_macro   0x000000000001b327      0x1c6 ./Drivers/STM32F1xx_HAL_Driver/Src/stm32f1xx_hal.o
 .debug_macro   0x000000000001b4ed      0x1a2 ./Drivers/STM32F1xx_HAL_Driver/Src/stm32f1xx_hal_cortex.o
 .debug_macro   0x000000000001b68f      0x1a2 ./Drivers/STM32F1xx_HAL_Driver/Src/stm32f1xx_hal_dma.o
 .debug_macro   0x000000000001b831      0x1a2 ./Drivers/STM32F1xx_HAL_Driver/Src/stm32f1xx_hal_flash.o
 .debug_macro   0x000000000001b9d3      0x1b4 ./Drivers/STM32F1xx_HAL_Driver/Src/stm32f1xx_hal_flash_ex.o
 .debug_macro   0x000000000001bb87      0x20d ./Drivers/STM32F1xx_HAL_Driver/Src/stm32f1xx_hal_gpio.o
 .debug_macro   0x000000000001bd94      0x1e9 ./Drivers/STM32F1xx_HAL_Driver/Src/stm32f1xx_hal_i2c.o
 .debug_macro   0x000000000001bf7d      0x1b4 ./Drivers/STM32F1xx_HAL_Driver/Src/stm32f1xx_hal_rcc.o
 .debug_macro   0x000000000001c131      0x1aa ./Drivers/STM32F1xx_HAL_Driver/Src/stm32f1xx_hal_spi.o
 .debug_macro   0x000000000001c2db      0x1a3 ./Drivers/STM32F1xx_HAL_Driver/Src/stm32f1xx_hal_uart.o

.debug_line     0x0000000000000000    0x15255
 .debug_line    0x0000000000000000      0xe86 ./Core/Src/aes.o
 .debug_line    0x0000000000000e86      0x6b3 ./Core/Src/crc16.o
 .debug_line    0x0000000000001539      0x6a8 ./Core/Src/dma.o
 .debug_line    0x0000000000001be1      0x7e8 ./Core/Src/flash_if.o
 .debug_line    0x00000000000023c9      0x6e0 ./Core/Src/gpio.o
 .debug_line    0x0000000000002aa9      0x70e ./Core/Src/i2c.o
 .debug_line    0x00000000000031b7      0x8b2 ./Core/Src/iap.o
 .debug_line    0x0000000000003a69      0xa82 ./Core/Src/main.o
 .debug_line    0x00000000000044eb      0xe59 ./Core/Src/rt_bus_proto.o
 .debug_line    0x0000000000005344      0x69e ./Core/Src/rt_init.o
 .debug_line    0x00000000000059e2      0xa9d ./Core/Src/sha1.o
 .debug_line    0x000000000000647f      0x76a ./Core/Src/spi.o
 .debug_line    0x0000000000006be9      0x6aa ./Core/Src/stm32f1xx_hal_msp.o
 .debug_line    0x0000000000007293      0x7e6 ./Core/Src/stm32f1xx_it.o
 .debug_line    0x0000000000007a79      0x4f8 ./Core/Src/sysmem.o
 .debug_line    0x0000000000007f71      0x6f8 ./Core/Src/system_stm32f1xx.o
 .debug_line    0x0000000000008669      0x91f ./Core/Src/usart.o
 .debug_line    0x0000000000008f88       0x87 ./Core/Startup/startup_stm32f103rctx.o
 .debug_line    0x000000000000900f      0x925 ./Drivers/STM32F1xx_HAL_Driver/Src/stm32f1xx_hal.o
 .debug_line    0x0000000000009934      0xb0d ./Drivers/STM32F1xx_HAL_Driver/Src/stm32f1xx_hal_cortex.o
 .debug_line    0x000000000000a441     0x124f ./Drivers/STM32F1xx_HAL_Driver/Src/stm32f1xx_hal_dma.o
 .debug_line    0x000000000000b690      0xa02 ./Drivers/STM32F1xx_HAL_Driver/Src/stm32f1xx_hal_flash.o
 .debug_line    0x000000000000c092      0xaf3 ./Drivers/STM32F1xx_HAL_Driver/Src/stm32f1xx_hal_flash_ex.o
 .debug_line    0x000000000000cb85      0x9e4 ./Drivers/STM32F1xx_HAL_Driver/Src/stm32f1xx_hal_gpio.o
 .debug_line    0x000000000000d569     0x3a0f ./Drivers/STM32F1xx_HAL_Driver/Src/stm32f1xx_hal_i2c.o
 .debug_line    0x0000000000010f78      0xd33 ./Drivers/STM32F1xx_HAL_Driver/Src/stm32f1xx_hal_rcc.o
 .debug_line    0x0000000000011cab     0x1baa ./Drivers/STM32F1xx_HAL_Driver/Src/stm32f1xx_hal_spi.o
 .debug_line    0x0000000000013855     0x1a00 ./Drivers/STM32F1xx_HAL_Driver/Src/stm32f1xx_hal_uart.o

.debug_str      0x0000000000000000    0x983d2
 .debug_str     0x0000000000000000     0x71d3 ./Core/Src/aes.o
                                       0x749d (size before relaxing)
 .debug_str     0x00000000000071d3    0x89653 ./Core/Src/crc16.o
                                      0x8d873 (size before relaxing)
 .debug_str     0x0000000000090826     0x22b8 ./Core/Src/dma.o
                                      0x8fc25 (size before relaxing)
 .debug_str     0x0000000000092ade      0x2ee ./Core/Src/flash_if.o
                                      0x8f2e9 (size before relaxing)
 .debug_str     0x0000000000092dcc       0x85 ./Core/Src/gpio.o
                                      0x8fc87 (size before relaxing)
 .debug_str     0x0000000000092e51      0x282 ./Core/Src/i2c.o
                                      0x8fb79 (size before relaxing)
 .debug_str     0x00000000000930d3      0x2bb ./Core/Src/iap.o
                                      0x930a5 (size before relaxing)
 .debug_str     0x000000000009338e     0x19d7 ./Core/Src/main.o
                                      0x948f0 (size before relaxing)
 .debug_str     0x0000000000094d65      0x473 ./Core/Src/rt_bus_proto.o
                                      0x948b3 (size before relaxing)
 .debug_str     0x00000000000951d8       0x43 ./Core/Src/rt_init.o
                                      0x8f864 (size before relaxing)
 .debug_str     0x000000000009521b       0xa8 ./Core/Src/sha1.o
                                       0x783e (size before relaxing)
 .debug_str     0x00000000000952c3       0x4b ./Core/Src/spi.o
                                      0x8fe65 (size before relaxing)
 .debug_str     0x000000000009530e       0x50 ./Core/Src/stm32f1xx_hal_msp.o
                                      0x8f89d (size before relaxing)
 .debug_str     0x000000000009535e      0x12b ./Core/Src/stm32f1xx_it.o
                                      0x8faea (size before relaxing)
 .debug_str     0x0000000000095489      0x4e9 ./Core/Src/sysmem.o
                                       0x6281 (size before relaxing)
 .debug_str     0x0000000000095972       0x52 ./Core/Src/system_stm32f1xx.o
                                      0x8d8a1 (size before relaxing)
 .debug_str     0x00000000000959c4      0x161 ./Core/Src/usart.o
                                      0x92ca7 (size before relaxing)
 .debug_str     0x0000000000095b25       0x36 ./Core/Startup/startup_stm32f103rctx.o
                                         0x95 (size before relaxing)
 .debug_str     0x0000000000095b5b      0x2cd ./Drivers/STM32F1xx_HAL_Driver/Src/stm32f1xx_hal.o
                                      0x8e016 (size before relaxing)
 .debug_str     0x0000000000095e28      0x2a6 ./Drivers/STM32F1xx_HAL_Driver/Src/stm32f1xx_hal_cortex.o
                                      0x8e01e (size before relaxing)
 .debug_str     0x00000000000960ce      0x235 ./Drivers/STM32F1xx_HAL_Driver/Src/stm32f1xx_hal_dma.o
                                      0x8dc7c (size before relaxing)
 .debug_str     0x0000000000096303      0x286 ./Drivers/STM32F1xx_HAL_Driver/Src/stm32f1xx_hal_flash.o
                                      0x8db77 (size before relaxing)
 .debug_str     0x0000000000096589      0x2b9 ./Drivers/STM32F1xx_HAL_Driver/Src/stm32f1xx_hal_flash_ex.o
                                      0x8dd3b (size before relaxing)
 .debug_str     0x0000000000096842      0x2ff ./Drivers/STM32F1xx_HAL_Driver/Src/stm32f1xx_hal_gpio.o
                                      0x8dc65 (size before relaxing)
 .debug_str     0x0000000000096b41      0xb4c ./Drivers/STM32F1xx_HAL_Driver/Src/stm32f1xx_hal_i2c.o
                                      0x8e8dd (size before relaxing)
 .debug_str     0x000000000009768d      0x244 ./Drivers/STM32F1xx_HAL_Driver/Src/stm32f1xx_hal_rcc.o
                                      0x8dc9e (size before relaxing)
 .debug_str     0x00000000000978d1      0x517 ./Drivers/STM32F1xx_HAL_Driver/Src/stm32f1xx_hal_spi.o
                                      0x8e1b3 (size before relaxing)
 .debug_str     0x0000000000097de8      0x5ea ./Drivers/STM32F1xx_HAL_Driver/Src/stm32f1xx_hal_uart.o
                                      0x8e290 (size before relaxing)

.comment        0x0000000000000000       0x53
 .comment       0x0000000000000000       0x53 ./Core/Src/aes.o