Archive member included to satisfy reference by file (symbol)

c:/st/stm32cubeide_1.7.0/stm32cubeide/plugins/com.st.stm32cube.ide.mcu.externaltools.gnu-tools-for-stm32.9-2020-q2-update.win32_2.0.0.202105311346/tools/bin/../lib/gcc/arm-none-eabi/9.3.1/../../../../arm-none-eabi/lib/thumb/v7-m/nofp\libc_nano.a(lib_a-errno.o)
                              ./Core/Src/syscalls.o (__errno)
c:/st/stm32cubeide_1.7.0/stm32cubeide/plugins/com.st.stm32cube.ide.mcu.externaltools.gnu-tools-for-stm32.9-2020-q2-update.win32_2.0.0.202105311346/tools/bin/../lib/gcc/arm-none-eabi/9.3.1/../../../../arm-none-eabi/lib/thumb/v7-m/nofp\libc_nano.a(lib_a-exit.o)
                              c:/st/stm32cubeide_1.7.0/stm32cubeide/plugins/com.st.stm32cube.ide.mcu.externaltools.gnu-tools-for-stm32.9-2020-q2-update.win32_2.0.0.202105311346/tools/bin/../lib/gcc/arm-none-eabi/9.3.1/../../../../arm-none-eabi/lib/thumb/v7-m/nofp/crt0.o (exit)
c:/st/stm32cubeide_1.7.0/stm32cubeide/plugins/com.st.stm32cube.ide.mcu.externaltools.gnu-tools-for-stm32.9-2020-q2-update.win32_2.0.0.202105311346/tools/bin/../lib/gcc/arm-none-eabi/9.3.1/../../../../arm-none-eabi/lib/thumb/v7-m/nofp\libc_nano.a(lib_a-impure.o)
                              c:/st/stm32cubeide_1.7.0/stm32cubeide/plugins/com.st.stm32cube.ide.mcu.externaltools.gnu-tools-for-stm32.9-2020-q2-update.win32_2.0.0.202105311346/tools/bin/../lib/gcc/arm-none-eabi/9.3.1/../../../../arm-none-eabi/lib/thumb/v7-m/nofp\libc_nano.a(lib_a-exit.o) (_global_impure_ptr)
c:/st/stm32cubeide_1.7.0/stm32cubeide/plugins/com.st.stm32cube.ide.mcu.externaltools.gnu-tools-for-stm32.9-2020-q2-update.win32_2.0.0.202105311346/tools/bin/../lib/gcc/arm-none-eabi/9.3.1/../../../../arm-none-eabi/lib/thumb/v7-m/nofp\libc_nano.a(lib_a-init.o)
                              c:/st/stm32cubeide_1.7.0/stm32cubeide/plugins/com.st.stm32cube.ide.mcu.externaltools.gnu-tools-for-stm32.9-2020-q2-update.win32_2.0.0.202105311346/tools/bin/../lib/gcc/arm-none-eabi/9.3.1/../../../../arm-none-eabi/lib/thumb/v7-m/nofp/crt0.o (__libc_init_array)
c:/st/stm32cubeide_1.7.0/stm32cubeide/plugins/com.st.stm32cube.ide.mcu.externaltools.gnu-tools-for-stm32.9-2020-q2-update.win32_2.0.0.202105311346/tools/bin/../lib/gcc/arm-none-eabi/9.3.1/../../../../arm-none-eabi/lib/thumb/v7-m/nofp\libc_nano.a(lib_a-memcmp.o)
                              ./Core/Src/iap.o (memcmp)
c:/st/stm32cubeide_1.7.0/stm32cubeide/plugins/com.st.stm32cube.ide.mcu.externaltools.gnu-tools-for-stm32.9-2020-q2-update.win32_2.0.0.202105311346/tools/bin/../lib/gcc/arm-none-eabi/9.3.1/../../../../arm-none-eabi/lib/thumb/v7-m/nofp\libc_nano.a(lib_a-memcpy-stub.o)
                              ./Core/Src/aes.o (memcpy)
c:/st/stm32cubeide_1.7.0/stm32cubeide/plugins/com.st.stm32cube.ide.mcu.externaltools.gnu-tools-for-stm32.9-2020-q2-update.win32_2.0.0.202105311346/tools/bin/../lib/gcc/arm-none-eabi/9.3.1/../../../../arm-none-eabi/lib/thumb/v7-m/nofp\libc_nano.a(lib_a-memset.o)
                              c:/st/stm32cubeide_1.7.0/stm32cubeide/plugins/com.st.stm32cube.ide.mcu.externaltools.gnu-tools-for-stm32.9-2020-q2-update.win32_2.0.0.202105311346/tools/bin/../lib/gcc/arm-none-eabi/9.3.1/../../../../arm-none-eabi/lib/thumb/v7-m/nofp/crt0.o (memset)
c:/st/stm32cubeide_1.7.0/stm32cubeide/plugins/com.st.stm32cube.ide.mcu.externaltools.gnu-tools-for-stm32.9-2020-q2-update.win32_2.0.0.202105311346/tools/bin/../lib/gcc/arm-none-eabi/9.3.1/../../../../arm-none-eabi/lib/thumb/v7-m/nofp\libc_nano.a(lib_a-strlen.o)
                              ./Core/Src/usart.o (strlen)
c:/st/stm32cubeide_1.7.0/stm32cubeide/plugins/com.st.stm32cube.ide.mcu.externaltools.gnu-tools-for-stm32.9-2020-q2-update.win32_2.0.0.202105311346/tools/bin/../lib/gcc/arm-none-eabi/9.3.1/../../../../arm-none-eabi/lib/thumb/v7-m/nofp\libc_nano.a(lib_a-strncpy.o)
                              ./Core/Src/rt_info.o (strncpy)
c:/st/stm32cubeide_1.7.0/stm32cubeide/plugins/com.st.stm32cube.ide.mcu.externaltools.gnu-tools-for-stm32.9-2020-q2-update.win32_2.0.0.202105311346/tools/bin/../lib/gcc/arm-none-eabi/9.3.1/../../../../arm-none-eabi/lib/thumb/v7-m/nofp\libc_nano.a(lib_a-vsprintf.o)
                              ./Core/Src/usart.o (vsprintf)
c:/st/stm32cubeide_1.7.0/stm32cubeide/plugins/com.st.stm32cube.ide.mcu.externaltools.gnu-tools-for-stm32.9-2020-q2-update.win32_2.0.0.202105311346/tools/bin/../lib/gcc/arm-none-eabi/9.3.1/../../../../arm-none-eabi/lib/thumb/v7-m/nofp\libc_nano.a(lib_a-nano-svfprintf.o)
                              c:/st/stm32cubeide_1.7.0/stm32cubeide/plugins/com.st.stm32cube.ide.mcu.externaltools.gnu-tools-for-stm32.9-2020-q2-update.win32_2.0.0.202105311346/tools/bin/../lib/gcc/arm-none-eabi/9.3.1/../../../../arm-none-eabi/lib/thumb/v7-m/nofp\libc_nano.a(lib_a-vsprintf.o) (_svfprintf_r)
[...]
Memory Configuration

Name             Origin             Length             Attributes
RAM              0x0000000020000000 0x000000000000c000 xrw
FLASH            0x0000000008000000 0x0000000000008000 xr
*default*        0x0000000000000000 0xffffffffffffffff

Linker script and memory map

LOAD c:/st/stm32cubeide_1.7.0/stm32cubeide/plugins/com.st.stm32cube.ide.mcu.externaltools.gnu-tools-for-stm32.9-2020-q2-update.win32_2.0.0.202105311346/tools/bin/../lib/gcc/arm-none-eabi/9.3.1/thumb/v7-m/nofp/crti.o
LOAD c:/st/stm32cubeide_1.7.0/stm32cubeide/plugins/com.st.stm32cube.ide.mcu.externaltools.gnu-tools-for-stm32.9-2020-q2-update.win32_2.0.0.202105311346/tools/bin/../lib/gcc/arm-none-eabi/9.3.1/thumb/v7-m/nofp/crtbegin.o
LOAD c:/st/stm32cubeide_1.7.0/stm32cubeide/plugins/com.st.stm32cube.ide.mcu.externaltools.gnu-tools-for-stm32.9-2020-q2-update.win32_2.0.0.202105311346/tools/bin/../lib/gcc/arm-none-eabi/9.3.1/../../../../arm-none-eabi/lib/thumb/v7-m/nofp/crt0.o
LOAD ./Core/Src/aes.o
LOAD ./Core/Src/crc16.o
LOAD ./Core/Src/dma.o
LOAD ./Core/Src/flash_if.o
LOAD ./Core/Src/gpio.o
LOAD ./Core/Src/iap.o
LOAD ./Core/Src/io.o
LOAD ./Core/Src/main.o
LOAD ./Core/Src/rt_app_info.o
LOAD ./Core/Src/rt_bus_proto.o
LOAD ./Core/Src/rt_info.o
LOAD ./Core/Src/rt_init.o
LOAD ./Core/Src/sha1.o
LOAD ./Core/Src/spi.o
LOAD ./Core/Src/stm32f1xx_hal_msp.o
LOAD ./Core/Src/stm32f1xx_it.o
LOAD ./Core/Src/syscalls.o
LOAD ./Core/Src/sysmem.o
LOAD ./Core/Src/system_stm32f1xx.o
LOAD ./Core/Src/usart.o
LOAD ./Core/Startup/startup_stm32f103rctx.o
LOAD ./Drivers/STM32F1xx_HAL_Driver/Src/stm32f1xx_hal.o
LOAD ./Drivers/STM32F1xx_HAL_Driver/Src/stm32f1xx_hal_cortex.o
LOAD ./Drivers/STM32F1xx_HAL_Driver/Src/stm32f1xx_hal_dma.o
LOAD ./Drivers/STM32F1xx_HAL_Driver/Src/stm32f1xx_hal_exti.o
LOAD ./Drivers/STM32F1xx_HAL_Driver/Src/stm32f1xx_hal_flash.o
LOAD ./Drivers/STM32F1xx_HAL_Driver/Src/stm32f1xx_hal_flash_ex.o
LOAD ./Drivers/STM32F1xx_HAL_Driver/Src/stm32f1xx_hal_gpio.o
LOAD ./Drivers/STM32F1xx_HAL_Driver/Src/stm32f1xx_hal_gpio_ex.o
LOAD ./Drivers/STM32F1xx_HAL_Driver/Src/stm32f1xx_hal_pwr.o
LOAD ./Drivers/STM32F1xx_HAL_Driver/Src/stm32f1xx_hal_rcc.o
LOAD ./Drivers/STM32F1xx_HAL_Driver/Src/stm32f1xx_hal_rcc_ex.o
LOAD ./Drivers/STM32F1xx_HAL_Driver/Src/stm32f1xx_hal_spi.o
LOAD ./Drivers/STM32F1xx_HAL_Driver/Src/stm32f1xx_hal_tim.o
LOAD ./Drivers/STM32F1xx_HAL_Driver/Src/stm32f1xx_hal_tim_ex.o
LOAD ./Drivers/STM32F1xx_HAL_Driver/Src/stm32f1xx_hal_uart.o
START GROUP
LOAD c:/st/stm32cubeide_1.7.0/stm32cubeide/plugins/com.st.stm32cube.ide.mcu.externaltools.gnu-tools-for-stm32.9-2020-q2-update.win32_2.0.0.202105311346/tools/bin/../lib/gcc/arm-none-eabi/9.3.1/../../../../arm-none-eabi/lib/thumb/v7-m/nofp\libc_nano.a
LOAD c:/st/stm32cubeide_1.7.0/stm32cubeide/plugins/com.st.stm32cube.ide.mcu.externaltools.gnu-tools-for-stm32.9-2020-q2-update.win32_2.0.0.202105311346/tools/bin/../lib/gcc/arm-none-eabi/9.3.1/../../../../arm-none-eabi/lib/thumb/v7-m/nofp\libm.a
END GROUP
START GROUP
LOAD c:/st/stm32cubeide_1.7.0/stm32cubeide/plugins/com.st.stm32cube.ide.mcu.externaltools.gnu-tools-for-stm32.9-2020-q2-update.win32_2.0.0.202105311346/tools/bin/../lib/gcc/arm-none-eabi/9.3.1/thumb/v7-m/nofp\libgcc.a
LOAD c:/st/stm32cubeide_1.7.0/stm32cubeide/plugins/com.st.stm32cube.ide.mcu.externaltools.gnu-tools-for-stm32.9-2020-q2-update.win32_2.0.0.202105311346/tools/bin/../lib/gcc/arm-none-eabi/9.3.1/../../../../arm-none-eabi/lib/thumb/v7-m/nofp\libc_nano.a
END GROUP
START GROUP
LOAD c:/st/stm32cubeide_1.7.0/stm32cubeide/plugins/com.st.stm32cube.ide.mcu.externaltools.gnu-tools-for-stm32.9-2020-q2-update.win32_2.0.0.202105311346/tools/bin/../lib/gcc/arm-none-eabi/9.3.1/thumb/v7-m/nofp\libgcc.a
LOAD c:/st/stm32cubeide_1.7.0/stm32cubeide/plugins/com.st.stm32cube.ide.mcu.externaltools.gnu-tools-for-stm32.9-2020-q2-update.win32_2.0.0.202105311346/tools/bin/../lib/gcc/arm-none-eabi/9.3.1/../../../../arm-none-eabi/lib/thumb/v7-m/nofp\libc_nano.a
LOAD c:/st/stm32cubeide_1.7.0/stm32cubeide/plugins/com.st.stm32cube.ide.mcu.externaltools.gnu-tools-for-stm32.9-2020-q2-update.win32_2.0.0.202105311346/tools/bin/../lib/gcc/arm-none-eabi/9.3.1/../../../../arm-none-eabi/lib/thumb/v7-m/nofp\libnosys.a
END GROUP
START GROUP
LOAD c:/st/stm32cubeide_1.7.0/stm32cubeide/plugins/com.st.stm32cube.ide.mcu.externaltools.gnu-tools-for-stm32.9-2020-q2-update.win32_2.0.0.202105311346/tools/bin/../lib/gcc/arm-none-eabi/9.3.1/thumb/v7-m/nofp\libgcc.a
LOAD c:/st/stm32cubeide_1.7.0/stm32cubeide/plugins/com.st.stm32cube.ide.mcu.externaltools.gnu-tools-for-stm32.9-2020-q2-update.win32_2.0.0.202105311346/tools/bin/../lib/gcc/arm-none-eabi/9.3.1/../../../../arm-none-eabi/lib/thumb/v7-m/nofp\libc_nano.a
LOAD c:/st/stm32cubeide_1.7.0/stm32cubeide/plugins/com.st.stm32cube.ide.mcu.externaltools.gnu-tools-for-stm32.9-2020-q2-update.win32_2.0.0.202105311346/tools/bin/../lib/gcc/arm-none-eabi/9.3.1/../../../../arm-none-eabi/lib/thumb/v7-m/nofp\libnosys.a
END GROUP
LOAD c:/st/stm32cubeide_1.7.0/stm32cubeide/plugins/com.st.stm32cube.ide.mcu.externaltools.gnu-tools-for-stm32.9-2020-q2-update.win32_2.0.0.202105311346/tools/bin/../lib/gcc/arm-none-eabi/9.3.1/thumb/v7-m/nofp/crtend.o
LOAD c:/st/stm32cubeide_1.7.0/stm32cubeide/plugins/com.st.stm32cube.ide.mcu.externaltools.gnu-tools-for-stm32.9-2020-q2-update.win32_2.0.0.202105311346/tools/bin/../lib/gcc/arm-none-eabi/9.3.1/thumb/v7-m/nofp/crtn.o
                0x000000002000c000                _estack = (ORIGIN (RAM) + LENGTH (RAM))
                0x0000000000000200                _Min_Heap_Size = 0x200
                0x0000000000000400                _Min_Stack_Size = 0x400

.isr_vector     0x0000000008000000      0x1e4
                0x0000000008000000                . = ALIGN (0x4)
 *(.isr_vector)
 .isr_vector    0x0000000008000000      0x1e4 ./Core/Startup/startup_stm32f103rctx.o
                0x0000000008000000                g_pfnVectors
                0x00000000080001e4                . = ALIGN (0x4)

.app_info       0x00000000080001e4        0x8
                0x00000000080001e4                . = ALIGN (0x4)
 *(.app_info)
 .app_info      0x00000000080001e4        0x8 ./Core/Src/rt_init.o
                0x00000000080001e4                appinfo
                0x00000000080001ec                . = ALIGN (0x4)

.text           0x00000000080001ec     0x5e04
                0x00000000080001ec                . = ALIGN (0x4)
 *(.text)
 .text          0x00000000080001ec       0x40 c:/st/stm32cubeide_1.7.0/stm32cubeide/plugins/com.st.stm32cube.ide.mcu.externaltools.gnu-tools-for-stm32.9-2020-q2-update.win32_2.0.0.202105311346/tools/bin/../lib/gcc/arm-none-eabi/9.3.1/thumb/v7-m/nofp/crtbegin.o
 .text          0x000000000800022c       0x10 c:/st/stm32cubeide_1.7.0/stm32cubeide/plugins/com.st.stm32cube.ide.mcu.externaltools.gnu-tools-for-stm32.9-2020-q2-update.win32_2.0.0.202105311346/tools/bin/../lib/gcc/arm-none-eabi/9.3.1/../../../../arm-none-eabi/lib/thumb/v7-m/nofp\libc_nano.a(lib_a-strlen.o)
                0x000000000800022c                strlen
 *(.text*)
 .text.getSBoxValue
                0x000000000800023c       0x20 ./Core/Src/aes.o
 .text.getSBoxInvert
                0x000000000800025c       0x20 ./Core/Src/aes.o
 .text.KeyExpansion
                0x000000000800027c      0x19c ./Core/Src/aes.o
 .text.AddRoundKey
                0x0000000008000418       0x7c ./Core/Src/aes.o
 .text.xtime    0x0000000008000494       0x3a ./Core/Src/aes.o
 *fill*         0x00000000080004ce        0x2 
 .text.InvMixColumns
                0x00000000080004d0      0x6b0 ./Core/Src/aes.o
 .text.InvSubBytes
                0x0000000008000b80       0x64 ./Core/Src/aes.o
 .text.InvShiftRows
                0x0000000008000be4       0xb4 ./Core/Src/aes.o
 .text.InvCipher
                0x0000000008000c98       0x4c ./Core/Src/aes.o
 .text.XorWithIv
                0x0000000008000ce4       0x48 ./Core/Src/aes.o
 .text.AES_CBC_decrypt_buffer
                0x0000000008000d2c       0xa4 ./Core/Src/aes.o
                0x0000000008000d2c                AES_CBC_decrypt_buffer
 .text.crc_ccitt_byte
                0x0000000008000dd0       0x38 ./Core/Src/crc16.o
 .text.crc16    0x0000000008000e08       0x4c ./Core/Src/crc16.o
                0x0000000008000e08                crc16
 .text.MX_DMA_Init
                0x0000000008000e54       0x5c ./Core/Src/dma.o
                0x0000000008000e54                MX_DMA_Init
 .text.FLASH_If_Init
                0x0000000008000eb0       0x38 ./Core/Src/flash_if.o
                0x0000000008000eb0                FLASH_If_Init
 .text.FLASH_If_Erase
                0x0000000008000ee8       0x5e ./Core/Src/flash_if.o
                0x0000000008000ee8                FLASH_If_Erase
 .text.FLASH_If_Write
                0x0000000008000f46       0x76 ./Core/Src/flash_if.o
                0x0000000008000f46                FLASH_If_Write
 .text.HAL_Read_Unique_ID
                0x0000000008000fbc       0x62 ./Core/Src/flash_if.o
                0x0000000008000fbc                HAL_Read_Unique_ID
 *fill*         0x000000000800101e        0x2 
 .text.MX_GPIO_Init
                0x0000000008001020       0xf0 ./Core/Src/gpio.o
                0x0000000008001020                MX_GPIO_Init
 .text.iap_JumpToApplication
                0x0000000008001110       0x50 ./Core/Src/iap.o
                0x0000000008001110                iap_JumpToApplication
 .text.iap_CheckApplication
                0x0000000008001160       0xec ./Core/Src/iap.o
                0x0000000008001160                iap_CheckApplication
 .text.main     0x000000000800124c       0x88 ./Core/Src/main.o
                0x000000000800124c                main
 .text.SystemClock_Config
                0x00000000080012d4       0x8a ./Core/Src/main.o
                0x00000000080012d4                SystemClock_Config
 *fill*         0x000000000800135e        0x2 
 .text.Set_Comms_Mode
                0x0000000008001360       0x70 ./Core/Src/main.o
                0x0000000008001360                Set_Comms_Mode
 .text.HAL_GPIO_EXTI_Callback
                0x00000000080013d0       0x16 ./Core/Src/main.o
                0x00000000080013d0                HAL_GPIO_EXTI_Callback
 .text.HAL_SPI_RxCpltCallback
                0x00000000080013e6       0x14 ./Core/Src/main.o
                0x00000000080013e6                HAL_SPI_RxCpltCallback
 *fill*         0x00000000080013fa        0x2 
 .text.rt_status_led_blink
                0x00000000080013fc       0x84 ./Core/Src/main.o
                0x00000000080013fc                rt_status_led_blink
 .text.bootloader
                0x0000000008001480       0x24 ./Core/Src/main.o
                0x0000000008001480                bootloader
 .text.normalboot
                0x00000000080014a4       0x30 ./Core/Src/main.o
                0x00000000080014a4                normalboot
 .text.Error_Handler
                0x00000000080014d4        0xa ./Core/Src/main.o
                0x00000000080014d4                Error_Handler
 *fill*         0x00000000080014de        0x2 
 .text.__NVIC_SystemReset
                0x00000000080014e0       0x2c ./Core/Src/rt_bus_proto.o
 .text.rt_bus_proto_frame_pack
                0x000000000800150c       0xe8 ./Core/Src/rt_bus_proto.o
                0x000000000800150c                rt_bus_proto_frame_pack
 .text.rt_bus_proto_pack_parser
                0x00000000080015f4       0xce ./Core/Src/rt_bus_proto.o
                0x00000000080015f4                rt_bus_proto_pack_parser
 .text.rt_bus_cmd_ping_handler
                0x00000000080016c2       0x38 ./Core/Src/rt_bus_proto.o
                0x00000000080016c2                rt_bus_cmd_ping_handler
 .text.rt_bus_cmd_reset
                0x00000000080016fa       0x14 ./Core/Src/rt_bus_proto.o
                0x00000000080016fa                rt_bus_cmd_reset
 *fill*         0x000000000800170e        0x2 
 .text.rt_bus_cmd_get_runmode_handler
                0x0000000008001710       0x34 ./Core/Src/rt_bus_proto.o
                0x0000000008001710                rt_bus_cmd_get_runmode_handler
 .text.get_mem_type
                0x0000000008001744       0x70 ./Core/Src/rt_bus_proto.o
                0x0000000008001744                get_mem_type
 .text.rt_bus_cmd_bl_stay_handler
                0x00000000080017b4       0x34 ./Core/Src/rt_bus_proto.o
                0x00000000080017b4                rt_bus_cmd_bl_stay_handler
 .text.rt_bus_cmd_bl_write_handler
                0x00000000080017e8      0x2d8 ./Core/Src/rt_bus_proto.o
                0x00000000080017e8                rt_bus_cmd_bl_write_handler
 .text.rt_bus_cmd_bl_erase_handler
                0x0000000008001ac0      0x104 ./Core/Src/rt_bus_proto.o
                0x0000000008001ac0                rt_bus_cmd_bl_erase_handler
 .text.rt_bus_cmd_prepare_response_handler
                0x0000000008001bc4       0x1c ./Core/Src/rt_bus_proto.o
                0x0000000008001bc4                rt_bus_cmd_prepare_response_handler
 .text.rt_bus_proto_bl_process
                0x0000000008001be0      0x1f0 ./Core/Src/rt_bus_proto.o
                0x0000000008001be0                rt_bus_proto_bl_process
 .text.rt_bus_proto_bl_dt
                0x0000000008001dd0       0x74 ./Core/Src/rt_bus_proto.o
                0x0000000008001dd0                rt_bus_proto_bl_dt
 .text.rt_get_app_info
                0x0000000008001e44      0x1bc ./Core/Src/rt_info.o
                0x0000000008001e44                rt_get_app_info
 .text.rt_init  0x0000000008002000       0x10 ./Core/Src/rt_init.o
                0x0000000008002000                rt_init
 .text.sha1_transform
                0x0000000008002010      0x3a4 ./Core/Src/sha1.o
                0x0000000008002010                sha1_transform
 .text.sha1_init
                0x00000000080023b4       0x80 ./Core/Src/sha1.o
                0x00000000080023b4                sha1_init
 .text.sha1_update
                0x0000000008002434       0x7c ./Core/Src/sha1.o
                0x0000000008002434                sha1_update
 .text.sha1_final
                0x00000000080024b0      0x1b6 ./Core/Src/sha1.o
                0x00000000080024b0                sha1_final
 *fill*         0x0000000008002666        0x2 
 .text.MX_SPI1_Init
                0x0000000008002668       0x68 ./Core/Src/spi.o
                0x0000000008002668                MX_SPI1_Init
 .text.HAL_SPI_MspInit
                0x00000000080026d0      0x154 ./Core/Src/spi.o
                0x00000000080026d0                HAL_SPI_MspInit
 .text.SPI_DMA_Reset
                0x0000000008002824       0x70 ./Core/Src/spi.o
                0x0000000008002824                SPI_DMA_Reset
 .text.SPI_Comms_Init
                0x0000000008002894       0x7c ./Core/Src/spi.o
                0x0000000008002894                SPI_Comms_Init
 .text.HAL_MspInit
                0x0000000008002910       0x64 ./Core/Src/stm32f1xx_hal_msp.o
                0x0000000008002910                HAL_MspInit
 .text.NMI_Handler
                0x0000000008002974        0x6 ./Core/Src/stm32f1xx_it.o
                0x0000000008002974                NMI_Handler
 *fill*         0x000000000800297a        0x2 
 .text.HardFault_Handler
                0x000000000800297c       0x18 ./Core/Src/stm32f1xx_it.o
                0x000000000800297c                HardFault_Handler
 .text.MemManage_Handler
                0x0000000008002994        0x6 ./Core/Src/stm32f1xx_it.o
                0x0000000008002994                MemManage_Handler
 .text.BusFault_Handler
                0x000000000800299a        0x6 ./Core/Src/stm32f1xx_it.o
                0x000000000800299a                BusFault_Handler
 .text.UsageFault_Handler
                0x00000000080029a0        0x6 ./Core/Src/stm32f1xx_it.o
                0x00000000080029a0                UsageFault_Handler
 .text.SVC_Handler
                0x00000000080029a6        0xc ./Core/Src/stm32f1xx_it.o
                0x00000000080029a6                SVC_Handler
 .text.DebugMon_Handler
                0x00000000080029b2        0xc ./Core/Src/stm32f1xx_it.o
                0x00000000080029b2                DebugMon_Handler
 .text.PendSV_Handler
                0x00000000080029be        0xc ./Core/Src/stm32f1xx_it.o
                0x00000000080029be                PendSV_Handler
 .text.SysTick_Handler
                0x00000000080029ca        0xc ./Core/Src/stm32f1xx_it.o
                0x00000000080029ca                SysTick_Handler
 *fill*         0x00000000080029d6        0x2 
 .text.DMA1_Channel2_IRQHandler
                0x00000000080029d8       0x14 ./Core/Src/stm32f1xx_it.o
                0x00000000080029d8                DMA1_Channel2_IRQHandler
 .text.DMA1_Channel3_IRQHandler
                0x00000000080029ec       0x14 ./Core/Src/stm32f1xx_it.o
                0x00000000080029ec                DMA1_Channel3_IRQHandler
 .text.DMA1_Channel4_IRQHandler
                0x0000000008002a00       0x14 ./Core/Src/stm32f1xx_it.o
                0x0000000008002a00                DMA1_Channel4_IRQHandler
 .text.EXTI9_5_IRQHandler
                0x0000000008002a14        0xe ./Core/Src/stm32f1xx_it.o
                0x0000000008002a14                EXTI9_5_IRQHandler
 *fill*         0x0000000008002a22        0x2 
 .text.SPI1_IRQHandler
                0x0000000008002a24       0x14 ./Core/Src/stm32f1xx_it.o
                0x0000000008002a24                SPI1_IRQHandler
 .text._sbrk    0x0000000008002a38       0x6c ./Core/Src/sysmem.o
                0x0000000008002a38                _sbrk
 .text.SystemInit
                0x0000000008002aa4        0xc ./Core/Src/system_stm32f1xx.o
                0x0000000008002aa4                SystemInit
 .text.MX_USART1_UART_Init
                0x0000000008002ab0       0x54 ./Core/Src/usart.o
                0x0000000008002ab0                MX_USART1_UART_Init
 .text.HAL_UART_MspInit
                0x0000000008002b04       0xec ./Core/Src/usart.o
                0x0000000008002b04                HAL_UART_MspInit
 .text.vprintln
                0x0000000008002bf0       0x58 ./Core/Src/usart.o
                0x0000000008002bf0                vprintln
 .text.dbprintf
                0x0000000008002c48       0x24 ./Core/Src/usart.o
                0x0000000008002c48                dbprintf
 .text.Reset_Handler
                0x0000000008002c6c       0x48 ./Core/Startup/startup_stm32f103rctx.o
                0x0000000008002c6c                Reset_Handler
 .text.Default_Handler
                0x0000000008002cb4        0x2 ./Core/Startup/startup_stm32f103rctx.o
                0x0000000008002cb4                RTC_Alarm_IRQHandler
                0x0000000008002cb4                EXTI2_IRQHandler
                0x0000000008002cb4                TIM8_TRG_COM_IRQHandler
                0x0000000008002cb4                TIM8_CC_IRQHandler
                0x0000000008002cb4                TIM1_CC_IRQHandler
                0x0000000008002cb4                TIM6_IRQHandler
                0x0000000008002cb4                PVD_IRQHandler
                0x0000000008002cb4                SDIO_IRQHandler
                0x0000000008002cb4                EXTI3_IRQHandler
                0x0000000008002cb4                EXTI0_IRQHandler
                0x0000000008002cb4                I2C2_EV_IRQHandler
                0x0000000008002cb4                ADC1_2_IRQHandler
                0x0000000008002cb4                TAMPER_IRQHandler
                0x0000000008002cb4                TIM8_UP_IRQHandler
                0x0000000008002cb4                DMA2_Channel2_IRQHandler
                0x0000000008002cb4                USART3_IRQHandler
                0x0000000008002cb4                RTC_IRQHandler
                0x0000000008002cb4                DMA1_Channel7_IRQHandler
                0x0000000008002cb4                CAN1_RX1_IRQHandler
                0x0000000008002cb4                UART5_IRQHandler
                0x0000000008002cb4                ADC3_IRQHandler
                0x0000000008002cb4                TIM4_IRQHandler
                0x0000000008002cb4                DMA2_Channel1_IRQHandler
                0x0000000008002cb4                I2C1_EV_IRQHandler
                0x0000000008002cb4                DMA1_Channel6_IRQHandler
                0x0000000008002cb4                UART4_IRQHandler
                0x0000000008002cb4                TIM3_IRQHandler
                0x0000000008002cb4                RCC_IRQHandler
                0x0000000008002cb4                TIM1_TRG_COM_IRQHandler
                0x0000000008002cb4                DMA1_Channel1_IRQHandler
                0x0000000008002cb4                Default_Handler
                0x0000000008002cb4                EXTI15_10_IRQHandler
                0x0000000008002cb4                TIM7_IRQHandler
                0x0000000008002cb4                TIM5_IRQHandler
                0x0000000008002cb4                SPI2_IRQHandler
                0x0000000008002cb4                DMA1_Channel5_IRQHandler
                0x0000000008002cb4                EXTI4_IRQHandler
                0x0000000008002cb4                USB_LP_CAN1_RX0_IRQHandler
                0x0000000008002cb4                USB_HP_CAN1_TX_IRQHandler
                0x0000000008002cb4                FSMC_IRQHandler
                0x0000000008002cb4                TIM1_UP_IRQHandler
                0x0000000008002cb4                WWDG_IRQHandler
                0x0000000008002cb4                TIM2_IRQHandler
                0x0000000008002cb4                TIM1_BRK_IRQHandler
                0x0000000008002cb4                EXTI1_IRQHandler
                0x0000000008002cb4                DMA2_Channel4_5_IRQHandler
                0x0000000008002cb4                USART2_IRQHandler
                0x0000000008002cb4                I2C2_ER_IRQHandler
                0x0000000008002cb4                TIM8_BRK_IRQHandler
                0x0000000008002cb4                CAN1_SCE_IRQHandler
                0x0000000008002cb4                FLASH_IRQHandler
                0x0000000008002cb4                USART1_IRQHandler
                0x0000000008002cb4                SPI3_IRQHandler
                0x0000000008002cb4                I2C1_ER_IRQHandler
                0x0000000008002cb4                USBWakeUp_IRQHandler
                0x0000000008002cb4                DMA2_Channel3_IRQHandler
 *fill*         0x0000000008002cb6        0x2 
 .text.HAL_Init
                0x0000000008002cb8       0x2c ./Drivers/STM32F1xx_HAL_Driver/Src/stm32f1xx_hal.o
                0x0000000008002cb8                HAL_Init
 .text.HAL_InitTick
                0x0000000008002ce4       0x60 ./Drivers/STM32F1xx_HAL_Driver/Src/stm32f1xx_hal.o
                0x0000000008002ce4                HAL_InitTick
 .text.HAL_IncTick
                0x0000000008002d44       0x24 ./Drivers/STM32F1xx_HAL_Driver/Src/stm32f1xx_hal.o
                0x0000000008002d44                HAL_IncTick
 .text.HAL_GetTick
                0x0000000008002d68       0x14 ./Drivers/STM32F1xx_HAL_Driver/Src/stm32f1xx_hal.o
                0x0000000008002d68                HAL_GetTick
 .text.HAL_GetUIDw0
                0x0000000008002d7c       0x14 ./Drivers/STM32F1xx_HAL_Driver/Src/stm32f1xx_hal.o
                0x0000000008002d7c                HAL_GetUIDw0
 .text.HAL_GetUIDw1
                0x0000000008002d90       0x14 ./Drivers/STM32F1xx_HAL_Driver/Src/stm32f1xx_hal.o
                0x0000000008002d90                HAL_GetUIDw1
 .text.HAL_GetUIDw2
                0x0000000008002da4       0x14 ./Drivers/STM32F1xx_HAL_Driver/Src/stm32f1xx_hal.o
                0x0000000008002da4                HAL_GetUIDw2
 .text.__NVIC_SetPriorityGrouping
                0x0000000008002db8       0x48 ./Drivers/STM32F1xx_HAL_Driver/Src/stm32f1xx_hal_cortex.o
 .text.__NVIC_GetPriorityGrouping
                0x0000000008002e00       0x1c ./Drivers/STM32F1xx_HAL_Driver/Src/stm32f1xx_hal_cortex.o
 .text.__NVIC_EnableIRQ
                0x0000000008002e1c       0x38 ./Drivers/STM32F1xx_HAL_Driver/Src/stm32f1xx_hal_cortex.o
 .text.__NVIC_SetPriority
                0x0000000008002e54       0x54 ./Drivers/STM32F1xx_HAL_Driver/Src/stm32f1xx_hal_cortex.o
 .text.NVIC_EncodePriority
                0x0000000008002ea8       0x64 ./Drivers/STM32F1xx_HAL_Driver/Src/stm32f1xx_hal_cortex.o
 .text.SysTick_Config
                0x0000000008002f0c       0x44 ./Drivers/STM32F1xx_HAL_Driver/Src/stm32f1xx_hal_cortex.o
 .text.HAL_NVIC_SetPriorityGrouping
                0x0000000008002f50       0x16 ./Drivers/STM32F1xx_HAL_Driver/Src/stm32f1xx_hal_cortex.o
                0x0000000008002f50                HAL_NVIC_SetPriorityGrouping
 .text.HAL_NVIC_SetPriority
                0x0000000008002f66       0x38 ./Drivers/STM32F1xx_HAL_Driver/Src/stm32f1xx_hal_cortex.o
                0x0000000008002f66                HAL_NVIC_SetPriority
 .text.HAL_NVIC_EnableIRQ
                0x0000000008002f9e       0x1c ./Drivers/STM32F1xx_HAL_Driver/Src/stm32f1xx_hal_cortex.o
                0x0000000008002f9e                HAL_NVIC_EnableIRQ
 .text.HAL_SYSTICK_Config
                0x0000000008002fba       0x18 ./Drivers/STM32F1xx_HAL_Driver/Src/stm32f1xx_hal_cortex.o
                0x0000000008002fba                HAL_SYSTICK_Config
 *fill*         0x0000000008002fd2        0x2 
 .text.HAL_DMA_Init
                0x0000000008002fd4       0xec ./Drivers/STM32F1xx_HAL_Driver/Src/stm32f1xx_hal_dma.o
                0x0000000008002fd4                HAL_DMA_Init
 .text.HAL_DMA_Start
                0x00000000080030c0       0x84 ./Drivers/STM32F1xx_HAL_Driver/Src/stm32f1xx_hal_dma.o
                0x00000000080030c0                HAL_DMA_Start
 .text.HAL_DMA_Start_IT
                0x0000000008003144       0xbe ./Drivers/STM32F1xx_HAL_Driver/Src/stm32f1xx_hal_dma.o
                0x0000000008003144                HAL_DMA_Start_IT
 *fill*         0x0000000008003202        0x2 
 .text.HAL_DMA_Abort_IT
                0x0000000008003204      0x210 ./Drivers/STM32F1xx_HAL_Driver/Src/stm32f1xx_hal_dma.o
                0x0000000008003204                HAL_DMA_Abort_IT
 .text.HAL_DMA_IRQHandler
                0x0000000008003414      0x478 ./Drivers/STM32F1xx_HAL_Driver/Src/stm32f1xx_hal_dma.o
                0x0000000008003414                HAL_DMA_IRQHandler
 .text.DMA_SetConfig
                0x000000000800388c       0x5a ./Drivers/STM32F1xx_HAL_Driver/Src/stm32f1xx_hal_dma.o
 *fill*         0x00000000080038e6        0x2 
 .text.HAL_FLASH_Program
                0x00000000080038e8       0xe0 ./Drivers/STM32F1xx_HAL_Driver/Src/stm32f1xx_hal_flash.o
                0x00000000080038e8                HAL_FLASH_Program
 .text.HAL_FLASH_Unlock
                0x00000000080039c8       0x4c ./Drivers/STM32F1xx_HAL_Driver/Src/stm32f1xx_hal_flash.o
                0x00000000080039c8                HAL_FLASH_Unlock
 .text.HAL_FLASH_Lock
                0x0000000008003a14       0x20 ./Drivers/STM32F1xx_HAL_Driver/Src/stm32f1xx_hal_flash.o
                0x0000000008003a14                HAL_FLASH_Lock
 .text.FLASH_Program_HalfWord
                0x0000000008003a34       0x38 ./Drivers/STM32F1xx_HAL_Driver/Src/stm32f1xx_hal_flash.o
 .text.FLASH_WaitForLastOperation
                0x0000000008003a6c       0x8c ./Drivers/STM32F1xx_HAL_Driver/Src/stm32f1xx_hal_flash.o
                0x0000000008003a6c                FLASH_WaitForLastOperation
 .text.FLASH_SetErrorCode
                0x0000000008003af8       0xa0 ./Drivers/STM32F1xx_HAL_Driver/Src/stm32f1xx_hal_flash.o
 .text.HAL_FLASHEx_Erase
                0x0000000008003b98       0xd8 ./Drivers/STM32F1xx_HAL_Driver/Src/stm32f1xx_hal_flash_ex.o
                0x0000000008003b98                HAL_FLASHEx_Erase
 .text.FLASH_MassErase
                0x0000000008003c70       0x38 ./Drivers/STM32F1xx_HAL_Driver/Src/stm32f1xx_hal_flash_ex.o
 .text.FLASH_PageErase
                0x0000000008003ca8       0x40 ./Drivers/STM32F1xx_HAL_Driver/Src/stm32f1xx_hal_flash_ex.o
                0x0000000008003ca8                FLASH_PageErase
 .text.HAL_GPIO_Init
                0x0000000008003ce8      0x328 ./Drivers/STM32F1xx_HAL_Driver/Src/stm32f1xx_hal_gpio.o
                0x0000000008003ce8                HAL_GPIO_Init
 .text.HAL_GPIO_WritePin
                0x0000000008004010       0x30 ./Drivers/STM32F1xx_HAL_Driver/Src/stm32f1xx_hal_gpio.o
                0x0000000008004010                HAL_GPIO_WritePin
 .text.HAL_GPIO_TogglePin
                0x0000000008004040       0x32 ./Drivers/STM32F1xx_HAL_Driver/Src/stm32f1xx_hal_gpio.o
                0x0000000008004040                HAL_GPIO_TogglePin
 *fill*         0x0000000008004072        0x2 
 .text.HAL_GPIO_EXTI_IRQHandler
                0x0000000008004074       0x30 ./Drivers/STM32F1xx_HAL_Driver/Src/stm32f1xx_hal_gpio.o
                0x0000000008004074                HAL_GPIO_EXTI_IRQHandler
 .text.HAL_RCC_OscConfig
                0x00000000080040a4      0x500 ./Drivers/STM32F1xx_HAL_Driver/Src/stm32f1xx_hal_rcc.o
                0x00000000080040a4                HAL_RCC_OscConfig
 .text.HAL_RCC_ClockConfig
                0x00000000080045a4      0x1d4 ./Drivers/STM32F1xx_HAL_Driver/Src/stm32f1xx_hal_rcc.o
                0x00000000080045a4                HAL_RCC_ClockConfig
 .text.HAL_RCC_GetSysClockFreq
                0x0000000008004778       0xc0 ./Drivers/STM32F1xx_HAL_Driver/Src/stm32f1xx_hal_rcc.o
                0x0000000008004778                HAL_RCC_GetSysClockFreq
 .text.HAL_RCC_GetHCLKFreq
                0x0000000008004838       0x14 ./Drivers/STM32F1xx_HAL_Driver/Src/stm32f1xx_hal_rcc.o
                0x0000000008004838                HAL_RCC_GetHCLKFreq
 .text.HAL_RCC_GetPCLK1Freq
                0x000000000800484c       0x28 ./Drivers/STM32F1xx_HAL_Driver/Src/stm32f1xx_hal_rcc.o
                0x000000000800484c                HAL_RCC_GetPCLK1Freq
 .text.HAL_RCC_GetPCLK2Freq
                0x0000000008004874       0x28 ./Drivers/STM32F1xx_HAL_Driver/Src/stm32f1xx_hal_rcc.o
                0x0000000008004874                HAL_RCC_GetPCLK2Freq
 .text.RCC_Delay
                0x000000000800489c       0x3c ./Drivers/STM32F1xx_HAL_Driver/Src/stm32f1xx_hal_rcc.o
 .text.HAL_SPI_Init
                0x00000000080048d8      0x108 ./Drivers/STM32F1xx_HAL_Driver/Src/stm32f1xx_hal_spi.o
                0x00000000080048d8                HAL_SPI_Init
 .text.HAL_SPI_Receive_DMA
                0x00000000080049e0      0x190 ./Drivers/STM32F1xx_HAL_Driver/Src/stm32f1xx_hal_spi.o
                0x00000000080049e0                HAL_SPI_Receive_DMA
 .text.HAL_SPI_TransmitReceive_DMA
                0x0000000008004b70      0x204 ./Drivers/STM32F1xx_HAL_Driver/Src/stm32f1xx_hal_spi.o
                0x0000000008004b70                HAL_SPI_TransmitReceive_DMA
 .text.HAL_SPI_IRQHandler
                0x0000000008004d74      0x1cc ./Drivers/STM32F1xx_HAL_Driver/Src/stm32f1xx_hal_spi.o
                0x0000000008004d74                HAL_SPI_IRQHandler
 .text.HAL_SPI_TxRxCpltCallback
                0x0000000008004f40       0x12 ./Drivers/STM32F1xx_HAL_Driver/Src/stm32f1xx_hal_spi.o
                0x0000000008004f40                HAL_SPI_TxRxCpltCallback
 .text.HAL_SPI_RxHalfCpltCallback
                0x0000000008004f52       0x12 ./Drivers/STM32F1xx_HAL_Driver/Src/stm32f1xx_hal_spi.o
                0x0000000008004f52                HAL_SPI_RxHalfCpltCallback
 .text.HAL_SPI_TxRxHalfCpltCallback
                0x0000000008004f64       0x12 ./Drivers/STM32F1xx_HAL_Driver/Src/stm32f1xx_hal_spi.o
                0x0000000008004f64                HAL_SPI_TxRxHalfCpltCallback
 .text.HAL_SPI_ErrorCallback
                0x0000000008004f76       0x12 ./Drivers/STM32F1xx_HAL_Driver/Src/stm32f1xx_hal_spi.o
                0x0000000008004f76                HAL_SPI_ErrorCallback
 .text.SPI_DMAReceiveCplt
                0x0000000008004f88       0xa6 ./Drivers/STM32F1xx_HAL_Driver/Src/stm32f1xx_hal_spi.o
 .text.SPI_DMATransmitReceiveCplt
                0x000000000800502e       0x8e ./Drivers/STM32F1xx_HAL_Driver/Src/stm32f1xx_hal_spi.o
 .text.SPI_DMAHalfReceiveCplt
                0x00000000080050bc       0x1c ./Drivers/STM32F1xx_HAL_Driver/Src/stm32f1xx_hal_spi.o
 .text.SPI_DMAHalfTransmitReceiveCplt
                0x00000000080050d8       0x1c ./Drivers/STM32F1xx_HAL_Driver/Src/stm32f1xx_hal_spi.o
 .text.SPI_DMAError
                0x00000000080050f4       0x40 ./Drivers/STM32F1xx_HAL_Driver/Src/stm32f1xx_hal_spi.o
 .text.SPI_DMAAbortOnError
                0x0000000008005134       0x28 ./Drivers/STM32F1xx_HAL_Driver/Src/stm32f1xx_hal_spi.o
 .text.SPI_WaitFlagStateUntilTimeout
                0x000000000800515c      0x110 ./Drivers/STM32F1xx_HAL_Driver/Src/stm32f1xx_hal_spi.o
 .text.SPI_EndRxTransaction
                0x000000000800526c       0xa4 ./Drivers/STM32F1xx_HAL_Driver/Src/stm32f1xx_hal_spi.o
 .text.SPI_EndRxTxTransaction
                0x0000000008005310       0x3c ./Drivers/STM32F1xx_HAL_Driver/Src/stm32f1xx_hal_spi.o
 .text.HAL_UART_Init
                0x000000000800534c       0x9a ./Drivers/STM32F1xx_HAL_Driver/Src/stm32f1xx_hal_uart.o
                0x000000000800534c                HAL_UART_Init
 .text.HAL_UART_Transmit
                0x00000000080053e6      0x124 ./Drivers/STM32F1xx_HAL_Driver/Src/stm32f1xx_hal_uart.o
                0x00000000080053e6                HAL_UART_Transmit
 .text.UART_WaitOnFlagUntilTimeout
                0x000000000800550a       0x94 ./Drivers/STM32F1xx_HAL_Driver/Src/stm32f1xx_hal_uart.o
 *fill*         0x000000000800559e        0x2 
 .text.UART_SetConfig
                0x00000000080055a0      0x11c ./Drivers/STM32F1xx_HAL_Driver/Src/stm32f1xx_hal_uart.o
 .text.__errno  0x00000000080056bc        0xc c:/st/stm32cubeide_1.7.0/stm32cubeide/plugins/com.st.stm32cube.ide.mcu.externaltools.gnu-tools-for-stm32.9-2020-q2-update.win32_2.0.0.202105311346/tools/bin/../lib/gcc/arm-none-eabi/9.3.1/../../../../arm-none-eabi/lib/thumb/v7-m/nofp\libc_nano.a(lib_a-errno.o)
                0x00000000080056bc                __errno
 .text.__libc_init_array
                0x00000000080056c8       0x48 c:/st/stm32cubeide_1.7.0/stm32cubeide/plugins/com.st.stm32cube.ide.mcu.externaltools.gnu-tools-for-stm32.9-2020-q2-update.win32_2.0.0.202105311346/tools/bin/../lib/gcc/arm-none-eabi/9.3.1/../../../../arm-none-eabi/lib/thumb/v7-m/nofp\libc_nano.a(lib_a-init.o)
                0x00000000080056c8                __libc_init_array
 .text.memcmp   0x0000000008005710       0x1c c:/st/stm32cubeide_1.7.0/stm32cubeide/plugins/com.st.stm32cube.ide.mcu.externaltools.gnu-tools-for-stm32.9-2020-q2-update.win32_2.0.0.202105311346/tools/bin/../lib/gcc/arm-none-eabi/9.3.1/../../../../arm-none-eabi/lib/thumb/v7-m/nofp\libc_nano.a(lib_a-memcmp.o)
                0x0000000008005710                memcmp
 .text.memcpy   0x000000000800572c       0x1c c:/st/stm32cubeide_1.7.0/stm32cubeide/plugins/com.st.stm32cube.ide.mcu.externaltools.gnu-tools-for-stm32.9-2020-q2-update.win32_2.0.0.202105311346/tools/bin/../lib/gcc/arm-none-eabi/9.3.1/../../../../arm-none-eabi/lib/thumb/v7-m/nofp\libc_nano.a(lib_a-memcpy-stub.o)
                0x000000000800572c                memcpy
 .text.memset   0x0000000008005748       0x10 c:/st/stm32cubeide_1.7.0/stm32cubeide/plugins/com.st.stm32cube.ide.mcu.externaltools.gnu-tools-for-stm32.9-2020-q2-update.win32_2.0.0.202105311346/tools/bin/../lib/gcc/arm-none-eabi/9.3.1/../../../../arm-none-eabi/lib/thumb/v7-m/nofp\libc_nano.a(lib_a-memset.o)
                0x0000000008005748                memset
 .text.strncpy  0x0000000008005758       0x26 c:/st/stm32cubeide_1.7.0/stm32cubeide/plugins/com.st.stm32cube.ide.mcu.externaltools.gnu-tools-for-stm32.9-2020-q2-update.win32_2.0.0.202105311346/tools/bin/../lib/gcc/arm-none-eabi/9.3.1/../../../../arm-none-eabi/lib/thumb/v7-m/nofp\libc_nano.a(lib_a-strncpy.o)
                0x0000000008005758                strncpy
 *fill*         0x000000000800577e        0x2 
 .text._vsprintf_r
                0x0000000008005780       0x2c c:/st/stm32cubeide_1.7.0/stm32cubeide/plugins/com.st.stm32cube.ide.mcu.externaltools.gnu-tools-for-stm32.9-2020-q2-update.win32_2.0.0.202105311346/tools/bin/../lib/gcc/arm-none-eabi/9.3.1/../../../../arm-none-eabi/lib/thumb/v7-m/nofp\libc_nano.a(lib_a-vsprintf.o)
                0x0000000008005780                _vsprintf_r
                0x0000000008005780                _vsiprintf_r
 .text.vsprintf
                0x00000000080057ac       0x14 c:/st/stm32cubeide_1.7.0/stm32cubeide/plugins/com.st.stm32cube.ide.mcu.externaltools.gnu-tools-for-stm32.9-2020-q2-update.win32_2.0.0.202105311346/tools/bin/../lib/gcc/arm-none-eabi/9.3.1/../../../../arm-none-eabi/lib/thumb/v7-m/nofp\libc_nano.a(lib_a-vsprintf.o)
                0x00000000080057ac                vsiprintf
                0x00000000080057ac                vsprintf
 .text.__ssputs_r
                0x00000000080057c0       0xb6 c:/st/stm32cubeide_1.7.0/stm32cubeide/plugins/com.st.stm32cube.ide.mcu.externaltools.gnu-tools-for-stm32.9-2020-q2-update.win32_2.0.0.202105311346/tools/bin/../lib/gcc/arm-none-eabi/9.3.1/../../../../arm-none-eabi/lib/thumb/v7-m/nofp\libc_nano.a(lib_a-nano-svfprintf.o)
                0x00000000080057c0                __ssputs_r
 *fill*         0x0000000008005876        0x2 
 .text._svfprintf_r
                0x0000000008005878      0x200 c:/st/stm32cubeide_1.7.0/stm32cubeide/plugins/com.st.stm32cube.ide.mcu.externaltools.gnu-tools-for-stm32.9-2020-q2-update.win32_2.0.0.202105311346/tools/bin/../lib/gcc/arm-none-eabi/9.3.1/../../../../arm-none-eabi/lib/thumb/v7-m/nofp\libc_nano.a(lib_a-nano-svfprintf.o)
                0x0000000008005878                _svfiprintf_r
                0x0000000008005878                _svfprintf_r
 .text._printf_common
                0x0000000008005a78       0xde c:/st/stm32cubeide_1.7.0/stm32cubeide/plugins/com.st.stm32cube.ide.mcu.externaltools.gnu-tools-for-stm32.9-2020-q2-update.win32_2.0.0.202105311346/tools/bin/../lib/gcc/arm-none-eabi/9.3.1/../../../../arm-none-eabi/lib/thumb/v7-m/nofp\libc_nano.a(lib_a-nano-vfprintf_i.o)
                0x0000000008005a78                _printf_common
 *fill*         0x0000000008005b56        0x2 
 .text._printf_i
                0x0000000008005b58      0x24c c:/st/stm32cubeide_1.7.0/stm32cubeide/plugins/com.st.stm32cube.ide.mcu.externaltools.gnu-tools-for-stm32.9-2020-q2-update.win32_2.0.0.202105311346/tools/bin/../lib/gcc/arm-none-eabi/9.3.1/../../../../arm-none-eabi/lib/thumb/v7-m/nofp\libc_nano.a(lib_a-nano-vfprintf_i.o)
                0x0000000008005b58                _printf_i
 .text.memchr   0x0000000008005da4       0x1c c:/st/stm32cubeide_1.7.0/stm32cubeide/plugins/com.st.stm32cube.ide.mcu.externaltools.gnu-tools-for-stm32.9-2020-q2-update.win32_2.0.0.202105311346/tools/bin/../lib/gcc/arm-none-eabi/9.3.1/../../../../arm-none-eabi/lib/thumb/v7-m/nofp\libc_nano.a(lib_a-memchr-stub.o)
                0x0000000008005da4                memchr
 .text.memmove  0x0000000008005dc0       0x34 c:/st/stm32cubeide_1.7.0/stm32cubeide/plugins/com.st.stm32cube.ide.mcu.externaltools.gnu-tools-for-stm32.9-2020-q2-update.win32_2.0.0.202105311346/tools/bin/../lib/gcc/arm-none-eabi/9.3.1/../../../../arm-none-eabi/lib/thumb/v7-m/nofp\libc_nano.a(lib_a-memmove.o)
                0x0000000008005dc0                memmove
 .text._free_r  0x0000000008005df4       0x98 c:/st/stm32cubeide_1.7.0/stm32cubeide/plugins/com.st.stm32cube.ide.mcu.externaltools.gnu-tools-for-stm32.9-2020-q2-update.win32_2.0.0.202105311346/tools/bin/../lib/gcc/arm-none-eabi/9.3.1/../../../../arm-none-eabi/lib/thumb/v7-m/nofp\libc_nano.a(lib_a-nano-freer.o)
                0x0000000008005df4                _free_r
 .text._malloc_r
                0x0000000008005e8c       0xb4 c:/st/stm32cubeide_1.7.0/stm32cubeide/plugins/com.st.stm32cube.ide.mcu.externaltools.gnu-tools-for-stm32.9-2020-q2-update.win32_2.0.0.202105311346/tools/bin/../lib/gcc/arm-none-eabi/9.3.1/../../../../arm-none-eabi/lib/thumb/v7-m/nofp\libc_nano.a(lib_a-nano-mallocr.o)
                0x0000000008005e8c                _malloc_r
 .text._realloc_r
                0x0000000008005f40       0x4c c:/st/stm32cubeide_1.7.0/stm32cubeide/plugins/com.st.stm32cube.ide.mcu.externaltools.gnu-tools-for-stm32.9-2020-q2-update.win32_2.0.0.202105311346/tools/bin/../lib/gcc/arm-none-eabi/9.3.1/../../../../arm-none-eabi/lib/thumb/v7-m/nofp\libc_nano.a(lib_a-nano-reallocr.o)
                0x0000000008005f40                _realloc_r
 .text._sbrk_r  0x0000000008005f8c       0x20 c:/st/stm32cubeide_1.7.0/stm32cubeide/plugins/com.st.stm32cube.ide.mcu.externaltools.gnu-tools-for-stm32.9-2020-q2-update.win32_2.0.0.202105311346/tools/bin/../lib/gcc/arm-none-eabi/9.3.1/../../../../arm-none-eabi/lib/thumb/v7-m/nofp\libc_nano.a(lib_a-sbrkr.o)
                0x0000000008005f8c                _sbrk_r
 .text.__malloc_lock
                0x0000000008005fac        0xc c:/st/stm32cubeide_1.7.0/stm32cubeide/plugins/com.st.stm32cube.ide.mcu.externaltools.gnu-tools-for-stm32.9-2020-q2-update.win32_2.0.0.202105311346/tools/bin/../lib/gcc/arm-none-eabi/9.3.1/../../../../arm-none-eabi/lib/thumb/v7-m/nofp\libc_nano.a(lib_a-mlock.o)
                0x0000000008005fac                __malloc_lock
 .text.__malloc_unlock
                0x0000000008005fb8        0xc c:/st/stm32cubeide_1.7.0/stm32cubeide/plugins/com.st.stm32cube.ide.mcu.externaltools.gnu-tools-for-stm32.9-2020-q2-update.win32_2.0.0.202105311346/tools/bin/../lib/gcc/arm-none-eabi/9.3.1/../../../../arm-none-eabi/lib/thumb/v7-m/nofp\libc_nano.a(lib_a-mlock.o)
                0x0000000008005fb8                __malloc_unlock
 .text._malloc_usable_size_r
                0x0000000008005fc4       0x10 c:/st/stm32cubeide_1.7.0/stm32cubeide/plugins/com.st.stm32cube.ide.mcu.externaltools.gnu-tools-for-stm32.9-2020-q2-update.win32_2.0.0.202105311346/tools/bin/../lib/gcc/arm-none-eabi/9.3.1/../../../../arm-none-eabi/lib/thumb/v7-m/nofp\libc_nano.a(lib_a-nano-msizer.o)
                0x0000000008005fc4                _malloc_usable_size_r
 .text.__retarget_lock_acquire_recursive
                0x0000000008005fd4        0x2 c:/st/stm32cubeide_1.7.0/stm32cubeide/plugins/com.st.stm32cube.ide.mcu.externaltools.gnu-tools-for-stm32.9-2020-q2-update.win32_2.0.0.202105311346/tools/bin/../lib/gcc/arm-none-eabi/9.3.1/../../../../arm-none-eabi/lib/thumb/v7-m/nofp\libc_nano.a(lib_a-lock.o)
                0x0000000008005fd4                __retarget_lock_acquire_recursive
 .text.__retarget_lock_release_recursive
                0x0000000008005fd6        0x2 c:/st/stm32cubeide_1.7.0/stm32cubeide/plugins/com.st.stm32cube.ide.mcu.externaltools.gnu-tools-for-stm32.9-2020-q2-update.win32_2.0.0.202105311346/tools/bin/../lib/gcc/arm-none-eabi/9.3.1/../../../../arm-none-eabi/lib/thumb/v7-m/nofp\libc_nano.a(lib_a-lock.o)
                0x0000000008005fd6                __retarget_lock_release_recursive
 *(.glue_7)
 .glue_7        0x0000000008005fd8        0x0 linker stubs
 *(.glue_7t)
 .glue_7t       0x0000000008005fd8        0x0 linker stubs
 *(.eh_frame)
 .eh_frame      0x0000000008005fd8        0x0 c:/st/stm32cubeide_1.7.0/stm32cubeide/plugins/com.st.stm32cube.ide.mcu.externaltools.gnu-tools-for-stm32.9-2020-q2-update.win32_2.0.0.202105311346/tools/bin/../lib/gcc/arm-none-eabi/9.3.1/thumb/v7-m/nofp/crtbegin.o
 *(.init)
 .init          0x0000000008005fd8        0x4 c:/st/stm32cubeide_1.7.0/stm32cubeide/plugins/com.st.stm32cube.ide.mcu.externaltools.gnu-tools-for-stm32.9-2020-q2-update.win32_2.0.0.202105311346/tools/bin/../lib/gcc/arm-none-eabi/9.3.1/thumb/v7-m/nofp/crti.o
                0x0000000008005fd8                _init
 .init          0x0000000008005fdc        0x8 c:/st/stm32cubeide_1.7.0/stm32cubeide/plugins/com.st.stm32cube.ide.mcu.externaltools.gnu-tools-for-stm32.9-2020-q2-update.win32_2.0.0.202105311346/tools/bin/../lib/gcc/arm-none-eabi/9.3.1/thumb/v7-m/nofp/crtn.o
 *(.fini)
 .fini          0x0000000008005fe4        0x4 c:/st/stm32cubeide_1.7.0/stm32cubeide/plugins/com.st.stm32cube.ide.mcu.externaltools.gnu-tools-for-stm32.9-2020-q2-update.win32_2.0.0.202105311346/tools/bin/../lib/gcc/arm-none-eabi/9.3.1/thumb/v7-m/nofp/crti.o
                0x0000000008005fe4                _fini
 .fini          0x0000000008005fe8        0x8 c:/st/stm32cubeide_1.7.0/stm32cubeide/plugins/com.st.stm32cube.ide.mcu.externaltools.gnu-tools-for-stm32.9-2020-q2-update.win32_2.0.0.202105311346/tools/bin/../lib/gcc/arm-none-eabi/9.3.1/thumb/v7-m/nofp/crtn.o
                0x0000000008005ff0                . = ALIGN (0x4)
                0x0000000008005ff0                _etext = .

.vfp11_veneer   0x0000000008005ff0        0x0
 .vfp11_veneer  0x0000000008005ff0        0x0 linker stubs

.v4_bx          0x0000000008005ff0        0x0
 .v4_bx         0x0000000008005ff0        0x0 linker stubs

.iplt           0x0000000008005ff0        0x0
 .iplt          0x0000000008005ff0        0x0 c:/st/stm32cubeide_1.7.0/stm32cubeide/plugins/com.st.stm32cube.ide.mcu.externaltools.gnu-tools-for-stm32.9-2020-q2-update.win32_2.0.0.202105311346/tools/bin/../lib/gcc/arm-none-eabi/9.3.1/thumb/v7-m/nofp/crtbegin.o

.rodata         0x0000000008005ff0      0xa50
                0x0000000008005ff0                . = ALIGN (0x4)
 *(.rodata)
 .rodata        0x0000000008005ff0      0x111 ./Core/Src/iap.o
 *fill*         0x0000000008006101        0x3 
 .rodata        0x0000000008006104       0x4c ./Core/Src/main.o
 .rodata        0x0000000008006150       0x4c ./Core/Src/rt_app_info.o
 .rodata        0x000000000800619c      0x2b6 ./Core/Src/rt_bus_proto.o
 *fill*         0x0000000008006452        0x2 
 .rodata        0x0000000008006454       0xe5 ./Core/Src/rt_info.o
 *fill*         0x0000000008006539        0x3 
 .rodata        0x000000000800653c        0x3 ./Core/Src/stm32f1xx_it.o
 *fill*         0x000000000800653f        0x1 
 .rodata        0x0000000008006540        0x3 ./Core/Src/usart.o
 *fill*         0x0000000008006543        0x1 
 .rodata        0x0000000008006544       0x10 ./Drivers/STM32F1xx_HAL_Driver/Src/stm32f1xx_hal_rcc.o
 *(.rodata*)
 .rodata.io_expander_key
                0x0000000008006554       0x10 ./Core/Src/aes.o
                0x0000000008006554                io_expander_key
 .rodata.sbox   0x0000000008006564      0x100 ./Core/Src/aes.o
 .rodata.rsbox  0x0000000008006664      0x100 ./Core/Src/aes.o
 .rodata.Rcon   0x0000000008006764        0xb ./Core/Src/aes.o
 *fill*         0x000000000800676f        0x1 
 .rodata.crc_ccitt_table
                0x0000000008006770      0x200 ./Core/Src/crc16.o
                0x0000000008006770                crc_ccitt_table
 .rodata.commands
                0x0000000008006970       0x38 ./Core/Src/rt_bus_proto.o
                0x0000000008006970                commands
 .rodata.__func__.7378
                0x00000000080069a8       0x1b ./Core/Src/rt_bus_proto.o
 *fill*         0x00000000080069c3        0x1 
 .rodata.__func__.7400
                0x00000000080069c4       0x1c ./Core/Src/rt_bus_proto.o
 .rodata.__func__.5977
                0x00000000080069e0       0x12 ./Core/Src/stm32f1xx_it.o
 *fill*         0x00000000080069f2        0x2 
 .rodata.AHBPrescTable
                0x00000000080069f4       0x10 ./Core/Src/system_stm32f1xx.o
                0x00000000080069f4                AHBPrescTable
 .rodata.APBPrescTable
                0x0000000008006a04        0x8 ./Core/Src/system_stm32f1xx.o
                0x0000000008006a04                APBPrescTable
 .rodata._svfprintf_r.str1.1
                0x0000000008006a0c       0x11 c:/st/stm32cubeide_1.7.0/stm32cubeide/plugins/com.st.stm32cube.ide.mcu.externaltools.gnu-tools-for-stm32.9-2020-q2-update.win32_2.0.0.202105311346/tools/bin/../lib/gcc/arm-none-eabi/9.3.1/../../../../arm-none-eabi/lib/thumb/v7-m/nofp\libc_nano.a(lib_a-nano-svfprintf.o)
 .rodata._printf_i.str1.1
                0x0000000008006a1d       0x22 c:/st/stm32cubeide_1.7.0/stm32cubeide/plugins/com.st.stm32cube.ide.mcu.externaltools.gnu-tools-for-stm32.9-2020-q2-update.win32_2.0.0.202105311346/tools/bin/../lib/gcc/arm-none-eabi/9.3.1/../../../../arm-none-eabi/lib/thumb/v7-m/nofp\libc_nano.a(lib_a-nano-vfprintf_i.o)
                0x0000000008006a40                . = ALIGN (0x4)
 *fill*         0x0000000008006a3f        0x1 

.ARM.extab      0x0000000008006a40        0x0
                0x0000000008006a40                . = ALIGN (0x4)
 *(.ARM.extab* .gnu.linkonce.armextab.*)
                0x0000000008006a40                . = ALIGN (0x4)

.ARM            0x0000000008006a40        0x0
                0x0000000008006a40                . = ALIGN (0x4)
                0x0000000008006a40                __exidx_start = .
 *(.ARM.exidx*)
                0x0000000008006a40                __exidx_end = .
                0x0000000008006a40                . = ALIGN (0x4)

.preinit_array  0x0000000008006a40        0x0
                0x0000000008006a40                . = ALIGN (0x4)
                0x0000000008006a40                PROVIDE (__preinit_array_start = .)
 *(.preinit_array*)
                0x0000000008006a40                PROVIDE (__preinit_array_end = .)
                0x0000000008006a40                . = ALIGN (0x4)

.init_array     0x0000000008006a40        0x4
                0x0000000008006a40                . = ALIGN (0x4)
                0x0000000008006a40                PROVIDE (__init_array_start = .)
 *(SORT_BY_NAME(.init_array.*))
 *(.init_array*)
 .init_array    0x0000000008006a40        0x4 c:/st/stm32cubeide_1.7.0/stm32cubeide/plugins/com.st.stm32cube.ide.mcu.externaltools.gnu-tools-for-stm32.9-2020-q2-update.win32_2.0.0.202105311346/tools/bin/../lib/gcc/arm-none-eabi/9.3.1/thumb/v7-m/nofp/crtbegin.o
                0x0000000008006a44                PROVIDE (__init_array_end = .)
                0x0000000008006a44                . = ALIGN (0x4)

.fini_array     0x0000000008006a44        0x4
                0x0000000008006a44                . = ALIGN (0x4)
                [!provide]                        PROVIDE (__fini_array_start = .)
 *(SORT_BY_NAME(.fini_array.*))
 *(.fini_array*)
 .fini_array    0x0000000008006a44        0x4 c:/st/stm32cubeide_1.7.0/stm32cubeide/plugins/com.st.stm32cube.ide.mcu.externaltools.gnu-tools-for-stm32.9-2020-q2-update.win32_2.0.0.202105311346/tools/bin/../lib/gcc/arm-none-eabi/9.3.1/thumb/v7-m/nofp/crtbegin.o
                [!provide]                        PROVIDE (__fini_array_end = .)
                0x0000000008006a48                . = ALIGN (0x4)

.RAMVectorTable
                0x0000000020000000      0x200
 *(.RAMVectorTable)
 .RAMVectorTable
                0x0000000020000000      0x200 ./Core/Src/rt_init.o
                0x0000000020000000                VectorTable

.IAPMailbox     0x0000000020000200        0x8
 *(.IAPMailbox)
 .IAPMailbox    0x0000000020000200        0x8 ./Core/Src/rt_init.o
                0x0000000020000200                iapMailbox
                0x0000000008006a48                _sidata = LOADADDR (.data)

.data           0x0000000020000208       0x88 load address 0x0000000008006a48
                0x0000000020000208                . = ALIGN (0x4)
                0x0000000020000208                _sdata = .
 *(.data)
 *(.data*)
 .data.project_description
                0x0000000020000208        0x4 ./Core/Src/rt_app_info.o
                0x0000000020000208                project_description
 .data.git_version
                0x000000002000020c        0x4 ./Core/Src/rt_app_info.o
                0x000000002000020c                git_version
 .data.company  0x0000000020000210        0x4 ./Core/Src/rt_app_info.o
                0x0000000020000210                company
 .data.timestamp
                0x0000000020000214        0x4 ./Core/Src/rt_app_info.o
                0x0000000020000214                timestamp
 .data.prevDMACnt
                0x0000000020000218        0x2 ./Core/Src/rt_bus_proto.o
                0x0000000020000218                prevDMACnt
 *fill*         0x000000002000021a        0x2 
 .data.g_led_flash_mode
                0x000000002000021c        0x4 ./Core/Src/rt_info.o
                0x000000002000021c                g_led_flash_mode
 .data.SystemCoreClock
                0x0000000020000220        0x4 ./Core/Src/system_stm32f1xx.o
                0x0000000020000220                SystemCoreClock
 .data.uwTickPrio
                0x0000000020000224        0x4 ./Drivers/STM32F1xx_HAL_Driver/Src/stm32f1xx_hal.o
                0x0000000020000224                uwTickPrio
 .data.uwTickFreq
                0x0000000020000228        0x1 ./Drivers/STM32F1xx_HAL_Driver/Src/stm32f1xx_hal.o
                0x0000000020000228                uwTickFreq
 *fill*         0x0000000020000229        0x3 
 .data._impure_ptr
                0x000000002000022c        0x4 c:/st/stm32cubeide_1.7.0/stm32cubeide/plugins/com.st.stm32cube.ide.mcu.externaltools.gnu-tools-for-stm32.9-2020-q2-update.win32_2.0.0.202105311346/tools/bin/../lib/gcc/arm-none-eabi/9.3.1/../../../../arm-none-eabi/lib/thumb/v7-m/nofp\libc_nano.a(lib_a-impure.o)
                0x000000002000022c                _impure_ptr
 .data.impure_data
                0x0000000020000230       0x60 c:/st/stm32cubeide_1.7.0/stm32cubeide/plugins/com.st.stm32cube.ide.mcu.externaltools.gnu-tools-for-stm32.9-2020-q2-update.win32_2.0.0.202105311346/tools/bin/../lib/gcc/arm-none-eabi/9.3.1/../../../../arm-none-eabi/lib/thumb/v7-m/nofp\libc_nano.a(lib_a-impure.o)
 *(.RamFunc)
 *(.RamFunc*)
                0x0000000020000290                . = ALIGN (0x4)
                0x0000000020000290                _edata = .

.igot.plt       0x0000000020000290        0x0 load address 0x0000000008006ad0
 .igot.plt      0x0000000020000290        0x0 c:/st/stm32cubeide_1.7.0/stm32cubeide/plugins/com.st.stm32cube.ide.mcu.externaltools.gnu-tools-for-stm32.9-2020-q2-update.win32_2.0.0.202105311346/tools/bin/../lib/gcc/arm-none-eabi/9.3.1/thumb/v7-m/nofp/crtbegin.o

.app_sha        0x0000000008006ad0       0x14
                0x0000000008006ad0                . = ALIGN (0x4)
 *(.app_sha)
 .app_sha       0x0000000008006ad0       0x14 ./Core/Src/rt_init.o
                0x0000000008006ad0                appsha
                0x0000000008006ae4                . = ALIGN (0x4)

.rel.dyn        0x0000000008006ae4        0x0
 .rel.iplt      0x0000000008006ae4        0x0 c:/st/stm32cubeide_1.7.0/stm32cubeide/plugins/com.st.stm32cube.ide.mcu.externaltools.gnu-tools-for-stm32.9-2020-q2-update.win32_2.0.0.202105311346/tools/bin/../lib/gcc/arm-none-eabi/9.3.1/thumb/v7-m/nofp/crtbegin.o
                0x0000000008006ae4                . = ALIGN (0x4)

.bss            0x0000000020000290      0xf50
                0x0000000020000290                _sbss = .
                0x0000000020000290                __bss_start__ = _sbss
 *(.bss)
 .bss           0x0000000020000290       0x1c c:/st/stm32cubeide_1.7.0/stm32cubeide/plugins/com.st.stm32cube.ide.mcu.externaltools.gnu-tools-for-stm32.9-2020-q2-update.win32_2.0.0.202105311346/tools/bin/../lib/gcc/arm-none-eabi/9.3.1/thumb/v7-m/nofp/crtbegin.o
 *(.bss*)
 .bss.state     0x00000000200002ac        0x4 ./Core/Src/aes.o
 .bss.RoundKey  0x00000000200002b0       0xb0 ./Core/Src/aes.o
 .bss.Key       0x0000000020000360        0x4 ./Core/Src/aes.o
 .bss.Iv        0x0000000020000364        0x4 ./Core/Src/aes.o
 .bss.gRunMode  0x0000000020000368        0x1 ./Core/Src/main.o
                0x0000000020000368                gRunMode
 .bss.gStayInBootloader
                0x0000000020000369        0x1 ./Core/Src/main.o
                0x0000000020000369                gStayInBootloader
 .bss.g_comms_mode
                0x000000002000036a        0x1 ./Core/Src/main.o
                0x000000002000036a                g_comms_mode
 *fill*         0x000000002000036b        0x1 
 .bss.led_blink_counter.7362
                0x000000002000036c        0x4 ./Core/Src/main.o
 .bss.isFrameReady
                0x0000000020000370        0x1 ./Core/Src/rt_bus_proto.o
                0x0000000020000370                isFrameReady
 *fill*         0x0000000020000371        0x3 
 .bss.gFrameCount
                0x0000000020000374        0x4 ./Core/Src/rt_bus_proto.o
                0x0000000020000374                gFrameCount
 .bss.prev_pck_idx.7388
                0x0000000020000378        0x2 ./Core/Src/rt_bus_proto.o
 *fill*         0x000000002000037a        0x2 
 .bss.fw_idx.7389
                0x000000002000037c        0x4 ./Core/Src/rt_bus_proto.o
 .bss.__sbrk_heap_end
                0x0000000020000380        0x4 ./Core/Src/sysmem.o
 .bss.__malloc_free_list
                0x0000000020000384        0x4 c:/st/stm32cubeide_1.7.0/stm32cubeide/plugins/com.st.stm32cube.ide.mcu.externaltools.gnu-tools-for-stm32.9-2020-q2-update.win32_2.0.0.202105311346/tools/bin/../lib/gcc/arm-none-eabi/9.3.1/../../../../arm-none-eabi/lib/thumb/v7-m/nofp\libc_nano.a(lib_a-nano-mallocr.o)
                0x0000000020000384                __malloc_free_list
 .bss.__malloc_sbrk_start
                0x0000000020000388        0x4 c:/st/stm32cubeide_1.7.0/stm32cubeide/plugins/com.st.stm32cube.ide.mcu.externaltools.gnu-tools-for-stm32.9-2020-q2-update.win32_2.0.0.202105311346/tools/bin/../lib/gcc/arm-none-eabi/9.3.1/../../../../arm-none-eabi/lib/thumb/v7-m/nofp\libc_nano.a(lib_a-nano-mallocr.o)
                0x0000000020000388                __malloc_sbrk_start
 *(COMMON)
 COMMON         0x000000002000038c      0xa44 ./Core/Src/rt_bus_proto.o
                0x000000002000038c                flashBuffer
                0x000000002000079c                gSPI_Tx_DMA_Buf
                0x000000002000081c                gRT_Command_Packet
                0x00000000200008a8                gSPI_Rx_DMA_Buf
                0x0000000020000928                sRT_FW_Update_Command_Packet
                0x0000000020000d50                gSPI_Rx_Buf
 COMMON         0x0000000020000dd0      0x270 ./Core/Src/rt_info.o
                0x0000000020000dd0                sRotaAdvanceDeviceInfo
                0x0000000020000f30                sRotaDeviceInfo
 COMMON         0x0000000020001040       0xe0 ./Core/Src/spi.o
                0x0000000020001040                hspi1
                0x0000000020001098                hdma_spi1_rx
                0x00000000200010dc                hdma_spi1_tx
 COMMON         0x0000000020001120       0x88 ./Core/Src/usart.o
                0x0000000020001120                hdma_usart1_tx
                0x0000000020001164                huart1
 COMMON         0x00000000200011a8        0x4 ./Drivers/STM32F1xx_HAL_Driver/Src/stm32f1xx_hal.o
                0x00000000200011a8                uwTick
 *fill*         0x00000000200011ac        0x4 
 COMMON         0x00000000200011b0       0x20 ./Drivers/STM32F1xx_HAL_Driver/Src/stm32f1xx_hal_flash.o
                0x00000000200011b0                pFlash
 COMMON         0x00000000200011d0        0x4 c:/st/stm32cubeide_1.7.0/stm32cubeide/plugins/com.st.stm32cube.ide.mcu.externaltools.gnu-tools-for-stm32.9-2020-q2-update.win32_2.0.0.202105311346/tools/bin/../lib/gcc/arm-none-eabi/9.3.1/../../../../arm-none-eabi/lib/thumb/v7-m/nofp\libc_nano.a(lib_a-reent.o)
                0x00000000200011d0                errno
 COMMON         0x00000000200011d4        0x9 c:/st/stm32cubeide_1.7.0/stm32cubeide/plugins/com.st.stm32cube.ide.mcu.externaltools.gnu-tools-for-stm32.9-2020-q2-update.win32_2.0.0.202105311346/tools/bin/../lib/gcc/arm-none-eabi/9.3.1/../../../../arm-none-eabi/lib/thumb/v7-m/nofp\libc_nano.a(lib_a-lock.o)
                0x00000000200011d4                __lock___atexit_recursive_mutex
                0x00000000200011d5                __lock___arc4random_mutex
                0x00000000200011d6                __lock___env_recursive_mutex
                0x00000000200011d7                __lock___sinit_recursive_mutex
                0x00000000200011d8                __lock___malloc_recursive_mutex
                0x00000000200011d9                __lock___at_quick_exit_mutex
                0x00000000200011da                __lock___dd_hash_mutex
                0x00000000200011db                __lock___tz_mutex
                0x00000000200011dc                __lock___sfp_recursive_mutex
                0x00000000200011e0                . = ALIGN (0x4)
 *fill*         0x00000000200011dd        0x3 
                0x00000000200011e0                _ebss = .
                0x00000000200011e0                __bss_end__ = _ebss

._user_heap_stack
                0x00000000200011e0      0x600
                0x00000000200011e0                . = ALIGN (0x8)
                [!provide]                        PROVIDE (end = .)
                0x00000000200011e0                PROVIDE (_end = .)
                0x00000000200013e0                . = (. + _Min_Heap_Size)
 *fill*         0x00000000200011e0      0x200 
                0x00000000200017e0                . = (. + _Min_Stack_Size)
 *fill*         0x00000000200013e0      0x400 
                0x00000000200017e0                . = ALIGN (0x8)

/DISCARD/
 libc.a(*)
 libm.a(*)
 libgcc.a(*)

.ARM.attributes
                0x0000000000000000       0x29
 *(.ARM.attributes)
 .ARM.attributes
                0x0000000000000000       0x1d c:/st/stm32cubeide_1.7.0/stm32cubeide/plugins/com.st.stm32cube.ide.mcu.externaltools.gnu-tools-for-stm32.9-2020-q2-update.win32_2.0.0.202105311346/tools/bin/../lib/gcc/arm-none-eabi/9.3.1/thumb/v7-m/nofp/crti.o
 .ARM.attributes
                0x000000000000001d       0x2d c:/st/stm32cubeide_1.7.0/stm32cubeide/plugins/com.st.stm32cube.ide.mcu.externaltools.gnu-tools-for-stm32.9-2020-q2-update.win32_2.0.0.202105311346/tools/bin/../lib/gcc/arm-none-eabi/9.3.1/thumb/v7-m/nofp/crtbegin.o
 .ARM.attributes
                0x000000000000004a       0x2d ./Core/Src/aes.o
 .ARM.attributes
                0x0000000000000077       0x2d ./Core/Src/crc16.o
 .ARM.attributes
                0x00000000000000a4       0x2d ./Core/Src/dma.o
 .ARM.attributes
                0x00000000000000d1       0x2d ./Core/Src/flash_if.o
 .ARM.attributes
                0x00000000000000fe       0x2d ./Core/Src/gpio.o
 .ARM.attributes
                0x000000000000012b       0x2d ./Core/Src/iap.o
 .ARM.attributes
                0x0000000000000158       0x2d ./Core/Src/main.o
 .ARM.attributes
                0x0000000000000185       0x33 ./Core/Src/rt_app_info.o
 .ARM.attributes
                0x00000000000001b8       0x2d ./Core/Src/rt_bus_proto.o
 .ARM.attributes
                0x00000000000001e5       0x2d ./Core/Src/rt_info.o
 .ARM.attributes
                0x0000000000000212       0x2d ./Core/Src/rt_init.o
 .ARM.attributes
                0x000000000000023f       0x2d ./Core/Src/sha1.o
 .ARM.attributes
                0x000000000000026c       0x2d ./Core/Src/spi.o
 .ARM.attributes
                0x0000000000000299       0x2d ./Core/Src/stm32f1xx_hal_msp.o
 .ARM.attributes
                0x00000000000002c6       0x2d ./Core/Src/stm32f1xx_it.o
 .ARM.attributes
                0x00000000000002f3       0x2d ./Core/Src/sysmem.o
 .ARM.attributes
                0x0000000000000320       0x2d ./Core/Src/system_stm32f1xx.o
 .ARM.attributes
                0x000000000000034d       0x2d ./Core/Src/usart.o
 .ARM.attributes
                0x000000000000037a       0x21 ./Core/Startup/startup_stm32f103rctx.o
 .ARM.attributes
                0x000000000000039b       0x2d ./Drivers/STM32F1xx_HAL_Driver/Src/stm32f1xx_hal.o
 .ARM.attributes
                0x00000000000003c8       0x2d ./Drivers/STM32F1xx_HAL_Driver/Src/stm32f1xx_hal_cortex.o
 .ARM.attributes
                0x00000000000003f5       0x2d ./Drivers/STM32F1xx_HAL_Driver/Src/stm32f1xx_hal_dma.o
 .ARM.attributes
                0x0000000000000422       0x2d ./Drivers/STM32F1xx_HAL_Driver/Src/stm32f1xx_hal_flash.o
 .ARM.attributes
                0x000000000000044f       0x2d ./Drivers/STM32F1xx_HAL_Driver/Src/stm32f1xx_hal_flash_ex.o
 .ARM.attributes
                0x000000000000047c       0x2d ./Drivers/STM32F1xx_HAL_Driver/Src/stm32f1xx_hal_gpio.o
 .ARM.attributes
                0x00000000000004a9       0x2d ./Drivers/STM32F1xx_HAL_Driver/Src/stm32f1xx_hal_rcc.o
 .ARM.attributes
                0x00000000000004d6       0x2d ./Drivers/STM32F1xx_HAL_Driver/Src/stm32f1xx_hal_spi.o
 .ARM.attributes
                0x0000000000000503       0x2d ./Drivers/STM32F1xx_HAL_Driver/Src/stm32f1xx_hal_uart.o
 .ARM.attributes
                0x0000000000000530       0x2d c:/st/stm32cubeide_1.7.0/stm32cubeide/plugins/com.st.stm32cube.ide.mcu.externaltools.gnu-tools-for-stm32.9-2020-q2-update.win32_2.0.0.202105311346/tools/bin/../lib/gcc/arm-none-eabi/9.3.1/../../../../arm-none-eabi/lib/thumb/v7-m/nofp\libc_nano.a(lib_a-errno.o)
 .ARM.attributes
                0x000000000000055d       0x2d c:/st/stm32cubeide_1.7.0/stm32cubeide/plugins/com.st.stm32cube.ide.mcu.externaltools.gnu-tools-for-stm32.9-2020-q2-update.win32_2.0.0.202105311346/tools/bin/../lib/gcc/arm-none-eabi/9.3.1/../../../../arm-none-eabi/lib/thumb/v7-m/nofp\libc_nano.a(lib_a-impure.o)
 .ARM.attributes
                0x000000000000058a       0x2d c:/st/stm32cubeide_1.7.0/stm32cubeide/plugins/com.st.stm32cube.ide.mcu.externaltools.gnu-tools-for-stm32.9-2020-q2-update.win32_2.0.0.202105311346/tools/bin/../lib/gcc/arm-none-eabi/9.3.1/../../../../arm-none-eabi/lib/thumb/v7-m/nofp\libc_nano.a(lib_a-init.o)
 .ARM.attributes
                0x00000000000005b7       0x2d c:/st/stm32cubeide_1.7.0/stm32cubeide/plugins/com.st.stm32cube.ide.mcu.externaltools.gnu-tools-for-stm32.9-2020-q2-update.win32_2.0.0.202105311346/tools/bin/../lib/gcc/arm-none-eabi/9.3.1/../../../../arm-none-eabi/lib/thumb/v7-m/nofp\libc_nano.a(lib_a-memcmp.o)
 .ARM.attributes
                0x00000000000005e4       0x2d c:/st/stm32cubeide_1.7.0/stm32cubeide/plugins/com.st.stm32cube.ide.mcu.externaltools.gnu-tools-for-stm32.9-2020-q2-update.win32_2.0.0.202105311346/tools/bin/../lib/gcc/arm-none-eabi/9.3.1/../../../../arm-none-eabi/lib/thumb/v7-m/nofp\libc_nano.a(lib_a-memcpy-stub.o)
 .ARM.attributes
                0x0000000000000611       0x2d c:/st/stm32cubeide_1.7.0/stm32cubeide/plugins/com.st.stm32cube.ide.mcu.externaltools.gnu-tools-for-stm32.9-2020-q2-update.win32_2.0.0.202105311346/tools/bin/../lib/gcc/arm-none-eabi/9.3.1/../../../../arm-none-eabi/lib/thumb/v7-m/nofp\libc_nano.a(lib_a-memset.o)
 .ARM.attributes
                0x000000000000063e       0x17 c:/st/stm32cubeide_1.7.0/stm32cubeide/plugins/com.st.stm32cube.ide.mcu.externaltools.gnu-tools-for-stm32.9-2020-q2-update.win32_2.0.0.202105311346/tools/bin/../lib/gcc/arm-none-eabi/9.3.1/../../../../arm-none-eabi/lib/thumb/v7-m/nofp\libc_nano.a(lib_a-strlen.o)
 .ARM.attributes
                0x0000000000000655       0x2d c:/st/stm32cubeide_1.7.0/stm32cubeide/plugins/com.st.stm32cube.ide.mcu.externaltools.gnu-tools-for-stm32.9-2020-q2-update.win32_2.0.0.202105311346/tools/bin/../lib/gcc/arm-none-eabi/9.3.1/../../../../arm-none-eabi/lib/thumb/v7-m/nofp\libc_nano.a(lib_a-strncpy.o)
 .ARM.attributes
                0x0000000000000682       0x2d c:/st/stm32cubeide_1.7.0/stm32cubeide/plugins/com.st.stm32cube.ide.mcu.externaltools.gnu-tools-for-stm32.9-2020-q2-update.win32_2.0.0.202105311346/tools/bin/../lib/gcc/arm-none-eabi/9.3.1/../../../../arm-none-eabi/lib/thumb/v7-m/nofp\libc_nano.a(lib_a-vsprintf.o)
 .ARM.attributes
                0x00000000000006af       0x2d c:/st/stm32cubeide_1.7.0/stm32cubeide/plugins/com.st.stm32cube.ide.mcu.externaltools.gnu-tools-for-stm32.9-2020-q2-update.win32_2.0.0.202105311346/tools/bin/../lib/gcc/arm-none-eabi/9.3.1/../../../../arm-none-eabi/lib/thumb/v7-m/nofp\libc_nano.a(lib_a-nano-svfprintf.o)
 .ARM.attributes
                0x00000000000006dc       0x2d c:/st/stm32cubeide_1.7.0/stm32cubeide/plugins/com.st.stm32cube.ide.mcu.externaltools.gnu-tools-for-stm32.9-2020-q2-update.win32_2.0.0.202105311346/tools/bin/../lib/gcc/arm-none-eabi/9.3.1/../../../../arm-none-eabi/lib/thumb/v7-m/nofp\libc_nano.a(lib_a-nano-vfprintf_i.o)
 .ARM.attributes
                0x0000000000000709       0x2d c:/st/stm32cubeide_1.7.0/stm32cubeide/plugins/com.st.stm32cube.ide.mcu.externaltools.gnu-tools-for-stm32.9-2020-q2-update.win32_2.0.0.202105311346/tools/bin/../lib/gcc/arm-none-eabi/9.3.1/../../../../arm-none-eabi/lib/thumb/v7-m/nofp\libc_nano.a(lib_a-memchr-stub.o)
 .ARM.attributes
                0x0000000000000736       0x2d c:/st/stm32cubeide_1.7.0/stm32cubeide/plugins/com.st.stm32cube.ide.mcu.externaltools.gnu-tools-for-stm32.9-2020-q2-update.win32_2.0.0.202105311346/tools/bin/../lib/gcc/arm-none-eabi/9.3.1/../../../../arm-none-eabi/lib/thumb/v7-m/nofp\libc_nano.a(lib_a-memmove.o)
 .ARM.attributes
                0x0000000000000763       0x2d c:/st/stm32cubeide_1.7.0/stm32cubeide/plugins/com.st.stm32cube.ide.mcu.externaltools.gnu-tools-for-stm32.9-2020-q2-update.win32_2.0.0.202105311346/tools/bin/../lib/gcc/arm-none-eabi/9.3.1/../../../../arm-none-eabi/lib/thumb/v7-m/nofp\libc_nano.a(lib_a-nano-freer.o)
 .ARM.attributes
                0x0000000000000790       0x2d c:/st/stm32cubeide_1.7.0/stm32cubeide/plugins/com.st.stm32cube.ide.mcu.externaltools.gnu-tools-for-stm32.9-2020-q2-update.win32_2.0.0.202105311346/tools/bin/../lib/gcc/arm-none-eabi/9.3.1/../../../../arm-none-eabi/lib/thumb/v7-m/nofp\libc_nano.a(lib_a-nano-mallocr.o)
 .ARM.attributes
                0x00000000000007bd       0x2d c:/st/stm32cubeide_1.7.0/stm32cubeide/plugins/com.st.stm32cube.ide.mcu.externaltools.gnu-tools-for-stm32.9-2020-q2-update.win32_2.0.0.202105311346/tools/bin/../lib/gcc/arm-none-eabi/9.3.1/../../../../arm-none-eabi/lib/thumb/v7-m/nofp\libc_nano.a(lib_a-nano-reallocr.o)
 .ARM.attributes
                0x00000000000007ea       0x2d c:/st/stm32cubeide_1.7.0/stm32cubeide/plugins/com.st.stm32cube.ide.mcu.externaltools.gnu-tools-for-stm32.9-2020-q2-update.win32_2.0.0.202105311346/tools/bin/../lib/gcc/arm-none-eabi/9.3.1/../../../../arm-none-eabi/lib/thumb/v7-m/nofp\libc_nano.a(lib_a-sbrkr.o)
 .ARM.attributes
                0x0000000000000817       0x2d c:/st/stm32cubeide_1.7.0/stm32cubeide/plugins/com.st.stm32cube.ide.mcu.externaltools.gnu-tools-for-stm32.9-2020-q2-update.win32_2.0.0.202105311346/tools/bin/../lib/gcc/arm-none-eabi/9.3.1/../../../../arm-none-eabi/lib/thumb/v7-m/nofp\libc_nano.a(lib_a-mlock.o)
 .ARM.attributes
                0x0000000000000844       0x2d c:/st/stm32cubeide_1.7.0/stm32cubeide/plugins/com.st.stm32cube.ide.mcu.externaltools.gnu-tools-for-stm32.9-2020-q2-update.win32_2.0.0.202105311346/tools/bin/../lib/gcc/arm-none-eabi/9.3.1/../../../../arm-none-eabi/lib/thumb/v7-m/nofp\libc_nano.a(lib_a-nano-msizer.o)
 .ARM.attributes
                0x0000000000000871       0x2d c:/st/stm32cubeide_1.7.0/stm32cubeide/plugins/com.st.stm32cube.ide.mcu.externaltools.gnu-tools-for-stm32.9-2020-q2-update.win32_2.0.0.202105311346/tools/bin/../lib/gcc/arm-none-eabi/9.3.1/../../../../arm-none-eabi/lib/thumb/v7-m/nofp\libc_nano.a(lib_a-reent.o)
 .ARM.attributes
                0x000000000000089e       0x2d c:/st/stm32cubeide_1.7.0/stm32cubeide/plugins/com.st.stm32cube.ide.mcu.externaltools.gnu-tools-for-stm32.9-2020-q2-update.win32_2.0.0.202105311346/tools/bin/../lib/gcc/arm-none-eabi/9.3.1/../../../../arm-none-eabi/lib/thumb/v7-m/nofp\libc_nano.a(lib_a-lock.o)
 .ARM.attributes
                0x00000000000008cb       0x1d c:/st/stm32cubeide_1.7.0/stm32cubeide/plugins/com.st.stm32cube.ide.mcu.externaltools.gnu-tools-for-stm32.9-2020-q2-update.win32_2.0.0.202105311346/tools/bin/../lib/gcc/arm-none-eabi/9.3.1/thumb/v7-m/nofp/crtn.o
OUTPUT(F1_CompactController_AuxMCU_Bootloader.elf elf32-littlearm)
LOAD linker stubs
LOAD c:/st/stm32cubeide_1.7.0/stm32cubeide/plugins/com.st.stm32cube.ide.mcu.externaltools.gnu-tools-for-stm32.9-2020-q2-update.win32_2.0.0.202105311346/tools/bin/../lib/gcc/arm-none-eabi/9.3.1/../../../../arm-none-eabi/lib/thumb/v7-m/nofp\libc.a
LOAD c:/st/stm32cubeide_1.7.0/stm32cubeide/plugins/com.st.stm32cube.ide.mcu.externaltools.gnu-tools-for-stm32.9-2020-q2-update.win32_2.0.0.202105311346/tools/bin/../lib/gcc/arm-none-eabi/9.3.1/../../../../arm-none-eabi/lib/thumb/v7-m/nofp\libm.a
LOAD c:/st/stm32cubeide_1.7.0/stm32cubeide/plugins/com.st.stm32cube.ide.mcu.externaltools.gnu-tools-for-stm32.9-2020-q2-update.win32_2.0.0.202105311346/tools/bin/../lib/gcc/arm-none-eabi/9.3.1/thumb/v7-m/nofp\libgcc.a

.comment        0x0000000000000000       0x53
 .comment       0x0000000000000000       0x53 ./Core/Src/aes.o
                                         0x54 (size before relaxing)
 .comment       0x0000000000000053       0x54 ./Core/Src/crc16.o
 .comment       0x0000000000000053       0x54 ./Core/Src/dma.o
 .comment       0x0000000000000053       0x54 ./Core/Src/flash_if.o
 .comment       0x0000000000000053       0x54 ./Core/Src/gpio.o
 .comment       0x0000000000000053       0x54 ./Core/Src/iap.o
 .comment       0x0000000000000053       0x54 ./Core/Src/main.o
 .comment       0x0000000000000053       0x54 ./Core/Src/rt_app_info.o
 .comment       0x0000000000000053       0x54 ./Core/Src/rt_bus_proto.o
 .comment       0x0000000000000053       0x54 ./Core/Src/rt_info.o
 .comment       0x0000000000000053       0x54 ./Core/Src/rt_init.o
 .comment       0x0000000000000053       0x54 ./Core/Src/sha1.o
 .comment       0x0000000000000053       0x54 ./Core/Src/spi.o
 .comment       0x0000000000000053       0x54 ./Core/Src/stm32f1xx_hal_msp.o
 .comment       0x0000000000000053       0x54 ./Core/Src/stm32f1xx_it.o
 .comment       0x0000000000000053       0x54 ./Core/Src/sysmem.o
 .comment       0x0000000000000053       0x54 ./Core/Src/system_stm32f1xx.o
 .comment       0x0000000000000053       0x54 ./Core/Src/usart.o
 .comment       0x0000000000000053       0x54 ./Drivers/STM32F1xx_HAL_Driver/Src/stm32f1xx_hal.o
 .comment       0x0000000000000053       0x54 ./Drivers/STM32F1xx_HAL_Driver/Src/stm32f1xx_hal_cortex.o
 .comment       0x0000000000000053       0x54 ./Drivers/STM32F1xx_HAL_Driver/Src/stm32f1xx_hal_dma.o
 .comment       0x0000000000000053       0x54 ./Drivers/STM32F1xx_HAL_Driver/Src/stm32f1xx_hal_flash.o
 .comment       0x0000000000000053       0x54 ./Drivers/STM32F1xx_HAL_Driver/Src/stm32f1xx_hal_flash_ex.o
 .comment       0x0000000000000053       0x54 ./Drivers/STM32F1xx_HAL_Driver/Src/stm32f1xx_hal_gpio.o
 .comment       0x0000000000000053       0x54 ./Drivers/STM32F1xx_HAL_Driver/Src/stm32f1xx_hal_rcc.o
 .comment       0x0000000000000053       0x54 ./Drivers/STM32F1xx_HAL_Driver/Src/stm32f1xx_hal_spi.o
 .comment       0x0000000000000053       0x54 ./Drivers/STM32F1xx_HAL_Driver/Src/stm32f1xx_hal_uart.o

.debug_frame    0x0000000000000000      0x490
 .debug_frame   0x0000000000000000       0x20 c:/st/stm32cubeide_1.7.0/stm32cubeide/plugins/com.st.stm32cube.ide.mcu.externaltools.gnu-tools-for-stm32.9-2020-q2-update.win32_2.0.0.202105311346/tools/bin/../lib/gcc/arm-none-eabi/9.3.1/../../../../arm-none-eabi/lib/thumb/v7-m/nofp\libc_nano.a(lib_a-errno.o)
 .debug_frame   0x0000000000000020       0x2c c:/st/stm32cubeide_1.7.0/stm32cubeide/plugins/com.st.stm32cube.ide.mcu.externaltools.gnu-tools-for-stm32.9-2020-q2-update.win32_2.0.0.202105311346/tools/bin/../lib/gcc/arm-none-eabi/9.3.1/../../../../arm-none-eabi/lib/thumb/v7-m/nofp\libc_nano.a(lib_a-init.o)
 .debug_frame   0x000000000000004c       0x2c c:/st/stm32cubeide_1.7.0/stm32cubeide/plugins/com.st.stm32cube.ide.mcu.externaltools.gnu-tools-for-stm32.9-2020-q2-update.win32_2.0.0.202105311346/tools/bin/../lib/gcc/arm-none-eabi/9.3.1/../../../../arm-none-eabi/lib/thumb/v7-m/nofp\libc_nano.a(lib_a-memcmp.o)
 .debug_frame   0x0000000000000078       0x28 c:/st/stm32cubeide_1.7.0/stm32cubeide/plugins/com.st.stm32cube.ide.mcu.externaltools.gnu-tools-for-stm32.9-2020-q2-update.win32_2.0.0.202105311346/tools/bin/../lib/gcc/arm-none-eabi/9.3.1/../../../../arm-none-eabi/lib/thumb/v7-m/nofp\libc_nano.a(lib_a-memcpy-stub.o)
 .debug_frame   0x00000000000000a0       0x20 c:/st/stm32cubeide_1.7.0/stm32cubeide/plugins/com.st.stm32cube.ide.mcu.externaltools.gnu-tools-for-stm32.9-2020-q2-update.win32_2.0.0.202105311346/tools/bin/../lib/gcc/arm-none-eabi/9.3.1/../../../../arm-none-eabi/lib/thumb/v7-m/nofp\libc_nano.a(lib_a-memset.o)
 .debug_frame   0x00000000000000c0       0x28 c:/st/stm32cubeide_1.7.0/stm32cubeide/plugins/com.st.stm32cube.ide.mcu.externaltools.gnu-tools-for-stm32.9-2020-q2-update.win32_2.0.0.202105311346/tools/bin/../lib/gcc/arm-none-eabi/9.3.1/../../../../arm-none-eabi/lib/thumb/v7-m/nofp\libc_nano.a(lib_a-strncpy.o)
 .debug_frame   0x00000000000000e8       0x3c c:/st/stm32cubeide_1.7.0/stm32cubeide/plugins/com.st.stm32cube.ide.mcu.externaltools.gnu-tools-for-stm32.9-2020-q2-update.win32_2.0.0.202105311346/tools/bin/../lib/gcc/arm-none-eabi/9.3.1/../../../../arm-none-eabi/lib/thumb/v7-m/nofp\libc_nano.a(lib_a-vsprintf.o)
 .debug_frame   0x0000000000000124       0x90 c:/st/stm32cubeide_1.7.0/stm32cubeide/plugins/com.st.stm32cube.ide.mcu.externaltools.gnu-tools-for-stm32.9-2020-q2-update.win32_2.0.0.202105311346/tools/bin/../lib/gcc/arm-none-eabi/9.3.1/../../../../arm-none-eabi/lib/thumb/v7-m/nofp\libc_nano.a(lib_a-nano-svfprintf.o)
 .debug_frame   0x00000000000001b4       0x60 c:/st/stm32cubeide_1.7.0/stm32cubeide/plugins/com.st.stm32cube.ide.mcu.externaltools.gnu-tools-for-stm32.9-2020-q2-update.win32_2.0.0.202105311346/tools/bin/../lib/gcc/arm-none-eabi/9.3.1/../../../../arm-none-eabi/lib/thumb/v7-m/nofp\libc_nano.a(lib_a-nano-vfprintf_i.o)
 .debug_frame   0x0000000000000214       0x28 c:/st/stm32cubeide_1.7.0/stm32cubeide/plugins/com.st.stm32cube.ide.mcu.externaltools.gnu-tools-for-stm32.9-2020-q2-update.win32_2.0.0.202105311346/tools/bin/../lib/gcc/arm-none-eabi/9.3.1/../../../../arm-none-eabi/lib/thumb/v7-m/nofp\libc_nano.a(lib_a-memchr-stub.o)
 .debug_frame   0x000000000000023c       0x28 c:/st/stm32cubeide_1.7.0/stm32cubeide/plugins/com.st.stm32cube.ide.mcu.externaltools.gnu-tools-for-stm32.9-2020-q2-update.win32_2.0.0.202105311346/tools/bin/../lib/gcc/arm-none-eabi/9.3.1/../../../../arm-none-eabi/lib/thumb/v7-m/nofp\libc_nano.a(lib_a-memmove.o)
 .debug_frame   0x0000000000000264       0x38 c:/st/stm32cubeide_1.7.0/stm32cubeide/plugins/com.st.stm32cube.ide.mcu.externaltools.gnu-tools-for-stm32.9-2020-q2-update.win32_2.0.0.202105311346/tools/bin/../lib/gcc/arm-none-eabi/9.3.1/../../../../arm-none-eabi/lib/thumb/v7-m/nofp\libc_nano.a(lib_a-nano-freer.o)
 .debug_frame   0x000000000000029c       0x30 c:/st/stm32cubeide_1.7.0/stm32cubeide/plugins/com.st.stm32cube.ide.mcu.externaltools.gnu-tools-for-stm32.9-2020-q2-update.win32_2.0.0.202105311346/tools/bin/../lib/gcc/arm-none-eabi/9.3.1/../../../../arm-none-eabi/lib/thumb/v7-m/nofp\libc_nano.a(lib_a-nano-mallocr.o)
 .debug_frame   0x00000000000002cc       0x3c c:/st/stm32cubeide_1.7.0/stm32cubeide/plugins/com.st.stm32cube.ide.mcu.externaltools.gnu-tools-for-stm32.9-2020-q2-update.win32_2.0.0.202105311346/tools/bin/../lib/gcc/arm-none-eabi/9.3.1/../../../../arm-none-eabi/lib/thumb/v7-m/nofp\libc_nano.a(lib_a-nano-reallocr.o)
 .debug_frame   0x0000000000000308       0x2c c:/st/stm32cubeide_1.7.0/stm32cubeide/plugins/com.st.stm32cube.ide.mcu.externaltools.gnu-tools-for-stm32.9-2020-q2-update.win32_2.0.0.202105311346/tools/bin/../lib/gcc/arm-none-eabi/9.3.1/../../../../arm-none-eabi/lib/thumb/v7-m/nofp\libc_nano.a(lib_a-sbrkr.o)
 .debug_frame   0x0000000000000334       0x30 c:/st/stm32cubeide_1.7.0/stm32cubeide/plugins/com.st.stm32cube.ide.mcu.externaltools.gnu-tools-for-stm32.9-2020-q2-update.win32_2.0.0.202105311346/tools/bin/../lib/gcc/arm-none-eabi/9.3.1/../../../../arm-none-eabi/lib/thumb/v7-m/nofp\libc_nano.a(lib_a-mlock.o)
 .debug_frame   0x0000000000000364       0x20 c:/st/stm32cubeide_1.7.0/stm32cubeide/plugins/com.st.stm32cube.ide.mcu.externaltools.gnu-tools-for-stm32.9-2020-q2-update.win32_2.0.0.202105311346/tools/bin/../lib/gcc/arm-none-eabi/9.3.1/../../../../arm-none-eabi/lib/thumb/v7-m/nofp\libc_nano.a(lib_a-nano-msizer.o)
 .debug_frame   0x0000000000000384       0x5c c:/st/stm32cubeide_1.7.0/stm32cubeide/plugins/com.st.stm32cube.ide.mcu.externaltools.gnu-tools-for-stm32.9-2020-q2-update.win32_2.0.0.202105311346/tools/bin/../lib/gcc/arm-none-eabi/9.3.1/../../../../arm-none-eabi/lib/thumb/v7-m/nofp\libc_nano.a(lib_a-reent.o)
 .debug_frame   0x00000000000003e0       0xb0 c:/st/stm32cubeide_1.7.0/stm32cubeide/plugins/com.st.stm32cube.ide.mcu.externaltools.gnu-tools-for-stm32.9-2020-q2-update.win32_2.0.0.202105311346/tools/bin/../lib/gcc/arm-none-eabi/9.3.1/../../../../arm-none-eabi/lib/thumb/v7-m/nofp\libc_nano.a(lib_a-lock.o)
