Archive member included to satisfy reference by file (symbol)

c:/st/stm32cubeide_1.7.0/stm32cubeide/plugins/com.st.stm32cube.ide.mcu.externaltools.gnu-tools-for-stm32.9-2020-q2-update.win32_2.0.0.202105311346/tools/bin/../lib/gcc/arm-none-eabi/9.3.1/../../../../arm-none-eabi/lib/thumb/v7-m/nofp\libc_nano.a(lib_a-errno.o)
                              ./Core/Src/syscalls.o (__errno)
c:/st/stm32cubeide_1.7.0/stm32cubeide/plugins/com.st.stm32cube.ide.mcu.externaltools.gnu-tools-for-stm32.9-2020-q2-update.win32_2.0.0.202105311346/tools/bin/../lib/gcc/arm-none-eabi/9.3.1/../../../../arm-none-eabi/lib/thumb/v7-m/nofp\libc_nano.a(lib_a-exit.o)
                              c:/st/stm32cubeide_1.7.0/stm32cubeide/plugins/com.st.stm32cube.ide.mcu.externaltools.gnu-tools-for-stm32.9-2020-q2-update.win32_2.0.0.202105311346/tools/bin/../lib/gcc/arm-none-eabi/9.3.1/../../../../arm-none-eabi/lib/thumb/v7-m/nofp/crt0.o (exit)
c:/st/stm32cubeide_1.7.0/stm32cubeide/plugins/com.st.stm32cube.ide.mcu.externaltools.gnu-tools-for-stm32.9-2020-q2-update.win32_2.0.0.202105311346/tools/bin/../lib/gcc/arm-none-eabi/9.3.1/../../../../arm-none-eabi/lib/thumb/v7-m/nofp\libc_nano.a(lib_a-impure.o)
                              c:/st/stm32cubeide_1.7.0/stm32cubeide/plugins/com.st.stm32cube.ide.mcu.externaltools.gnu-tools-for-stm32.9-2020-q2-update.win32_2.0.0.202105311346/tools/bin/../lib/gcc/arm-none-eabi/9.3.1/../../../../arm-none-eabi/lib/thumb/v7-m/nofp\libc_nano.a(lib_a-exit.o) (_global_impure_ptr)
c:/st/stm32cubeide_1.7.0/stm32cubeide/plugins/com.st.stm32cube.ide.mcu.externaltools.gnu-tools-for-stm32.9-2020-q2-update.win32_2.0.0.202105311346/tools/bin/../lib/gcc/arm-none-eabi/9.3.1/../../../../arm-none-eabi/lib/thumb/v7-m/nofp\libc_nano.a(lib_a-init.o)
                              c:/st/stm32cubeide_1.7.0/stm32cubeide/plugins/com.st.stm32cube.ide.mcu.externaltools.gnu-tools-for-stm32.9-2020-q2-update.win32_2.0.0.202105311346/tools/bin/../lib/gcc/arm-none-eabi/9.3.1/../../../../arm-none-eabi/lib/thumb/v7-m/nofp/crt0.o (__libc_init_array)
c:/st/stm32cubeide_1.7.0/stm32cubeide/plugins/com.st.stm32cube.ide.mcu.externaltools.gnu-tools-for-stm32.9-2020-q2-update.win32_2.0.0.202105311346/tools/bin/../lib/gcc/arm-none-eabi/9.3.1/../../../../arm-none-eabi/lib/thumb/v7-m/nofp\libc_nano.a(lib_a-memcmp.o)
                              ./Core/Src/iap.o (memcmp)
c:/st/stm32cubeide_1.7.0/stm32cubeide/plugins/com.st.stm32cube.ide.mcu.externaltools.gnu-tools-for-stm32.9-2020-q2-update.win32_2.0.0.202105311346/tools/bin/../lib/gcc/arm-none-eabi/9.3.1/../../../../arm-none-eabi/lib/thumb/v7-m/nofp\libc_nano.a(lib_a-memcpy-stub.o)
                              ./Core/Src/aes.o (memcpy)
c:/st/stm32cubeide_1.7.0/stm32cubeide/plugins/com.st.stm32cube.ide.mcu.externaltools.gnu-tools-for-stm32.9-2020-q2-update.win32_2.0.0.202105311346/tools/bin/../lib/gcc/arm-none-eabi/9.3.1/../../../../arm-none-eabi/lib/thumb/v7-m/nofp\libc_nano.a(lib_a-memset.o)
                              c:/st/stm32cubeide_1.7.0/stm32cubeide/plugins/com.st.stm32cube.ide.mcu.externaltools.gnu-tools-for-stm32.9-2020-q2-update.win32_2.0.0.202105311346/tools/bin/../lib/gcc/arm-none-eabi/9.3.1/../../../../arm-none-eabi/lib/thumb/v7-m/nofp/crt0.o (memset)
c:/st/stm32cubeide_1.7.0/stm32cubeide/plugins/com.st.stm32cube.ide.mcu.externaltools.gnu-tools-for-stm32.9-2020-q2-update.win32_2.0.0.202105311346/tools/bin/../lib/gcc/arm-none-eabi/9.3.1/../../../../arm-none-eabi/lib/thumb/v7-m/nofp\libc_nano.a(lib_a-strlen.o)
                              ./Core/Src/usart.o (strlen)
c:/st/stm32cubeide_1.7.0/stm32cubeide/plugins/com.st.stm32cube.ide.mcu.externaltools.gnu-tools-for-stm32.9-2020-q2-update.win32_2.0.0.202105311346/tools/bin/../lib/gcc/arm-none-eabi/9.3.1/../../../../arm-none-eabi/lib/thumb/v7-m/nofp\libc_nano.a(lib_a-strncpy.o)
                              ./Core/Src/rt_info.o (strncpy)
c:/st/stm32cubeide_1.7.0/stm32cubeide/plugins/com.st.stm32cube.ide.mcu.externaltools.gnu-tools-for-stm32.9-2020-q2-update.win32_2.0.0.202105311346/tools/bin/../lib/gcc/arm-none-eabi/9.3.1/../../../../arm-none-eabi/lib/thumb/v7-m/nofp\libc_nano.a(lib_a-vsprintf.o)
                              ./Core/Src/usart.o (vsprintf)
c:/st/stm32cubeide_1.7.0/stm32cubeide/plugins/com.st.stm32cube.ide.mcu.externaltools.gnu-tools-for-stm32.9-2020-q2-update.win32_2.0.0.202105311346/tools/bin/../lib/gcc/arm-none-eabi/9.3.1/../../../../arm-none-eabi/lib/thumb/v7-m/nofp\libc_nano.a(lib_a-nano-svfprintf.o)
                              c:/st/stm32cubeide_1.7.0/stm32cubeide/plugins/com.st.stm32cube.ide.mcu.externaltools.gnu-tools-for-stm32.9-2020-q2-update.win32_2.0.0.202105311346/tools/bin/../lib/gcc/arm-none-eabi/9.3.1/../../../../arm-none-eabi/lib/thumb/v7-m/nofp\libc_nano.a(lib_a-vsprintf.o) (_svfprintf_r)
[...]
Memory Configuration

Name             Origin             Length             Attributes
RAM              0x0000000020000000 0x000000000000c000 xrw
FLASH            0x0000000008000000 0x0000000000008000 xr
*default*        0x0000000000000000 0xffffffffffffffff

Linker script and memory map

LOAD c:/st/stm32cubeide_1.7.0/stm32cubeide/plugins/com.st.stm32cube.ide.mcu.externaltools.gnu-tools-for-stm32.9-2020-q2-update.win32_2.0.0.202105311346/tools/bin/../lib/gcc/arm-none-eabi/9.3.1/thumb/v7-m/nofp/crti.o
LOAD c:/st/stm32cubeide_1.7.0/stm32cubeide/plugins/com.st.stm32cube.ide.mcu.externaltools.gnu-tools-for-stm32.9-2020-q2-update.win32_2.0.0.202105311346/tools/bin/../lib/gcc/arm-none-eabi/9.3.1/thumb/v7-m/nofp/crtbegin.o
LOAD c:/st/stm32cubeide_1.7.0/stm32cubeide/plugins/com.st.stm32cube.ide.mcu.externaltools.gnu-tools-for-stm32.9-2020-q2-update.win32_2.0.0.202105311346/tools/bin/../lib/gcc/arm-none-eabi/9.3.1/../../../../arm-none-eabi/lib/thumb/v7-m/nofp/crt0.o
LOAD ./Core/Src/aes.o
LOAD ./Core/Src/crc16.o
LOAD ./Core/Src/dma.o
LOAD ./Core/Src/flash_if.o
LOAD ./Core/Src/gpio.o
LOAD ./Core/Src/i2c.o
LOAD ./Core/Src/iap.o
LOAD ./Core/Src/io.o
LOAD ./Core/Src/main.o
LOAD ./Core/Src/rt_app_info.o
LOAD ./Core/Src/rt_bus_proto.o
LOAD ./Core/Src/rt_info.o
LOAD ./Core/Src/rt_init.o
LOAD ./Core/Src/sha1.o
LOAD ./Core/Src/spi.o
LOAD ./Core/Src/stm32f1xx_hal_msp.o
LOAD ./Core/Src/stm32f1xx_it.o
LOAD ./Core/Src/syscalls.o
LOAD ./Core/Src/sysmem.o
LOAD ./Core/Src/system_stm32f1xx.o
LOAD ./Core/Src/usart.o
LOAD ./Core/Startup/startup_stm32f103rctx.o
LOAD ./Drivers/STM32F1xx_HAL_Driver/Src/stm32f1xx_hal.o
LOAD ./Drivers/STM32F1xx_HAL_Driver/Src/stm32f1xx_hal_cortex.o
LOAD ./Drivers/STM32F1xx_HAL_Driver/Src/stm32f1xx_hal_dma.o
LOAD ./Drivers/STM32F1xx_HAL_Driver/Src/stm32f1xx_hal_exti.o
LOAD ./Drivers/STM32F1xx_HAL_Driver/Src/stm32f1xx_hal_flash.o
LOAD ./Drivers/STM32F1xx_HAL_Driver/Src/stm32f1xx_hal_flash_ex.o
LOAD ./Drivers/STM32F1xx_HAL_Driver/Src/stm32f1xx_hal_gpio.o
LOAD ./Drivers/STM32F1xx_HAL_Driver/Src/stm32f1xx_hal_gpio_ex.o
LOAD ./Drivers/STM32F1xx_HAL_Driver/Src/stm32f1xx_hal_i2c.o
LOAD ./Drivers/STM32F1xx_HAL_Driver/Src/stm32f1xx_hal_pwr.o
LOAD ./Drivers/STM32F1xx_HAL_Driver/Src/stm32f1xx_hal_rcc.o
LOAD ./Drivers/STM32F1xx_HAL_Driver/Src/stm32f1xx_hal_rcc_ex.o
LOAD ./Drivers/STM32F1xx_HAL_Driver/Src/stm32f1xx_hal_spi.o
LOAD ./Drivers/STM32F1xx_HAL_Driver/Src/stm32f1xx_hal_tim.o
LOAD ./Drivers/STM32F1xx_HAL_Driver/Src/stm32f1xx_hal_tim_ex.o
LOAD ./Drivers/STM32F1xx_HAL_Driver/Src/stm32f1xx_hal_uart.o
START GROUP
LOAD c:/st/stm32cubeide_1.7.0/stm32cubeide/plugins/com.st.stm32cube.ide.mcu.externaltools.gnu-tools-for-stm32.9-2020-q2-update.win32_2.0.0.202105311346/tools/bin/../lib/gcc/arm-none-eabi/9.3.1/../../../../arm-none-eabi/lib/thumb/v7-m/nofp\libc_nano.a
LOAD c:/st/stm32cubeide_1.7.0/stm32cubeide/plugins/com.st.stm32cube.ide.mcu.externaltools.gnu-tools-for-stm32.9-2020-q2-update.win32_2.0.0.202105311346/tools/bin/../lib/gcc/arm-none-eabi/9.3.1/../../../../arm-none-eabi/lib/thumb/v7-m/nofp\libm.a
END GROUP
START GROUP
LOAD c:/st/stm32cubeide_1.7.0/stm32cubeide/plugins/com.st.stm32cube.ide.mcu.externaltools.gnu-tools-for-stm32.9-2020-q2-update.win32_2.0.0.202105311346/tools/bin/../lib/gcc/arm-none-eabi/9.3.1/thumb/v7-m/nofp\libgcc.a
LOAD c:/st/stm32cubeide_1.7.0/stm32cubeide/plugins/com.st.stm32cube.ide.mcu.externaltools.gnu-tools-for-stm32.9-2020-q2-update.win32_2.0.0.202105311346/tools/bin/../lib/gcc/arm-none-eabi/9.3.1/../../../../arm-none-eabi/lib/thumb/v7-m/nofp\libc_nano.a
END GROUP
START GROUP
LOAD c:/st/stm32cubeide_1.7.0/stm32cubeide/plugins/com.st.stm32cube.ide.mcu.externaltools.gnu-tools-for-stm32.9-2020-q2-update.win32_2.0.0.202105311346/tools/bin/../lib/gcc/arm-none-eabi/9.3.1/thumb/v7-m/nofp\libgcc.a
LOAD c:/st/stm32cubeide_1.7.0/stm32cubeide/plugins/com.st.stm32cube.ide.mcu.externaltools.gnu-tools-for-stm32.9-2020-q2-update.win32_2.0.0.202105311346/tools/bin/../lib/gcc/arm-none-eabi/9.3.1/../../../../arm-none-eabi/lib/thumb/v7-m/nofp\libc_nano.a
LOAD c:/st/stm32cubeide_1.7.0/stm32cubeide/plugins/com.st.stm32cube.ide.mcu.externaltools.gnu-tools-for-stm32.9-2020-q2-update.win32_2.0.0.202105311346/tools/bin/../lib/gcc/arm-none-eabi/9.3.1/../../../../arm-none-eabi/lib/thumb/v7-m/nofp\libnosys.a
END GROUP
START GROUP
LOAD c:/st/stm32cubeide_1.7.0/stm32cubeide/plugins/com.st.stm32cube.ide.mcu.externaltools.gnu-tools-for-stm32.9-2020-q2-update.win32_2.0.0.202105311346/tools/bin/../lib/gcc/arm-none-eabi/9.3.1/thumb/v7-m/nofp\libgcc.a
LOAD c:/st/stm32cubeide_1.7.0/stm32cubeide/plugins/com.st.stm32cube.ide.mcu.externaltools.gnu-tools-for-stm32.9-2020-q2-update.win32_2.0.0.202105311346/tools/bin/../lib/gcc/arm-none-eabi/9.3.1/../../../../arm-none-eabi/lib/thumb/v7-m/nofp\libc_nano.a
LOAD c:/st/stm32cubeide_1.7.0/stm32cubeide/plugins/com.st.stm32cube.ide.mcu.externaltools.gnu-tools-for-stm32.9-2020-q2-update.win32_2.0.0.202105311346/tools/bin/../lib/gcc/arm-none-eabi/9.3.1/../../../../arm-none-eabi/lib/thumb/v7-m/nofp\libnosys.a
END GROUP
LOAD c:/st/stm32cubeide_1.7.0/stm32cubeide/plugins/com.st.stm32cube.ide.mcu.externaltools.gnu-tools-for-stm32.9-2020-q2-update.win32_2.0.0.202105311346/tools/bin/../lib/gcc/arm-none-eabi/9.3.1/thumb/v7-m/nofp/crtend.o
LOAD c:/st/stm32cubeide_1.7.0/stm32cubeide/plugins/com.st.stm32cube.ide.mcu.externaltools.gnu-tools-for-stm32.9-2020-q2-update.win32_2.0.0.202105311346/tools/bin/../lib/gcc/arm-none-eabi/9.3.1/thumb/v7-m/nofp/crtn.o
                0x000000002000c000                _estack = (ORIGIN (RAM) + LENGTH (RAM))
                0x0000000000000200                _Min_Heap_Size = 0x200
                0x0000000000000400                _Min_Stack_Size = 0x400

.isr_vector     0x0000000008000000      0x1e4
                0x0000000008000000                . = ALIGN (0x4)
 *(.isr_vector)
 .isr_vector    0x0000000008000000      0x1e4 ./Core/Startup/startup_stm32f103rctx.o
                0x0000000008000000                g_pfnVectors
                0x00000000080001e4                . = ALIGN (0x4)

.app_info       0x00000000080001e4        0x8
                0x00000000080001e4                . = ALIGN (0x4)
 *(.app_info)
 .app_info      0x00000000080001e4        0x8 ./Core/Src/rt_init.o
                0x00000000080001e4                appinfo
                0x00000000080001ec                . = ALIGN (0x4)

.text           0x00000000080001ec     0x39c8
                0x00000000080001ec                . = ALIGN (0x4)
 *(.text)
 .text          0x00000000080001ec       0x40 c:/st/stm32cubeide_1.7.0/stm32cubeide/plugins/com.st.stm32cube.ide.mcu.externaltools.gnu-tools-for-stm32.9-2020-q2-update.win32_2.0.0.202105311346/tools/bin/../lib/gcc/arm-none-eabi/9.3.1/thumb/v7-m/nofp/crtbegin.o
 .text          0x000000000800022c       0x10 c:/st/stm32cubeide_1.7.0/stm32cubeide/plugins/com.st.stm32cube.ide.mcu.externaltools.gnu-tools-for-stm32.9-2020-q2-update.win32_2.0.0.202105311346/tools/bin/../lib/gcc/arm-none-eabi/9.3.1/../../../../arm-none-eabi/lib/thumb/v7-m/nofp\libc_nano.a(lib_a-strlen.o)
                0x000000000800022c                strlen
 *(.text*)
 .text.KeyExpansion
                0x000000000800023c       0x98 ./Core/Src/aes.o
 .text.AddRoundKey
                0x00000000080002d4       0x38 ./Core/Src/aes.o
 .text.xtime    0x000000000800030c       0x12 ./Core/Src/aes.o
 *fill*         0x000000000800031e        0x2 
 .text.InvSubBytes
                0x0000000008000320       0x2c ./Core/Src/aes.o
 .text.InvShiftRows
                0x000000000800034c       0x3c ./Core/Src/aes.o
 .text.InvCipher
                0x0000000008000388      0x158 ./Core/Src/aes.o
 .text.XorWithIv
                0x00000000080004e0       0x24 ./Core/Src/aes.o
 .text.AES_CBC_decrypt_buffer
                0x0000000008000504       0x88 ./Core/Src/aes.o
                0x0000000008000504                AES_CBC_decrypt_buffer
 .text.crc16    0x000000000800058c       0x30 ./Core/Src/crc16.o
                0x000000000800058c                crc16
 .text.MX_DMA_Init
                0x00000000080005bc       0x50 ./Core/Src/dma.o
                0x00000000080005bc                MX_DMA_Init
 .text.FLASH_If_Init
                0x000000000800060c       0x1c ./Core/Src/flash_if.o
                0x000000000800060c                FLASH_If_Init
 .text.FLASH_If_Erase
                0x0000000008000628       0x30 ./Core/Src/flash_if.o
                0x0000000008000628                FLASH_If_Erase
 .text.FLASH_If_Write
                0x0000000008000658       0x42 ./Core/Src/flash_if.o
                0x0000000008000658                FLASH_If_Write
 .text.HAL_Read_Unique_ID
                0x000000000800069a       0x1a ./Core/Src/flash_if.o
                0x000000000800069a                HAL_Read_Unique_ID
 .text.MX_GPIO_Init
                0x00000000080006b4      0x108 ./Core/Src/gpio.o
                0x00000000080006b4                MX_GPIO_Init
 .text.MX_I2C1_Init
                0x00000000080007bc       0x3c ./Core/Src/i2c.o
                0x00000000080007bc                MX_I2C1_Init
 .text.HAL_I2C_MspInit
                0x00000000080007f8       0x64 ./Core/Src/i2c.o
                0x00000000080007f8                HAL_I2C_MspInit
 .text.iap_PrepareForJump
                0x000000000800085c       0x60 ./Core/Src/iap.o
                0x000000000800085c                iap_PrepareForJump
 .text.iap_JumpToApplication
                0x00000000080008bc       0x2c ./Core/Src/iap.o
                0x00000000080008bc                iap_JumpToApplication
 .text.iap_CheckApplication
                0x00000000080008e8       0x74 ./Core/Src/iap.o
                0x00000000080008e8                iap_CheckApplication
 .text.SystemClock_Config
                0x000000000800095c       0x62 ./Core/Src/main.o
                0x000000000800095c                SystemClock_Config
 *fill*         0x00000000080009be        0x2 
 .text.Set_Comms_Mode
                0x00000000080009c0       0x60 ./Core/Src/main.o
                0x00000000080009c0                Set_Comms_Mode
 .text.HAL_GPIO_EXTI_Callback
                0x0000000008000a20        0x4 ./Core/Src/main.o
                0x0000000008000a20                HAL_GPIO_EXTI_Callback
 .text.HAL_SPI_RxCpltCallback
                0x0000000008000a24       0x14 ./Core/Src/main.o
                0x0000000008000a24                HAL_SPI_RxCpltCallback
 .text.rt_status_led_blink
                0x0000000008000a38       0x64 ./Core/Src/main.o
                0x0000000008000a38                rt_status_led_blink
 .text.bootloader
                0x0000000008000a9c       0x30 ./Core/Src/main.o
                0x0000000008000a9c                bootloader
 .text.normalboot
                0x0000000008000acc       0x2c ./Core/Src/main.o
                0x0000000008000acc                normalboot
 .text.startup.main
                0x0000000008000af8       0x60 ./Core/Src/main.o
                0x0000000008000af8                main
 .text.Error_Handler
                0x0000000008000b58        0x4 ./Core/Src/main.o
                0x0000000008000b58                Error_Handler
 .text.rt_bus_cmd_ping_handler
                0x0000000008000b5c       0x14 ./Core/Src/rt_bus_proto.o
                0x0000000008000b5c                rt_bus_cmd_ping_handler
 .text.rt_bus_cmd_reset
                0x0000000008000b70       0x24 ./Core/Src/rt_bus_proto.o
                0x0000000008000b70                rt_bus_cmd_reset
 .text.rt_bus_cmd_prepare_response_handler
                0x0000000008000b94        0x4 ./Core/Src/rt_bus_proto.o
                0x0000000008000b94                rt_bus_cmd_prepare_response_handler
 .text.rt_bus_cmd_get_runmode_handler
                0x0000000008000b98       0x2c ./Core/Src/rt_bus_proto.o
                0x0000000008000b98                rt_bus_cmd_get_runmode_handler
 .text.rt_bus_cmd_bl_stay_handler
                0x0000000008000bc4       0x20 ./Core/Src/rt_bus_proto.o
                0x0000000008000bc4                rt_bus_cmd_bl_stay_handler
 .text.rt_bus_proto_frame_pack
                0x0000000008000be4       0xac ./Core/Src/rt_bus_proto.o
                0x0000000008000be4                rt_bus_proto_frame_pack
 .text.rt_bus_proto_pack_parser
                0x0000000008000c90       0x56 ./Core/Src/rt_bus_proto.o
                0x0000000008000c90                rt_bus_proto_pack_parser
 .text.get_mem_type
                0x0000000008000ce6       0x1e ./Core/Src/rt_bus_proto.o
                0x0000000008000ce6                get_mem_type
 .text.rt_bus_cmd_bl_write_handler
                0x0000000008000d04       0xfc ./Core/Src/rt_bus_proto.o
                0x0000000008000d04                rt_bus_cmd_bl_write_handler
 .text.rt_bus_cmd_bl_erase_handler
                0x0000000008000e00       0xa8 ./Core/Src/rt_bus_proto.o
                0x0000000008000e00                rt_bus_cmd_bl_erase_handler
 .text.rt_bus_proto_bl_process
                0x0000000008000ea8      0x198 ./Core/Src/rt_bus_proto.o
                0x0000000008000ea8                rt_bus_proto_bl_process
 .text.rt_bus_proto_bl_dt
                0x0000000008001040       0x70 ./Core/Src/rt_bus_proto.o
                0x0000000008001040                rt_bus_proto_bl_dt
 .text.rt_get_io_values
                0x00000000080010b0        0x2 ./Core/Src/rt_bus_proto.o
                0x00000000080010b0                rt_get_io_values
 *fill*         0x00000000080010b2        0x2 
 .text.rt_get_app_info
                0x00000000080010b4      0x148 ./Core/Src/rt_info.o
                0x00000000080010b4                rt_get_app_info
 .text.rt_init  0x00000000080011fc        0xe ./Core/Src/rt_init.o
                0x00000000080011fc                rt_init
 .text.sha1_transform
                0x000000000800120a      0x158 ./Core/Src/sha1.o
                0x000000000800120a                sha1_transform
 *fill*         0x0000000008001362        0x2 
 .text.sha1_init
                0x0000000008001364       0x60 ./Core/Src/sha1.o
                0x0000000008001364                sha1_init
 .text.sha1_update
                0x00000000080013c4       0x40 ./Core/Src/sha1.o
                0x00000000080013c4                sha1_update
 .text.sha1_final
                0x0000000008001404       0x96 ./Core/Src/sha1.o
                0x0000000008001404                sha1_final
 *fill*         0x000000000800149a        0x2 
 .text.MX_SPI1_Init
                0x000000000800149c       0x3c ./Core/Src/spi.o
                0x000000000800149c                MX_SPI1_Init
 .text.HAL_SPI_MspInit
                0x00000000080014d8       0xec ./Core/Src/spi.o
                0x00000000080014d8                HAL_SPI_MspInit
 .text.SPI_DMA_Reset
                0x00000000080015c4       0x48 ./Core/Src/spi.o
                0x00000000080015c4                SPI_DMA_Reset
 .text.SPI_Comms_Init
                0x000000000800160c       0x68 ./Core/Src/spi.o
                0x000000000800160c                SPI_Comms_Init
 .text.HAL_MspInit
                0x0000000008001674       0x44 ./Core/Src/stm32f1xx_hal_msp.o
                0x0000000008001674                HAL_MspInit
 .text.NMI_Handler
                0x00000000080016b8        0x2 ./Core/Src/stm32f1xx_it.o
                0x00000000080016b8                NMI_Handler
 *fill*         0x00000000080016ba        0x2 
 .text.HardFault_Handler
                0x00000000080016bc       0x14 ./Core/Src/stm32f1xx_it.o
                0x00000000080016bc                HardFault_Handler
 .text.MemManage_Handler
                0x00000000080016d0        0x2 ./Core/Src/stm32f1xx_it.o
                0x00000000080016d0                MemManage_Handler
 .text.BusFault_Handler
                0x00000000080016d2        0x2 ./Core/Src/stm32f1xx_it.o
                0x00000000080016d2                BusFault_Handler
 .text.UsageFault_Handler
                0x00000000080016d4        0x2 ./Core/Src/stm32f1xx_it.o
                0x00000000080016d4                UsageFault_Handler
 .text.SVC_Handler
                0x00000000080016d6        0x2 ./Core/Src/stm32f1xx_it.o
                0x00000000080016d6                SVC_Handler
 .text.DebugMon_Handler
                0x00000000080016d8        0x2 ./Core/Src/stm32f1xx_it.o
                0x00000000080016d8                DebugMon_Handler
 .text.PendSV_Handler
                0x00000000080016da        0x2 ./Core/Src/stm32f1xx_it.o
                0x00000000080016da                PendSV_Handler
 .text.SysTick_Handler
                0x00000000080016dc        0x4 ./Core/Src/stm32f1xx_it.o
                0x00000000080016dc                SysTick_Handler
 .text.DMA1_Channel2_IRQHandler
                0x00000000080016e0        0xc ./Core/Src/stm32f1xx_it.o
                0x00000000080016e0                DMA1_Channel2_IRQHandler
 .text.DMA1_Channel3_IRQHandler
                0x00000000080016ec        0xc ./Core/Src/stm32f1xx_it.o
                0x00000000080016ec                DMA1_Channel3_IRQHandler
 .text.DMA1_Channel4_IRQHandler
                0x00000000080016f8        0xc ./Core/Src/stm32f1xx_it.o
                0x00000000080016f8                DMA1_Channel4_IRQHandler
 .text.EXTI9_5_IRQHandler
                0x0000000008001704        0x6 ./Core/Src/stm32f1xx_it.o
                0x0000000008001704                EXTI9_5_IRQHandler
 *fill*         0x000000000800170a        0x2 
 .text.SPI1_IRQHandler
                0x000000000800170c        0xc ./Core/Src/stm32f1xx_it.o
                0x000000000800170c                SPI1_IRQHandler
 .text._sbrk    0x0000000008001718       0x40 ./Core/Src/sysmem.o
                0x0000000008001718                _sbrk
 .text.SystemInit
                0x0000000008001758        0x2 ./Core/Src/system_stm32f1xx.o
                0x0000000008001758                SystemInit
 *fill*         0x000000000800175a        0x2 
 .text.MX_USART1_UART_Init
                0x000000000800175c       0x38 ./Core/Src/usart.o
                0x000000000800175c                MX_USART1_UART_Init
 .text.HAL_UART_MspInit
                0x0000000008001794       0xa8 ./Core/Src/usart.o
                0x0000000008001794                HAL_UART_MspInit
 .text.vprint   0x000000000800183c       0x30 ./Core/Src/usart.o
                0x000000000800183c                vprint
 .text.vprintln
                0x000000000800186c       0x44 ./Core/Src/usart.o
                0x000000000800186c                vprintln
 .text.dbprintf
                0x00000000080018b0       0x1a ./Core/Src/usart.o
                0x00000000080018b0                dbprintf
 .text.rtprintf
                0x00000000080018ca       0x1a ./Core/Src/usart.o
                0x00000000080018ca                rtprintf
 .text.Reset_Handler
                0x00000000080018e4       0x48 ./Core/Startup/startup_stm32f103rctx.o
                0x00000000080018e4                Reset_Handler
 .text.Default_Handler
                0x000000000800192c        0x2 ./Core/Startup/startup_stm32f103rctx.o
                0x000000000800192c                RTC_Alarm_IRQHandler
                0x000000000800192c                EXTI2_IRQHandler
                0x000000000800192c                TIM8_TRG_COM_IRQHandler
                0x000000000800192c                TIM8_CC_IRQHandler
                0x000000000800192c                TIM1_CC_IRQHandler
                0x000000000800192c                TIM6_IRQHandler
                0x000000000800192c                PVD_IRQHandler
                0x000000000800192c                SDIO_IRQHandler
                0x000000000800192c                EXTI3_IRQHandler
                0x000000000800192c                EXTI0_IRQHandler
                0x000000000800192c                I2C2_EV_IRQHandler
                0x000000000800192c                ADC1_2_IRQHandler
                0x000000000800192c                TAMPER_IRQHandler
                0x000000000800192c                TIM8_UP_IRQHandler
                0x000000000800192c                DMA2_Channel2_IRQHandler
                0x000000000800192c                USART3_IRQHandler
                0x000000000800192c                RTC_IRQHandler
                0x000000000800192c                DMA1_Channel7_IRQHandler
                0x000000000800192c                CAN1_RX1_IRQHandler
                0x000000000800192c                UART5_IRQHandler
                0x000000000800192c                ADC3_IRQHandler
                0x000000000800192c                TIM4_IRQHandler
                0x000000000800192c                DMA2_Channel1_IRQHandler
                0x000000000800192c                I2C1_EV_IRQHandler
                0x000000000800192c                DMA1_Channel6_IRQHandler
                0x000000000800192c                UART4_IRQHandler
                0x000000000800192c                TIM3_IRQHandler
                0x000000000800192c                RCC_IRQHandler
                0x000000000800192c                TIM1_TRG_COM_IRQHandler
                0x000000000800192c                DMA1_Channel1_IRQHandler
                0x000000000800192c                Default_Handler
                0x000000000800192c                EXTI15_10_IRQHandler
                0x000000000800192c                TIM7_IRQHandler
                0x000000000800192c                TIM5_IRQHandler
                0x000000000800192c                SPI2_IRQHandler
                0x000000000800192c                DMA1_Channel5_IRQHandler
                0x000000000800192c                EXTI4_IRQHandler
                0x000000000800192c                USB_LP_CAN1_RX0_IRQHandler
                0x000000000800192c                USB_HP_CAN1_TX_IRQHandler
                0x000000000800192c                FSMC_IRQHandler
                0x000000000800192c                TIM1_UP_IRQHandler
                0x000000000800192c                WWDG_IRQHandler
                0x000000000800192c                TIM2_IRQHandler
                0x000000000800192c                TIM1_BRK_IRQHandler
                0x000000000800192c                EXTI1_IRQHandler
                0x000000000800192c                DMA2_Channel4_5_IRQHandler
                0x000000000800192c                USART2_IRQHandler
                0x000000000800192c                I2C2_ER_IRQHandler
                0x000000000800192c                TIM8_BRK_IRQHandler
                0x000000000800192c                CAN1_SCE_IRQHandler
                0x000000000800192c                FLASH_IRQHandler
                0x000000000800192c                USART1_IRQHandler
                0x000000000800192c                SPI3_IRQHandler
                0x000000000800192c                I2C1_ER_IRQHandler
                0x000000000800192c                USBWakeUp_IRQHandler
                0x000000000800192c                DMA2_Channel3_IRQHandler
 *fill*         0x000000000800192e        0x2 
 .text.HAL_InitTick
                0x0000000008001930       0x48 ./Drivers/STM32F1xx_HAL_Driver/Src/stm32f1xx_hal.o
                0x0000000008001930                HAL_InitTick
 .text.HAL_Init
                0x0000000008001978       0x24 ./Drivers/STM32F1xx_HAL_Driver/Src/stm32f1xx_hal.o
                0x0000000008001978                HAL_Init
 .text.HAL_IncTick
                0x000000000800199c       0x18 ./Drivers/STM32F1xx_HAL_Driver/Src/stm32f1xx_hal.o
                0x000000000800199c                HAL_IncTick
 .text.HAL_GetTick
                0x00000000080019b4        0xc ./Drivers/STM32F1xx_HAL_Driver/Src/stm32f1xx_hal.o
                0x00000000080019b4                HAL_GetTick
 .text.HAL_GetUIDw0
                0x00000000080019c0        0xc ./Drivers/STM32F1xx_HAL_Driver/Src/stm32f1xx_hal.o
                0x00000000080019c0                HAL_GetUIDw0
 .text.HAL_GetUIDw1
                0x00000000080019cc        0xc ./Drivers/STM32F1xx_HAL_Driver/Src/stm32f1xx_hal.o
                0x00000000080019cc                HAL_GetUIDw1
 .text.HAL_GetUIDw2
                0x00000000080019d8        0xc ./Drivers/STM32F1xx_HAL_Driver/Src/stm32f1xx_hal.o
                0x00000000080019d8                HAL_GetUIDw2
 .text.HAL_NVIC_SetPriorityGrouping
                0x00000000080019e4       0x24 ./Drivers/STM32F1xx_HAL_Driver/Src/stm32f1xx_hal_cortex.o
                0x00000000080019e4                HAL_NVIC_SetPriorityGrouping
 .text.HAL_NVIC_SetPriority
                0x0000000008001a08       0x64 ./Drivers/STM32F1xx_HAL_Driver/Src/stm32f1xx_hal_cortex.o
                0x0000000008001a08                HAL_NVIC_SetPriority
 .text.HAL_NVIC_EnableIRQ
                0x0000000008001a6c       0x1c ./Drivers/STM32F1xx_HAL_Driver/Src/stm32f1xx_hal_cortex.o
                0x0000000008001a6c                HAL_NVIC_EnableIRQ
 .text.HAL_NVIC_DisableIRQ
                0x0000000008001a88       0x28 ./Drivers/STM32F1xx_HAL_Driver/Src/stm32f1xx_hal_cortex.o
                0x0000000008001a88                HAL_NVIC_DisableIRQ
 .text.HAL_SYSTICK_Config
                0x0000000008001ab0       0x2c ./Drivers/STM32F1xx_HAL_Driver/Src/stm32f1xx_hal_cortex.o
                0x0000000008001ab0                HAL_SYSTICK_Config
 .text.HAL_DMA_Init
                0x0000000008001adc       0x7c ./Drivers/STM32F1xx_HAL_Driver/Src/stm32f1xx_hal_dma.o
                0x0000000008001adc                HAL_DMA_Init
 .text.HAL_DMA_Start
                0x0000000008001b58       0x5c ./Drivers/STM32F1xx_HAL_Driver/Src/stm32f1xx_hal_dma.o
                0x0000000008001b58                HAL_DMA_Start
 .text.HAL_DMA_Start_IT
                0x0000000008001bb4       0x78 ./Drivers/STM32F1xx_HAL_Driver/Src/stm32f1xx_hal_dma.o
                0x0000000008001bb4                HAL_DMA_Start_IT
 .text.HAL_DMA_Abort
                0x0000000008001c2c       0x3c ./Drivers/STM32F1xx_HAL_Driver/Src/stm32f1xx_hal_dma.o
                0x0000000008001c2c                HAL_DMA_Abort
 .text.HAL_DMA_Abort_IT
                0x0000000008001c68      0x13c ./Drivers/STM32F1xx_HAL_Driver/Src/stm32f1xx_hal_dma.o
                0x0000000008001c68                HAL_DMA_Abort_IT
 .text.HAL_DMA_IRQHandler
                0x0000000008001da4      0x27c ./Drivers/STM32F1xx_HAL_Driver/Src/stm32f1xx_hal_dma.o
                0x0000000008001da4                HAL_DMA_IRQHandler
 .text.FLASH_SetErrorCode
                0x0000000008002020       0x50 ./Drivers/STM32F1xx_HAL_Driver/Src/stm32f1xx_hal_flash.o
 .text.HAL_FLASH_Unlock
                0x0000000008002070       0x24 ./Drivers/STM32F1xx_HAL_Driver/Src/stm32f1xx_hal_flash.o
                0x0000000008002070                HAL_FLASH_Unlock
 .text.HAL_FLASH_Lock
                0x0000000008002094       0x14 ./Drivers/STM32F1xx_HAL_Driver/Src/stm32f1xx_hal_flash.o
                0x0000000008002094                HAL_FLASH_Lock
 .text.FLASH_WaitForLastOperation
                0x00000000080020a8       0x54 ./Drivers/STM32F1xx_HAL_Driver/Src/stm32f1xx_hal_flash.o
                0x00000000080020a8                FLASH_WaitForLastOperation
 .text.HAL_FLASH_Program
                0x00000000080020fc       0xa4 ./Drivers/STM32F1xx_HAL_Driver/Src/stm32f1xx_hal_flash.o
                0x00000000080020fc                HAL_FLASH_Program
 .text.FLASH_MassErase.isra.0
                0x00000000080021a0       0x24 ./Drivers/STM32F1xx_HAL_Driver/Src/stm32f1xx_hal_flash_ex.o
 .text.FLASH_PageErase
                0x00000000080021c4       0x24 ./Drivers/STM32F1xx_HAL_Driver/Src/stm32f1xx_hal_flash_ex.o
                0x00000000080021c4                FLASH_PageErase
 .text.HAL_FLASHEx_Erase
                0x00000000080021e8       0x98 ./Drivers/STM32F1xx_HAL_Driver/Src/stm32f1xx_hal_flash_ex.o
                0x00000000080021e8                HAL_FLASHEx_Erase
 .text.HAL_GPIO_Init
                0x0000000008002280      0x1d4 ./Drivers/STM32F1xx_HAL_Driver/Src/stm32f1xx_hal_gpio.o
                0x0000000008002280                HAL_GPIO_Init
 .text.HAL_GPIO_WritePin
                0x0000000008002454        0xa ./Drivers/STM32F1xx_HAL_Driver/Src/stm32f1xx_hal_gpio.o
                0x0000000008002454                HAL_GPIO_WritePin
 .text.HAL_GPIO_TogglePin
                0x000000000800245e       0x12 ./Drivers/STM32F1xx_HAL_Driver/Src/stm32f1xx_hal_gpio.o
                0x000000000800245e                HAL_GPIO_TogglePin
 .text.HAL_GPIO_EXTI_IRQHandler
                0x0000000008002470       0x18 ./Drivers/STM32F1xx_HAL_Driver/Src/stm32f1xx_hal_gpio.o
                0x0000000008002470                HAL_GPIO_EXTI_IRQHandler
 .text.HAL_I2C_Init
                0x0000000008002488      0x150 ./Drivers/STM32F1xx_HAL_Driver/Src/stm32f1xx_hal_i2c.o
                0x0000000008002488                HAL_I2C_Init
 .text.HAL_RCC_OscConfig
                0x00000000080025d8      0x338 ./Drivers/STM32F1xx_HAL_Driver/Src/stm32f1xx_hal_rcc.o
                0x00000000080025d8                HAL_RCC_OscConfig
 .text.HAL_RCC_GetSysClockFreq
                0x0000000008002910       0x74 ./Drivers/STM32F1xx_HAL_Driver/Src/stm32f1xx_hal_rcc.o
                0x0000000008002910                HAL_RCC_GetSysClockFreq
 .text.HAL_RCC_ClockConfig
                0x0000000008002984      0x138 ./Drivers/STM32F1xx_HAL_Driver/Src/stm32f1xx_hal_rcc.o
                0x0000000008002984                HAL_RCC_ClockConfig
 .text.HAL_RCC_GetPCLK1Freq
                0x0000000008002abc       0x20 ./Drivers/STM32F1xx_HAL_Driver/Src/stm32f1xx_hal_rcc.o
                0x0000000008002abc                HAL_RCC_GetPCLK1Freq
 .text.HAL_RCC_GetPCLK2Freq
                0x0000000008002adc       0x20 ./Drivers/STM32F1xx_HAL_Driver/Src/stm32f1xx_hal_rcc.o
                0x0000000008002adc                HAL_RCC_GetPCLK2Freq
 .text.SPI_WaitFlagStateUntilTimeout.constprop.0
                0x0000000008002afc       0xac ./Drivers/STM32F1xx_HAL_Driver/Src/stm32f1xx_hal_spi.o
 .text.SPI_EndRxTransaction
                0x0000000008002ba8       0x4e ./Drivers/STM32F1xx_HAL_Driver/Src/stm32f1xx_hal_spi.o
 .text.SPI_EndRxTxTransaction
                0x0000000008002bf6       0x1c ./Drivers/STM32F1xx_HAL_Driver/Src/stm32f1xx_hal_spi.o
 .text.HAL_SPI_Init
                0x0000000008002c12       0xb0 ./Drivers/STM32F1xx_HAL_Driver/Src/stm32f1xx_hal_spi.o
                0x0000000008002c12                HAL_SPI_Init
 *fill*         0x0000000008002cc2        0x2 
 .text.HAL_SPI_TransmitReceive_DMA
                0x0000000008002cc4      0x10c ./Drivers/STM32F1xx_HAL_Driver/Src/stm32f1xx_hal_spi.o
                0x0000000008002cc4                HAL_SPI_TransmitReceive_DMA
 .text.HAL_SPI_Receive_DMA
                0x0000000008002dd0       0xe8 ./Drivers/STM32F1xx_HAL_Driver/Src/stm32f1xx_hal_spi.o
                0x0000000008002dd0                HAL_SPI_Receive_DMA
 .text.HAL_SPI_TxRxCpltCallback
                0x0000000008002eb8        0x2 ./Drivers/STM32F1xx_HAL_Driver/Src/stm32f1xx_hal_spi.o
                0x0000000008002eb8                HAL_SPI_TxRxCpltCallback
 .text.HAL_SPI_RxHalfCpltCallback
                0x0000000008002eba        0x2 ./Drivers/STM32F1xx_HAL_Driver/Src/stm32f1xx_hal_spi.o
                0x0000000008002eba                HAL_SPI_RxHalfCpltCallback
 .text.SPI_DMAHalfReceiveCplt
                0x0000000008002ebc        0xa ./Drivers/STM32F1xx_HAL_Driver/Src/stm32f1xx_hal_spi.o
 .text.HAL_SPI_TxRxHalfCpltCallback
                0x0000000008002ec6        0x2 ./Drivers/STM32F1xx_HAL_Driver/Src/stm32f1xx_hal_spi.o
                0x0000000008002ec6                HAL_SPI_TxRxHalfCpltCallback
 .text.SPI_DMAHalfTransmitReceiveCplt
                0x0000000008002ec8        0xa ./Drivers/STM32F1xx_HAL_Driver/Src/stm32f1xx_hal_spi.o
 .text.HAL_SPI_ErrorCallback
                0x0000000008002ed2        0x2 ./Drivers/STM32F1xx_HAL_Driver/Src/stm32f1xx_hal_spi.o
                0x0000000008002ed2                HAL_SPI_ErrorCallback
 .text.SPI_DMAError
                0x0000000008002ed4       0x22 ./Drivers/STM32F1xx_HAL_Driver/Src/stm32f1xx_hal_spi.o
 .text.SPI_DMAReceiveCplt
                0x0000000008002ef6       0x66 ./Drivers/STM32F1xx_HAL_Driver/Src/stm32f1xx_hal_spi.o
 .text.SPI_DMATransmitReceiveCplt
                0x0000000008002f5c       0x5a ./Drivers/STM32F1xx_HAL_Driver/Src/stm32f1xx_hal_spi.o
 *fill*         0x0000000008002fb6        0x2 
 .text.HAL_SPI_IRQHandler
                0x0000000008002fb8       0xec ./Drivers/STM32F1xx_HAL_Driver/Src/stm32f1xx_hal_spi.o
                0x0000000008002fb8                HAL_SPI_IRQHandler
 .text.SPI_DMAAbortOnError
                0x00000000080030a4       0x10 ./Drivers/STM32F1xx_HAL_Driver/Src/stm32f1xx_hal_spi.o
 .text.UART_SetConfig
                0x00000000080030b4       0x74 ./Drivers/STM32F1xx_HAL_Driver/Src/stm32f1xx_hal_uart.o
 .text.UART_WaitOnFlagUntilTimeout.constprop.0
                0x0000000008003128       0x50 ./Drivers/STM32F1xx_HAL_Driver/Src/stm32f1xx_hal_uart.o
 .text.HAL_UART_Init
                0x0000000008003178       0x5c ./Drivers/STM32F1xx_HAL_Driver/Src/stm32f1xx_hal_uart.o
                0x0000000008003178                HAL_UART_Init
 .text.HAL_UART_Transmit
                0x00000000080031d4       0xaa ./Drivers/STM32F1xx_HAL_Driver/Src/stm32f1xx_hal_uart.o
                0x00000000080031d4                HAL_UART_Transmit
 *fill*         0x000000000800327e        0x2 
 .text.__errno  0x0000000008003280        0xc c:/st/stm32cubeide_1.7.0/stm32cubeide/plugins/com.st.stm32cube.ide.mcu.externaltools.gnu-tools-for-stm32.9-2020-q2-update.win32_2.0.0.202105311346/tools/bin/../lib/gcc/arm-none-eabi/9.3.1/../../../../arm-none-eabi/lib/thumb/v7-m/nofp\libc_nano.a(lib_a-errno.o)
                0x0000000008003280                __errno
 .text.__libc_init_array
                0x000000000800328c       0x48 c:/st/stm32cubeide_1.7.0/stm32cubeide/plugins/com.st.stm32cube.ide.mcu.externaltools.gnu-tools-for-stm32.9-2020-q2-update.win32_2.0.0.202105311346/tools/bin/../lib/gcc/arm-none-eabi/9.3.1/../../../../arm-none-eabi/lib/thumb/v7-m/nofp\libc_nano.a(lib_a-init.o)
                0x000000000800328c                __libc_init_array
 .text.memcmp   0x00000000080032d4       0x1c c:/st/stm32cubeide_1.7.0/stm32cubeide/plugins/com.st.stm32cube.ide.mcu.externaltools.gnu-tools-for-stm32.9-2020-q2-update.win32_2.0.0.202105311346/tools/bin/../lib/gcc/arm-none-eabi/9.3.1/../../../../arm-none-eabi/lib/thumb/v7-m/nofp\libc_nano.a(lib_a-memcmp.o)
                0x00000000080032d4                memcmp
 .text.memcpy   0x00000000080032f0       0x1c c:/st/stm32cubeide_1.7.0/stm32cubeide/plugins/com.st.stm32cube.ide.mcu.externaltools.gnu-tools-for-stm32.9-2020-q2-update.win32_2.0.0.202105311346/tools/bin/../lib/gcc/arm-none-eabi/9.3.1/../../../../arm-none-eabi/lib/thumb/v7-m/nofp\libc_nano.a(lib_a-memcpy-stub.o)
                0x00000000080032f0                memcpy
 .text.memset   0x000000000800330c       0x10 c:/st/stm32cubeide_1.7.0/stm32cubeide/plugins/com.st.stm32cube.ide.mcu.externaltools.gnu-tools-for-stm32.9-2020-q2-update.win32_2.0.0.202105311346/tools/bin/../lib/gcc/arm-none-eabi/9.3.1/../../../../arm-none-eabi/lib/thumb/v7-m/nofp\libc_nano.a(lib_a-memset.o)
                0x000000000800330c                memset
 .text.strncpy  0x000000000800331c       0x26 c:/st/stm32cubeide_1.7.0/stm32cubeide/plugins/com.st.stm32cube.ide.mcu.externaltools.gnu-tools-for-stm32.9-2020-q2-update.win32_2.0.0.202105311346/tools/bin/../lib/gcc/arm-none-eabi/9.3.1/../../../../arm-none-eabi/lib/thumb/v7-m/nofp\libc_nano.a(lib_a-strncpy.o)
                0x000000000800331c                strncpy
 *fill*         0x0000000008003342        0x2 
 .text._vsprintf_r
                0x0000000008003344       0x2c c:/st/stm32cubeide_1.7.0/stm32cubeide/plugins/com.st.stm32cube.ide.mcu.externaltools.gnu-tools-for-stm32.9-2020-q2-update.win32_2.0.0.202105311346/tools/bin/../lib/gcc/arm-none-eabi/9.3.1/../../../../arm-none-eabi/lib/thumb/v7-m/nofp\libc_nano.a(lib_a-vsprintf.o)
                0x0000000008003344                _vsprintf_r
                0x0000000008003344                _vsiprintf_r
 .text.vsprintf
                0x0000000008003370       0x14 c:/st/stm32cubeide_1.7.0/stm32cubeide/plugins/com.st.stm32cube.ide.mcu.externaltools.gnu-tools-for-stm32.9-2020-q2-update.win32_2.0.0.202105311346/tools/bin/../lib/gcc/arm-none-eabi/9.3.1/../../../../arm-none-eabi/lib/thumb/v7-m/nofp\libc_nano.a(lib_a-vsprintf.o)
                0x0000000008003370                vsiprintf
                0x0000000008003370                vsprintf
 .text.__ssputs_r
                0x0000000008003384       0xb6 c:/st/stm32cubeide_1.7.0/stm32cubeide/plugins/com.st.stm32cube.ide.mcu.externaltools.gnu-tools-for-stm32.9-2020-q2-update.win32_2.0.0.202105311346/tools/bin/../lib/gcc/arm-none-eabi/9.3.1/../../../../arm-none-eabi/lib/thumb/v7-m/nofp\libc_nano.a(lib_a-nano-svfprintf.o)
                0x0000000008003384                __ssputs_r
 *fill*         0x000000000800343a        0x2 
 .text._svfprintf_r
                0x000000000800343c      0x200 c:/st/stm32cubeide_1.7.0/stm32cubeide/plugins/com.st.stm32cube.ide.mcu.externaltools.gnu-tools-for-stm32.9-2020-q2-update.win32_2.0.0.202105311346/tools/bin/../lib/gcc/arm-none-eabi/9.3.1/../../../../arm-none-eabi/lib/thumb/v7-m/nofp\libc_nano.a(lib_a-nano-svfprintf.o)
                0x000000000800343c                _svfiprintf_r
                0x000000000800343c                _svfprintf_r
 .text._printf_common
                0x000000000800363c       0xde c:/st/stm32cubeide_1.7.0/stm32cubeide/plugins/com.st.stm32cube.ide.mcu.externaltools.gnu-tools-for-stm32.9-2020-q2-update.win32_2.0.0.202105311346/tools/bin/../lib/gcc/arm-none-eabi/9.3.1/../../../../arm-none-eabi/lib/thumb/v7-m/nofp\libc_nano.a(lib_a-nano-vfprintf_i.o)
                0x000000000800363c                _printf_common
 *fill*         0x000000000800371a        0x2 
 .text._printf_i
                0x000000000800371c      0x24c c:/st/stm32cubeide_1.7.0/stm32cubeide/plugins/com.st.stm32cube.ide.mcu.externaltools.gnu-tools-for-stm32.9-2020-q2-update.win32_2.0.0.202105311346/tools/bin/../lib/gcc/arm-none-eabi/9.3.1/../../../../arm-none-eabi/lib/thumb/v7-m/nofp\libc_nano.a(lib_a-nano-vfprintf_i.o)
                0x000000000800371c                _printf_i
 .text.memchr   0x0000000008003968       0x1c c:/st/stm32cubeide_1.7.0/stm32cubeide/plugins/com.st.stm32cube.ide.mcu.externaltools.gnu-tools-for-stm32.9-2020-q2-update.win32_2.0.0.202105311346/tools/bin/../lib/gcc/arm-none-eabi/9.3.1/../../../../arm-none-eabi/lib/thumb/v7-m/nofp\libc_nano.a(lib_a-memchr-stub.o)
                0x0000000008003968                memchr
 .text.memmove  0x0000000008003984       0x34 c:/st/stm32cubeide_1.7.0/stm32cubeide/plugins/com.st.stm32cube.ide.mcu.externaltools.gnu-tools-for-stm32.9-2020-q2-update.win32_2.0.0.202105311346/tools/bin/../lib/gcc/arm-none-eabi/9.3.1/../../../../arm-none-eabi/lib/thumb/v7-m/nofp\libc_nano.a(lib_a-memmove.o)
                0x0000000008003984                memmove
 .text._free_r  0x00000000080039b8       0x98 c:/st/stm32cubeide_1.7.0/stm32cubeide/plugins/com.st.stm32cube.ide.mcu.externaltools.gnu-tools-for-stm32.9-2020-q2-update.win32_2.0.0.202105311346/tools/bin/../lib/gcc/arm-none-eabi/9.3.1/../../../../arm-none-eabi/lib/thumb/v7-m/nofp\libc_nano.a(lib_a-nano-freer.o)
                0x00000000080039b8                _free_r
 .text._malloc_r
                0x0000000008003a50       0xb4 c:/st/stm32cubeide_1.7.0/stm32cubeide/plugins/com.st.stm32cube.ide.mcu.externaltools.gnu-tools-for-stm32.9-2020-q2-update.win32_2.0.0.202105311346/tools/bin/../lib/gcc/arm-none-eabi/9.3.1/../../../../arm-none-eabi/lib/thumb/v7-m/nofp\libc_nano.a(lib_a-nano-mallocr.o)
                0x0000000008003a50                _malloc_r
 .text._realloc_r
                0x0000000008003b04       0x4c c:/st/stm32cubeide_1.7.0/stm32cubeide/plugins/com.st.stm32cube.ide.mcu.externaltools.gnu-tools-for-stm32.9-2020-q2-update.win32_2.0.0.202105311346/tools/bin/../lib/gcc/arm-none-eabi/9.3.1/../../../../arm-none-eabi/lib/thumb/v7-m/nofp\libc_nano.a(lib_a-nano-reallocr.o)
                0x0000000008003b04                _realloc_r
 .text._sbrk_r  0x0000000008003b50       0x20 c:/st/stm32cubeide_1.7.0/stm32cubeide/plugins/com.st.stm32cube.ide.mcu.externaltools.gnu-tools-for-stm32.9-2020-q2-update.win32_2.0.0.202105311346/tools/bin/../lib/gcc/arm-none-eabi/9.3.1/../../../../arm-none-eabi/lib/thumb/v7-m/nofp\libc_nano.a(lib_a-sbrkr.o)
                0x0000000008003b50                _sbrk_r
 .text.__malloc_lock
                0x0000000008003b70        0xc c:/st/stm32cubeide_1.7.0/stm32cubeide/plugins/com.st.stm32cube.ide.mcu.externaltools.gnu-tools-for-stm32.9-2020-q2-update.win32_2.0.0.202105311346/tools/bin/../lib/gcc/arm-none-eabi/9.3.1/../../../../arm-none-eabi/lib/thumb/v7-m/nofp\libc_nano.a(lib_a-mlock.o)
                0x0000000008003b70                __malloc_lock
 .text.__malloc_unlock
                0x0000000008003b7c        0xc c:/st/stm32cubeide_1.7.0/stm32cubeide/plugins/com.st.stm32cube.ide.mcu.externaltools.gnu-tools-for-stm32.9-2020-q2-update.win32_2.0.0.202105311346/tools/bin/../lib/gcc/arm-none-eabi/9.3.1/../../../../arm-none-eabi/lib/thumb/v7-m/nofp\libc_nano.a(lib_a-mlock.o)
                0x0000000008003b7c                __malloc_unlock
 .text._malloc_usable_size_r
                0x0000000008003b88       0x10 c:/st/stm32cubeide_1.7.0/stm32cubeide/plugins/com.st.stm32cube.ide.mcu.externaltools.gnu-tools-for-stm32.9-2020-q2-update.win32_2.0.0.202105311346/tools/bin/../lib/gcc/arm-none-eabi/9.3.1/../../../../arm-none-eabi/lib/thumb/v7-m/nofp\libc_nano.a(lib_a-nano-msizer.o)
                0x0000000008003b88                _malloc_usable_size_r
 .text.__retarget_lock_acquire_recursive
                0x0000000008003b98        0x2 c:/st/stm32cubeide_1.7.0/stm32cubeide/plugins/com.st.stm32cube.ide.mcu.externaltools.gnu-tools-for-stm32.9-2020-q2-update.win32_2.0.0.202105311346/tools/bin/../lib/gcc/arm-none-eabi/9.3.1/../../../../arm-none-eabi/lib/thumb/v7-m/nofp\libc_nano.a(lib_a-lock.o)
                0x0000000008003b98                __retarget_lock_acquire_recursive
 .text.__retarget_lock_release_recursive
                0x0000000008003b9a        0x2 c:/st/stm32cubeide_1.7.0/stm32cubeide/plugins/com.st.stm32cube.ide.mcu.externaltools.gnu-tools-for-stm32.9-2020-q2-update.win32_2.0.0.202105311346/tools/bin/../lib/gcc/arm-none-eabi/9.3.1/../../../../arm-none-eabi/lib/thumb/v7-m/nofp\libc_nano.a(lib_a-lock.o)
                0x0000000008003b9a                __retarget_lock_release_recursive
 *(.glue_7)
 .glue_7        0x0000000008003b9c        0x0 linker stubs
 *(.glue_7t)
 .glue_7t       0x0000000008003b9c        0x0 linker stubs
 *(.eh_frame)
 .eh_frame      0x0000000008003b9c        0x0 c:/st/stm32cubeide_1.7.0/stm32cubeide/plugins/com.st.stm32cube.ide.mcu.externaltools.gnu-tools-for-stm32.9-2020-q2-update.win32_2.0.0.202105311346/tools/bin/../lib/gcc/arm-none-eabi/9.3.1/thumb/v7-m/nofp/crtbegin.o
 *(.init)
 .init          0x0000000008003b9c        0x4 c:/st/stm32cubeide_1.7.0/stm32cubeide/plugins/com.st.stm32cube.ide.mcu.externaltools.gnu-tools-for-stm32.9-2020-q2-update.win32_2.0.0.202105311346/tools/bin/../lib/gcc/arm-none-eabi/9.3.1/thumb/v7-m/nofp/crti.o
                0x0000000008003b9c                _init
 .init          0x0000000008003ba0        0x8 c:/st/stm32cubeide_1.7.0/stm32cubeide/plugins/com.st.stm32cube.ide.mcu.externaltools.gnu-tools-for-stm32.9-2020-q2-update.win32_2.0.0.202105311346/tools/bin/../lib/gcc/arm-none-eabi/9.3.1/thumb/v7-m/nofp/crtn.o
 *(.fini)
 .fini          0x0000000008003ba8        0x4 c:/st/stm32cubeide_1.7.0/stm32cubeide/plugins/com.st.stm32cube.ide.mcu.externaltools.gnu-tools-for-stm32.9-2020-q2-update.win32_2.0.0.202105311346/tools/bin/../lib/gcc/arm-none-eabi/9.3.1/thumb/v7-m/nofp/crti.o
                0x0000000008003ba8                _fini
 .fini          0x0000000008003bac        0x8 c:/st/stm32cubeide_1.7.0/stm32cubeide/plugins/com.st.stm32cube.ide.mcu.externaltools.gnu-tools-for-stm32.9-2020-q2-update.win32_2.0.0.202105311346/tools/bin/../lib/gcc/arm-none-eabi/9.3.1/thumb/v7-m/nofp/crtn.o
                0x0000000008003bb4                . = ALIGN (0x4)
                0x0000000008003bb4                _etext = .

.vfp11_veneer   0x0000000008003bb4        0x0
 .vfp11_veneer  0x0000000008003bb4        0x0 linker stubs

.v4_bx          0x0000000008003bb4        0x0
 .v4_bx         0x0000000008003bb4        0x0 linker stubs

.iplt           0x0000000008003bb4        0x0
 .iplt          0x0000000008003bb4        0x0 c:/st/stm32cubeide_1.7.0/stm32cubeide/plugins/com.st.stm32cube.ide.mcu.externaltools.gnu-tools-for-stm32.9-2020-q2-update.win32_2.0.0.202105311346/tools/bin/../lib/gcc/arm-none-eabi/9.3.1/thumb/v7-m/nofp/crtbegin.o

.rodata         0x0000000008003bb4      0x890
                0x0000000008003bb4                . = ALIGN (0x4)
 *(.rodata)
 *(.rodata*)
 .rodata.Rcon   0x0000000008003bb4        0xb ./Core/Src/aes.o
 .rodata.io_expander_key
                0x0000000008003bbf       0x10 ./Core/Src/aes.o
                0x0000000008003bbf                io_expander_key
 .rodata.rsbox  0x0000000008003bcf      0x100 ./Core/Src/aes.o
 .rodata.sbox   0x0000000008003ccf      0x100 ./Core/Src/aes.o
 *fill*         0x0000000008003dcf        0x1 
 .rodata.crc_ccitt_table
                0x0000000008003dd0      0x200 ./Core/Src/crc16.o
                0x0000000008003dd0                crc_ccitt_table
 .rodata.iap_JumpToApplication.str1.1
                0x0000000008003fd0       0x1b ./Core/Src/iap.o
 .rodata.Set_Comms_Mode.str1.1
                0x0000000008003feb       0x14 ./Core/Src/main.o
 .rodata.normalboot.str1.1
                0x0000000008003fff       0x18 ./Core/Src/main.o
 .rodata.str1.1
                0x0000000008004017       0x4a ./Core/Src/rt_app_info.o
 .rodata.rt_bus_cmd_get_runmode_handler.str1.1
                0x0000000008004061       0x10 ./Core/Src/rt_bus_proto.o
 .rodata.rt_bus_cmd_bl_stay_handler.str1.1
                0x0000000008004071       0x10 ./Core/Src/rt_bus_proto.o
                                          0x3 (size before relaxing)
 .rodata.rt_bus_proto_frame_pack.str1.1
                0x0000000008004071       0x1e ./Core/Src/rt_bus_proto.o
 .rodata.rt_bus_cmd_bl_write_handler.str1.1
                0x000000000800408f       0x8a ./Core/Src/rt_bus_proto.o
 .rodata.rt_bus_cmd_bl_erase_handler.str1.1
                0x0000000008004119       0x82 ./Core/Src/rt_bus_proto.o
 .rodata.rt_bus_proto_bl_process.str1.1
                0x000000000800419b       0xb6 ./Core/Src/rt_bus_proto.o
 .rodata.__func__.7611
                0x0000000008004251       0x1f ./Core/Src/rt_bus_proto.o
 .rodata.__func__.7621
                0x0000000008004270       0x1b ./Core/Src/rt_bus_proto.o
 .rodata.__func__.7628
                0x000000000800428b       0x1c ./Core/Src/rt_bus_proto.o
 .rodata.__func__.7644
                0x00000000080042a7       0x1c ./Core/Src/rt_bus_proto.o
 *fill*         0x00000000080042c3        0x1 
 .rodata.commands
                0x00000000080042c4       0x38 ./Core/Src/rt_bus_proto.o
                0x00000000080042c4                commands
 .rodata.rt_get_app_info.str1.1
                0x00000000080042fc       0xda ./Core/Src/rt_info.o
 .rodata.HardFault_Handler.str1.1
                0x00000000080043d6        0x3 ./Core/Src/stm32f1xx_it.o
 .rodata.__func__.6223
                0x00000000080043d6       0x12 ./Core/Src/stm32f1xx_it.o
 .rodata.AHBPrescTable
                0x00000000080043e8       0x10 ./Core/Src/system_stm32f1xx.o
                0x00000000080043e8                AHBPrescTable
 .rodata.APBPrescTable
                0x00000000080043f8        0x8 ./Core/Src/system_stm32f1xx.o
                0x00000000080043f8                APBPrescTable
 .rodata.vprintln.str1.1
                0x0000000008004400       0xda ./Core/Src/usart.o
                                          0x3 (size before relaxing)
 .rodata.HAL_RCC_GetSysClockFreq.str1.1
                0x0000000008004400       0x11 ./Drivers/STM32F1xx_HAL_Driver/Src/stm32f1xx_hal_rcc.o
 .rodata._svfprintf_r.str1.1
                0x0000000008004411       0x11 c:/st/stm32cubeide_1.7.0/stm32cubeide/plugins/com.st.stm32cube.ide.mcu.externaltools.gnu-tools-for-stm32.9-2020-q2-update.win32_2.0.0.202105311346/tools/bin/../lib/gcc/arm-none-eabi/9.3.1/../../../../arm-none-eabi/lib/thumb/v7-m/nofp\libc_nano.a(lib_a-nano-svfprintf.o)
 .rodata._printf_i.str1.1
                0x0000000008004422       0x22 c:/st/stm32cubeide_1.7.0/stm32cubeide/plugins/com.st.stm32cube.ide.mcu.externaltools.gnu-tools-for-stm32.9-2020-q2-update.win32_2.0.0.202105311346/tools/bin/../lib/gcc/arm-none-eabi/9.3.1/../../../../arm-none-eabi/lib/thumb/v7-m/nofp\libc_nano.a(lib_a-nano-vfprintf_i.o)
                0x00000000080044dc                . = ALIGN (0x4)

.ARM.extab      0x0000000008004444        0x0
                0x0000000008004444                . = ALIGN (0x4)
 *(.ARM.extab* .gnu.linkonce.armextab.*)
                0x0000000008004444                . = ALIGN (0x4)

.ARM            0x0000000008004444        0x0
                0x0000000008004444                . = ALIGN (0x4)
                0x0000000008004444                __exidx_start = .
 *(.ARM.exidx*)
                0x0000000008004444                __exidx_end = .
                0x0000000008004444                . = ALIGN (0x4)

.preinit_array  0x0000000008004444        0x0
                0x0000000008004444                . = ALIGN (0x4)
                0x0000000008004444                PROVIDE (__preinit_array_start = .)
 *(.preinit_array*)
                0x0000000008004444                PROVIDE (__preinit_array_end = .)
                0x0000000008004444                . = ALIGN (0x4)

.init_array     0x0000000008004444        0x4
                0x0000000008004444                . = ALIGN (0x4)
                0x0000000008004444                PROVIDE (__init_array_start = .)
 *(SORT_BY_NAME(.init_array.*))
 *(.init_array*)
 .init_array    0x0000000008004444        0x4 c:/st/stm32cubeide_1.7.0/stm32cubeide/plugins/com.st.stm32cube.ide.mcu.externaltools.gnu-tools-for-stm32.9-2020-q2-update.win32_2.0.0.202105311346/tools/bin/../lib/gcc/arm-none-eabi/9.3.1/thumb/v7-m/nofp/crtbegin.o
                0x0000000008004448                PROVIDE (__init_array_end = .)
                0x0000000008004448                . = ALIGN (0x4)

.fini_array     0x0000000008004448        0x4
                0x0000000008004448                . = ALIGN (0x4)
                [!provide]                        PROVIDE (__fini_array_start = .)
 *(SORT_BY_NAME(.fini_array.*))
 *(.fini_array*)
 .fini_array    0x0000000008004448        0x4 c:/st/stm32cubeide_1.7.0/stm32cubeide/plugins/com.st.stm32cube.ide.mcu.externaltools.gnu-tools-for-stm32.9-2020-q2-update.win32_2.0.0.202105311346/tools/bin/../lib/gcc/arm-none-eabi/9.3.1/thumb/v7-m/nofp/crtbegin.o
                [!provide]                        PROVIDE (__fini_array_end = .)
                0x000000000800444c                . = ALIGN (0x4)

.RAMVectorTable
                0x0000000020000000      0x200
 *(.RAMVectorTable)
 .RAMVectorTable
                0x0000000020000000      0x200 ./Core/Src/rt_init.o
                0x0000000020000000                VectorTable

.IAPMailbox     0x0000000020000200        0x8
 *(.IAPMailbox)
 .IAPMailbox    0x0000000020000200        0x8 ./Core/Src/rt_init.o
                0x0000000020000200                iapMailbox
                0x000000000800444c                _sidata = LOADADDR (.data)

.data           0x0000000020000208       0x88 load address 0x000000000800444c
                0x0000000020000208                . = ALIGN (0x4)
                0x0000000020000208                _sdata = .
 *(.data)
 *(.data*)
 .data.company  0x0000000020000208        0x4 ./Core/Src/rt_app_info.o
                0x0000000020000208                company
 .data.git_version
                0x000000002000020c        0x4 ./Core/Src/rt_app_info.o
                0x000000002000020c                git_version
 .data.project_description
                0x0000000020000210        0x4 ./Core/Src/rt_app_info.o
                0x0000000020000210                project_description
 .data.timestamp
                0x0000000020000214        0x4 ./Core/Src/rt_app_info.o
                0x0000000020000214                timestamp
 .data.prevDMACnt
                0x0000000020000218        0x2 ./Core/Src/rt_bus_proto.o
                0x0000000020000218                prevDMACnt
 *fill*         0x000000002000021a        0x2 
 .data.g_led_flash_mode
                0x000000002000021c        0x4 ./Core/Src/rt_info.o
                0x000000002000021c                g_led_flash_mode
 .data.SystemCoreClock
                0x0000000020000220        0x4 ./Core/Src/system_stm32f1xx.o
                0x0000000020000220                SystemCoreClock
 .data.uwTickFreq
                0x0000000020000224        0x1 ./Drivers/STM32F1xx_HAL_Driver/Src/stm32f1xx_hal.o
                0x0000000020000224                uwTickFreq
 *fill*         0x0000000020000225        0x3 
 .data.uwTickPrio
                0x0000000020000228        0x4 ./Drivers/STM32F1xx_HAL_Driver/Src/stm32f1xx_hal.o
                0x0000000020000228                uwTickPrio
 .data._impure_ptr
                0x000000002000022c        0x4 c:/st/stm32cubeide_1.7.0/stm32cubeide/plugins/com.st.stm32cube.ide.mcu.externaltools.gnu-tools-for-stm32.9-2020-q2-update.win32_2.0.0.202105311346/tools/bin/../lib/gcc/arm-none-eabi/9.3.1/../../../../arm-none-eabi/lib/thumb/v7-m/nofp\libc_nano.a(lib_a-impure.o)
                0x000000002000022c                _impure_ptr
 .data.impure_data
                0x0000000020000230       0x60 c:/st/stm32cubeide_1.7.0/stm32cubeide/plugins/com.st.stm32cube.ide.mcu.externaltools.gnu-tools-for-stm32.9-2020-q2-update.win32_2.0.0.202105311346/tools/bin/../lib/gcc/arm-none-eabi/9.3.1/../../../../arm-none-eabi/lib/thumb/v7-m/nofp\libc_nano.a(lib_a-impure.o)
 *(.RamFunc)
 *(.RamFunc*)
                0x0000000020000290                . = ALIGN (0x4)
                0x0000000020000290                _edata = .

.igot.plt       0x0000000020000290        0x0 load address 0x00000000080044d4
 .igot.plt      0x0000000020000290        0x0 c:/st/stm32cubeide_1.7.0/stm32cubeide/plugins/com.st.stm32cube.ide.mcu.externaltools.gnu-tools-for-stm32.9-2020-q2-update.win32_2.0.0.202105311346/tools/bin/../lib/gcc/arm-none-eabi/9.3.1/thumb/v7-m/nofp/crtbegin.o

.app_sha        0x00000000080044d4       0x14
                0x00000000080044d4                . = ALIGN (0x4)
 *(.app_sha)
 .app_sha       0x00000000080044d4       0x14 ./Core/Src/rt_init.o
                0x00000000080044d4                appsha
                0x00000000080044e8                . = ALIGN (0x4)

.rel.dyn        0x00000000080044e8        0x0
 .rel.iplt      0x00000000080044e8        0x0 c:/st/stm32cubeide_1.7.0/stm32cubeide/plugins/com.st.stm32cube.ide.mcu.externaltools.gnu-tools-for-stm32.9-2020-q2-update.win32_2.0.0.202105311346/tools/bin/../lib/gcc/arm-none-eabi/9.3.1/thumb/v7-m/nofp/crtbegin.o
                0x00000000080044e8                . = ALIGN (0x4)

.bss            0x0000000020000290     0x1a20
                0x0000000020000290                _sbss = .
                0x0000000020000290                __bss_start__ = _sbss
 *(.bss)
 .bss           0x0000000020000290       0x1c c:/st/stm32cubeide_1.7.0/stm32cubeide/plugins/com.st.stm32cube.ide.mcu.externaltools.gnu-tools-for-stm32.9-2020-q2-update.win32_2.0.0.202105311346/tools/bin/../lib/gcc/arm-none-eabi/9.3.1/thumb/v7-m/nofp/crtbegin.o
 *(.bss*)
 .bss.Iv        0x00000000200002ac        0x4 ./Core/Src/aes.o
 .bss.Key       0x00000000200002b0        0x4 ./Core/Src/aes.o
 .bss.RoundKey  0x00000000200002b4       0xb0 ./Core/Src/aes.o
 .bss.state     0x0000000020000364        0x4 ./Core/Src/aes.o
 .bss.gRunMode  0x0000000020000368        0x1 ./Core/Src/main.o
                0x0000000020000368                gRunMode
 .bss.gStayInBootloader
                0x0000000020000369        0x1 ./Core/Src/main.o
                0x0000000020000369                gStayInBootloader
 .bss.g_comms_mode
                0x000000002000036a        0x1 ./Core/Src/main.o
                0x000000002000036a                g_comms_mode
 *fill*         0x000000002000036b        0x1 
 .bss.led_blink_counter.7603
                0x000000002000036c        0x4 ./Core/Src/main.o
 .bss.gFrameCount
                0x0000000020000370        0x4 ./Core/Src/rt_bus_proto.o
                0x0000000020000370                gFrameCount
 .bss.isFrameReady
                0x0000000020000374        0x1 ./Core/Src/rt_bus_proto.o
                0x0000000020000374                isFrameReady
 *fill*         0x0000000020000375        0x3 
 .bss.__sbrk_heap_end
                0x0000000020000378        0x4 ./Core/Src/sysmem.o
 .bss.__malloc_free_list
                0x000000002000037c        0x4 c:/st/stm32cubeide_1.7.0/stm32cubeide/plugins/com.st.stm32cube.ide.mcu.externaltools.gnu-tools-for-stm32.9-2020-q2-update.win32_2.0.0.202105311346/tools/bin/../lib/gcc/arm-none-eabi/9.3.1/../../../../arm-none-eabi/lib/thumb/v7-m/nofp\libc_nano.a(lib_a-nano-mallocr.o)
                0x000000002000037c                __malloc_free_list
 .bss.__malloc_sbrk_start
                0x0000000020000380        0x4 c:/st/stm32cubeide_1.7.0/stm32cubeide/plugins/com.st.stm32cube.ide.mcu.externaltools.gnu-tools-for-stm32.9-2020-q2-update.win32_2.0.0.202105311346/tools/bin/../lib/gcc/arm-none-eabi/9.3.1/../../../../arm-none-eabi/lib/thumb/v7-m/nofp\libc_nano.a(lib_a-nano-mallocr.o)
                0x0000000020000380                __malloc_sbrk_start
 *(COMMON)
 COMMON         0x0000000020000384       0x54 ./Core/Src/i2c.o
                0x0000000020000384                hi2c1
 COMMON         0x00000000200003d8     0x14c8 ./Core/Src/rt_bus_proto.o
                0x00000000200003d8                flashBuffer
                0x00000000200007e8                gSPI_Tx_DMA_Buf
                0x0000000020000c16                gRT_Command_Packet
                0x0000000020001046                gSPI_Rx_DMA_Buf
                0x0000000020001473                gSPI_Rx_Buf
 COMMON         0x00000000200018a0      0x270 ./Core/Src/rt_info.o
                0x00000000200018a0                sRotaAdvanceDeviceInfo
                0x0000000020001a00                sRotaDeviceInfo
 COMMON         0x0000000020001b10       0xe0 ./Core/Src/spi.o
                0x0000000020001b10                hspi1
                0x0000000020001b68                hdma_spi1_rx
                0x0000000020001bac                hdma_spi1_tx
 COMMON         0x0000000020001bf0       0x88 ./Core/Src/usart.o
                0x0000000020001bf0                hdma_usart1_tx
                0x0000000020001c34                huart1
 COMMON         0x0000000020001c78        0x4 ./Drivers/STM32F1xx_HAL_Driver/Src/stm32f1xx_hal.o
                0x0000000020001c78                uwTick
 *fill*         0x0000000020001c7c        0x4 
 COMMON         0x0000000020001c80       0x20 ./Drivers/STM32F1xx_HAL_Driver/Src/stm32f1xx_hal_flash.o
                0x0000000020001c80                pFlash
 COMMON         0x0000000020001ca0        0x4 c:/st/stm32cubeide_1.7.0/stm32cubeide/plugins/com.st.stm32cube.ide.mcu.externaltools.gnu-tools-for-stm32.9-2020-q2-update.win32_2.0.0.202105311346/tools/bin/../lib/gcc/arm-none-eabi/9.3.1/../../../../arm-none-eabi/lib/thumb/v7-m/nofp\libc_nano.a(lib_a-reent.o)
                0x0000000020001ca0                errno
 COMMON         0x0000000020001ca4        0x9 c:/st/stm32cubeide_1.7.0/stm32cubeide/plugins/com.st.stm32cube.ide.mcu.externaltools.gnu-tools-for-stm32.9-2020-q2-update.win32_2.0.0.202105311346/tools/bin/../lib/gcc/arm-none-eabi/9.3.1/../../../../arm-none-eabi/lib/thumb/v7-m/nofp\libc_nano.a(lib_a-lock.o)
                0x0000000020001ca4                __lock___atexit_recursive_mutex
                0x0000000020001ca5                __lock___arc4random_mutex
                0x0000000020001ca6                __lock___env_recursive_mutex
                0x0000000020001ca7                __lock___sinit_recursive_mutex
                0x0000000020001ca8                __lock___malloc_recursive_mutex
                0x0000000020001ca9                __lock___at_quick_exit_mutex
                0x0000000020001caa                __lock___dd_hash_mutex
                0x0000000020001cab                __lock___tz_mutex
                0x0000000020001cac                __lock___sfp_recursive_mutex
                0x0000000020001cb0                . = ALIGN (0x4)
 *fill*         0x0000000020001cad        0x3 
                0x0000000020001cb0                _ebss = .
                0x0000000020001cb0                __bss_end__ = _ebss

._user_heap_stack
                0x0000000020001cb0      0x600
                0x0000000020001cb0                . = ALIGN (0x8)
                [!provide]                        PROVIDE (end = .)
                0x0000000020001cb0                PROVIDE (_end = .)
                0x0000000020001eb0                . = (. + _Min_Heap_Size)
 *fill*         0x0000000020001cb0      0x200 
                0x00000000200022b0                . = (. + _Min_Stack_Size)
 *fill*         0x0000000020001eb0      0x400 
                0x00000000200022b0                . = ALIGN (0x8)

/DISCARD/
 libc.a(*)
 libm.a(*)
 libgcc.a(*)

.ARM.attributes
                0x0000000000000000       0x29
 *(.ARM.attributes)
 .ARM.attributes
                0x0000000000000000       0x1d c:/st/stm32cubeide_1.7.0/stm32cubeide/plugins/com.st.stm32cube.ide.mcu.externaltools.gnu-tools-for-stm32.9-2020-q2-update.win32_2.0.0.202105311346/tools/bin/../lib/gcc/arm-none-eabi/9.3.1/thumb/v7-m/nofp/crti.o
 .ARM.attributes
                0x000000000000001d       0x2d c:/st/stm32cubeide_1.7.0/stm32cubeide/plugins/com.st.stm32cube.ide.mcu.externaltools.gnu-tools-for-stm32.9-2020-q2-update.win32_2.0.0.202105311346/tools/bin/../lib/gcc/arm-none-eabi/9.3.1/thumb/v7-m/nofp/crtbegin.o
 .ARM.attributes
                0x000000000000004a       0x2d ./Core/Src/aes.o
 .ARM.attributes
                0x0000000000000077       0x2d ./Core/Src/crc16.o
 .ARM.attributes
                0x00000000000000a4       0x2d ./Core/Src/dma.o
 .ARM.attributes
                0x00000000000000d1       0x2d ./Core/Src/flash_if.o
 .ARM.attributes
                0x00000000000000fe       0x2d ./Core/Src/gpio.o
 .ARM.attributes
                0x000000000000012b       0x2d ./Core/Src/i2c.o
 .ARM.attributes
                0x0000000000000158       0x2d ./Core/Src/iap.o
 .ARM.attributes
                0x0000000000000185       0x2d ./Core/Src/main.o
 .ARM.attributes
                0x00000000000001b2       0x33 ./Core/Src/rt_app_info.o
 .ARM.attributes
                0x00000000000001e5       0x2d ./Core/Src/rt_bus_proto.o
 .ARM.attributes
                0x0000000000000212       0x2d ./Core/Src/rt_info.o
 .ARM.attributes
                0x000000000000023f       0x2d ./Core/Src/rt_init.o
 .ARM.attributes
                0x000000000000026c       0x2d ./Core/Src/sha1.o
 .ARM.attributes
                0x0000000000000299       0x2d ./Core/Src/spi.o
 .ARM.attributes
                0x00000000000002c6       0x2d ./Core/Src/stm32f1xx_hal_msp.o
 .ARM.attributes
                0x00000000000002f3       0x2d ./Core/Src/stm32f1xx_it.o
 .ARM.attributes
                0x0000000000000320       0x2d ./Core/Src/sysmem.o
 .ARM.attributes
                0x000000000000034d       0x2d ./Core/Src/system_stm32f1xx.o
 .ARM.attributes
                0x000000000000037a       0x2d ./Core/Src/usart.o
 .ARM.attributes
                0x00000000000003a7       0x21 ./Core/Startup/startup_stm32f103rctx.o
 .ARM.attributes
                0x00000000000003c8       0x2d ./Drivers/STM32F1xx_HAL_Driver/Src/stm32f1xx_hal.o
 .ARM.attributes
                0x00000000000003f5       0x2d ./Drivers/STM32F1xx_HAL_Driver/Src/stm32f1xx_hal_cortex.o
 .ARM.attributes
                0x0000000000000422       0x2d ./Drivers/STM32F1xx_HAL_Driver/Src/stm32f1xx_hal_dma.o
 .ARM.attributes
                0x000000000000044f       0x2d ./Drivers/STM32F1xx_HAL_Driver/Src/stm32f1xx_hal_flash.o
 .ARM.attributes
                0x000000000000047c       0x2d ./Drivers/STM32F1xx_HAL_Driver/Src/stm32f1xx_hal_flash_ex.o
 .ARM.attributes
                0x00000000000004a9       0x2d ./Drivers/STM32F1xx_HAL_Driver/Src/stm32f1xx_hal_gpio.o
 .ARM.attributes
                0x00000000000004d6       0x2d ./Drivers/STM32F1xx_HAL_Driver/Src/stm32f1xx_hal_i2c.o
 .ARM.attributes
                0x0000000000000503       0x2d ./Drivers/STM32F1xx_HAL_Driver/Src/stm32f1xx_hal_rcc.o
 .ARM.attributes
                0x0000000000000530       0x2d ./Drivers/STM32F1xx_HAL_Driver/Src/stm32f1xx_hal_spi.o
 .ARM.attributes
                0x000000000000055d       0x2d ./Drivers/STM32F1xx_HAL_Driver/Src/stm32f1xx_hal_uart.o
 .ARM.attributes
                0x000000000000058a       0x2d c:/st/stm32cubeide_1.7.0/stm32cubeide/plugins/com.st.stm32cube.ide.mcu.externaltools.gnu-tools-for-stm32.9-2020-q2-update.win32_2.0.0.202105311346/tools/bin/../lib/gcc/arm-none-eabi/9.3.1/../../../../arm-none-eabi/lib/thumb/v7-m/nofp\libc_nano.a(lib_a-errno.o)
 .ARM.attributes
                0x00000000000005b7       0x2d c:/st/stm32cubeide_1.7.0/stm32cubeide/plugins/com.st.stm32cube.ide.mcu.externaltools.gnu-tools-for-stm32.9-2020-q2-update.win32_2.0.0.202105311346/tools/bin/../lib/gcc/arm-none-eabi/9.3.1/../../../../arm-none-eabi/lib/thumb/v7-m/nofp\libc_nano.a(lib_a-impure.o)
 .ARM.attributes
                0x00000000000005e4       0x2d c:/st/stm32cubeide_1.7.0/stm32cubeide/plugins/com.st.stm32cube.ide.mcu.externaltools.gnu-tools-for-stm32.9-2020-q2-update.win32_2.0.0.202105311346/tools/bin/../lib/gcc/arm-none-eabi/9.3.1/../../../../arm-none-eabi/lib/thumb/v7-m/nofp\libc_nano.a(lib_a-init.o)
 .ARM.attributes
                0x0000000000000611       0x2d c:/st/stm32cubeide_1.7.0/stm32cubeide/plugins/com.st.stm32cube.ide.mcu.externaltools.gnu-tools-for-stm32.9-2020-q2-update.win32_2.0.0.202105311346/tools/bin/../lib/gcc/arm-none-eabi/9.3.1/../../../../arm-none-eabi/lib/thumb/v7-m/nofp\libc_nano.a(lib_a-memcmp.o)
 .ARM.attributes
                0x000000000000063e       0x2d c:/st/stm32cubeide_1.7.0/stm32cubeide/plugins/com.st.stm32cube.ide.mcu.externaltools.gnu-tools-for-stm32.9-2020-q2-update.win32_2.0.0.202105311346/tools/bin/../lib/gcc/arm-none-eabi/9.3.1/../../../../arm-none-eabi/lib/thumb/v7-m/nofp\libc_nano.a(lib_a-memcpy-stub.o)
 .ARM.attributes
                0x000000000000066b       0x2d c:/st/stm32cubeide_1.7.0/stm32cubeide/plugins/com.st.stm32cube.ide.mcu.externaltools.gnu-tools-for-stm32.9-2020-q2-update.win32_2.0.0.202105311346/tools/bin/../lib/gcc/arm-none-eabi/9.3.1/../../../../arm-none-eabi/lib/thumb/v7-m/nofp\libc_nano.a(lib_a-memset.o)
 .ARM.attributes
                0x0000000000000698       0x17 c:/st/stm32cubeide_1.7.0/stm32cubeide/plugins/com.st.stm32cube.ide.mcu.externaltools.gnu-tools-for-stm32.9-2020-q2-update.win32_2.0.0.202105311346/tools/bin/../lib/gcc/arm-none-eabi/9.3.1/../../../../arm-none-eabi/lib/thumb/v7-m/nofp\libc_nano.a(lib_a-strlen.o)
 .ARM.attributes
                0x00000000000006af       0x2d c:/st/stm32cubeide_1.7.0/stm32cubeide/plugins/com.st.stm32cube.ide.mcu.externaltools.gnu-tools-for-stm32.9-2020-q2-update.win32_2.0.0.202105311346/tools/bin/../lib/gcc/arm-none-eabi/9.3.1/../../../../arm-none-eabi/lib/thumb/v7-m/nofp\libc_nano.a(lib_a-strncpy.o)
 .ARM.attributes
                0x00000000000006dc       0x2d c:/st/stm32cubeide_1.7.0/stm32cubeide/plugins/com.st.stm32cube.ide.mcu.externaltools.gnu-tools-for-stm32.9-2020-q2-update.win32_2.0.0.202105311346/tools/bin/../lib/gcc/arm-none-eabi/9.3.1/../../../../arm-none-eabi/lib/thumb/v7-m/nofp\libc_nano.a(lib_a-vsprintf.o)
 .ARM.attributes
                0x0000000000000709       0x2d c:/st/stm32cubeide_1.7.0/stm32cubeide/plugins/com.st.stm32cube.ide.mcu.externaltools.gnu-tools-for-stm32.9-2020-q2-update.win32_2.0.0.202105311346/tools/bin/../lib/gcc/arm-none-eabi/9.3.1/../../../../arm-none-eabi/lib/thumb/v7-m/nofp\libc_nano.a(lib_a-nano-svfprintf.o)
 .ARM.attributes
                0x0000000000000736       0x2d c:/st/stm32cubeide_1.7.0/stm32cubeide/plugins/com.st.stm32cube.ide.mcu.externaltools.gnu-tools-for-stm32.9-2020-q2-update.win32_2.0.0.202105311346/tools/bin/../lib/gcc/arm-none-eabi/9.3.1/../../../../arm-none-eabi/lib/thumb/v7-m/nofp\libc_nano.a(lib_a-nano-vfprintf_i.o)
 .ARM.attributes
                0x0000000000000763       0x2d c:/st/stm32cubeide_1.7.0/stm32cubeide/plugins/com.st.stm32cube.ide.mcu.externaltools.gnu-tools-for-stm32.9-2020-q2-update.win32_2.0.0.202105311346/tools/bin/../lib/gcc/arm-none-eabi/9.3.1/../../../../arm-none-eabi/lib/thumb/v7-m/nofp\libc_nano.a(lib_a-memchr-stub.o)
 .ARM.attributes
                0x0000000000000790       0x2d c:/st/stm32cubeide_1.7.0/stm32cubeide/plugins/com.st.stm32cube.ide.mcu.externaltools.gnu-tools-for-stm32.9-2020-q2-update.win32_2.0.0.202105311346/tools/bin/../lib/gcc/arm-none-eabi/9.3.1/../../../../arm-none-eabi/lib/thumb/v7-m/nofp\libc_nano.a(lib_a-memmove.o)
 .ARM.attributes
                0x00000000000007bd       0x2d c:/st/stm32cubeide_1.7.0/stm32cubeide/plugins/com.st.stm32cube.ide.mcu.externaltools.gnu-tools-for-stm32.9-2020-q2-update.win32_2.0.0.202105311346/tools/bin/../lib/gcc/arm-none-eabi/9.3.1/../../../../arm-none-eabi/lib/thumb/v7-m/nofp\libc_nano.a(lib_a-nano-freer.o)
 .ARM.attributes
                0x00000000000007ea       0x2d c:/st/stm32cubeide_1.7.0/stm32cubeide/plugins/com.st.stm32cube.ide.mcu.externaltools.gnu-tools-for-stm32.9-2020-q2-update.win32_2.0.0.202105311346/tools/bin/../lib/gcc/arm-none-eabi/9.3.1/../../../../arm-none-eabi/lib/thumb/v7-m/nofp\libc_nano.a(lib_a-nano-mallocr.o)
 .ARM.attributes
                0x0000000000000817       0x2d c:/st/stm32cubeide_1.7.0/stm32cubeide/plugins/com.st.stm32cube.ide.mcu.externaltools.gnu-tools-for-stm32.9-2020-q2-update.win32_2.0.0.202105311346/tools/bin/../lib/gcc/arm-none-eabi/9.3.1/../../../../arm-none-eabi/lib/thumb/v7-m/nofp\libc_nano.a(lib_a-nano-reallocr.o)
 .ARM.attributes
                0x0000000000000844       0x2d c:/st/stm32cubeide_1.7.0/stm32cubeide/plugins/com.st.stm32cube.ide.mcu.externaltools.gnu-tools-for-stm32.9-2020-q2-update.win32_2.0.0.202105311346/tools/bin/../lib/gcc/arm-none-eabi/9.3.1/../../../../arm-none-eabi/lib/thumb/v7-m/nofp\libc_nano.a(lib_a-sbrkr.o)
 .ARM.attributes
                0x0000000000000871       0x2d c:/st/stm32cubeide_1.7.0/stm32cubeide/plugins/com.st.stm32cube.ide.mcu.externaltools.gnu-tools-for-stm32.9-2020-q2-update.win32_2.0.0.202105311346/tools/bin/../lib/gcc/arm-none-eabi/9.3.1/../../../../arm-none-eabi/lib/thumb/v7-m/nofp\libc_nano.a(lib_a-mlock.o)
 .ARM.attributes
                0x000000000000089e       0x2d c:/st/stm32cubeide_1.7.0/stm32cubeide/plugins/com.st.stm32cube.ide.mcu.externaltools.gnu-tools-for-stm32.9-2020-q2-update.win32_2.0.0.202105311346/tools/bin/../lib/gcc/arm-none-eabi/9.3.1/../../../../arm-none-eabi/lib/thumb/v7-m/nofp\libc_nano.a(lib_a-nano-msizer.o)
 .ARM.attributes
                0x00000000000008cb       0x2d c:/st/stm32cubeide_1.7.0/stm32cubeide/plugins/com.st.stm32cube.ide.mcu.externaltools.gnu-tools-for-stm32.9-2020-q2-update.win32_2.0.0.202105311346/tools/bin/../lib/gcc/arm-none-eabi/9.3.1/../../../../arm-none-eabi/lib/thumb/v7-m/nofp\libc_nano.a(lib_a-reent.o)
 .ARM.attributes
                0x00000000000008f8       0x2d c:/st/stm32cubeide_1.7.0/stm32cubeide/plugins/com.st.stm32cube.ide.mcu.externaltools.gnu-tools-for-stm32.9-2020-q2-update.win32_2.0.0.202105311346/tools/bin/../lib/gcc/arm-none-eabi/9.3.1/../../../../arm-none-eabi/lib/thumb/v7-m/nofp\libc_nano.a(lib_a-lock.o)
 .ARM.attributes
                0x0000000000000925       0x1d c:/st/stm32cubeide_1.7.0/stm32cubeide/plugins/com.st.stm32cube.ide.mcu.externaltools.gnu-tools-for-stm32.9-2020-q2-update.win32_2.0.0.202105311346/tools/bin/../lib/gcc/arm-none-eabi/9.3.1/thumb/v7-m/nofp/crtn.o
OUTPUT(F1_CompactController_AuxMCU_Bootloader.elf elf32-littlearm)
LOAD linker stubs
LOAD c:/st/stm32cubeide_1.7.0/stm32cubeide/plugins/com.st.stm32cube.ide.mcu.externaltools.gnu-tools-for-stm32.9-2020-q2-update.win32_2.0.0.202105311346/tools/bin/../lib/gcc/arm-none-eabi/9.3.1/../../../../arm-none-eabi/lib/thumb/v7-m/nofp\libc.a
LOAD c:/st/stm32cubeide_1.7.0/stm32cubeide/plugins/com.st.stm32cube.ide.mcu.externaltools.gnu-tools-for-stm32.9-2020-q2-update.win32_2.0.0.202105311346/tools/bin/../lib/gcc/arm-none-eabi/9.3.1/../../../../arm-none-eabi/lib/thumb/v7-m/nofp\libm.a
LOAD c:/st/stm32cubeide_1.7.0/stm32cubeide/plugins/com.st.stm32cube.ide.mcu.externaltools.gnu-tools-for-stm32.9-2020-q2-update.win32_2.0.0.202105311346/tools/bin/../lib/gcc/arm-none-eabi/9.3.1/thumb/v7-m/nofp\libgcc.a

.comment        0x0000000000000000       0x53
 .comment       0x0000000000000000       0x53 ./Core/Src/aes.o
                                         0x54 (size before relaxing)
 .comment       0x0000000000000053       0x54 ./Core/Src/crc16.o
 .comment       0x0000000000000053       0x54 ./Core/Src/dma.o
 .comment       0x0000000000000053       0x54 ./Core/Src/flash_if.o
 .comment       0x0000000000000053       0x54 ./Core/Src/gpio.o
 .comment       0x0000000000000053       0x54 ./Core/Src/i2c.o
 .comment       0x0000000000000053       0x54 ./Core/Src/iap.o
 .comment       0x0000000000000053       0x54 ./Core/Src/main.o
 .comment       0x0000000000000053       0x54 ./Core/Src/rt_app_info.o
 .comment       0x0000000000000053       0x54 ./Core/Src/rt_bus_proto.o
 .comment       0x0000000000000053       0x54 ./Core/Src/rt_info.o
 .comment       0x0000000000000053       0x54 ./Core/Src/rt_init.o
 .comment       0x0000000000000053       0x54 ./Core/Src/sha1.o
 .comment       0x0000000000000053       0x54 ./Core/Src/spi.o
 .comment       0x0000000000000053       0x54 ./Core/Src/stm32f1xx_hal_msp.o
 .comment       0x0000000000000053       0x54 ./Core/Src/stm32f1xx_it.o
 .comment       0x0000000000000053       0x54 ./Core/Src/sysmem.o
 .comment       0x0000000000000053       0x54 ./Core/Src/system_stm32f1xx.o
 .comment       0x0000000000000053       0x54 ./Core/Src/usart.o
 .comment       0x0000000000000053       0x54 ./Drivers/STM32F1xx_HAL_Driver/Src/stm32f1xx_hal.o
 .comment       0x0000000000000053       0x54 ./Drivers/STM32F1xx_HAL_Driver/Src/stm32f1xx_hal_cortex.o
 .comment       0x0000000000000053       0x54 ./Drivers/STM32F1xx_HAL_Driver/Src/stm32f1xx_hal_dma.o
 .comment       0x0000000000000053       0x54 ./Drivers/STM32F1xx_HAL_Driver/Src/stm32f1xx_hal_flash.o
 .comment       0x0000000000000053       0x54 ./Drivers/STM32F1xx_HAL_Driver/Src/stm32f1xx_hal_flash_ex.o
 .comment       0x0000000000000053       0x54 ./Drivers/STM32F1xx_HAL_Driver/Src/stm32f1xx_hal_gpio.o
 .comment       0x0000000000000053       0x54 ./Drivers/STM32F1xx_HAL_Driver/Src/stm32f1xx_hal_i2c.o
 .comment       0x0000000000000053       0x54 ./Drivers/STM32F1xx_HAL_Driver/Src/stm32f1xx_hal_rcc.o
 .comment       0x0000000000000053       0x54 ./Drivers/STM32F1xx_HAL_Driver/Src/stm32f1xx_hal_spi.o
 .comment       0x0000000000000053       0x54 ./Drivers/STM32F1xx_HAL_Driver/Src/stm32f1xx_hal_uart.o

.debug_frame    0x0000000000000000      0x490
 .debug_frame   0x0000000000000000       0x20 c:/st/stm32cubeide_1.7.0/stm32cubeide/plugins/com.st.stm32cube.ide.mcu.externaltools.gnu-tools-for-stm32.9-2020-q2-update.win32_2.0.0.202105311346/tools/bin/../lib/gcc/arm-none-eabi/9.3.1/../../../../arm-none-eabi/lib/thumb/v7-m/nofp\libc_nano.a(lib_a-errno.o)
 .debug_frame   0x0000000000000020       0x2c c:/st/stm32cubeide_1.7.0/stm32cubeide/plugins/com.st.stm32cube.ide.mcu.externaltools.gnu-tools-for-stm32.9-2020-q2-update.win32_2.0.0.202105311346/tools/bin/../lib/gcc/arm-none-eabi/9.3.1/../../../../arm-none-eabi/lib/thumb/v7-m/nofp\libc_nano.a(lib_a-init.o)
 .debug_frame   0x000000000000004c       0x2c c:/st/stm32cubeide_1.7.0/stm32cubeide/plugins/com.st.stm32cube.ide.mcu.externaltools.gnu-tools-for-stm32.9-2020-q2-update.win32_2.0.0.202105311346/tools/bin/../lib/gcc/arm-none-eabi/9.3.1/../../../../arm-none-eabi/lib/thumb/v7-m/nofp\libc_nano.a(lib_a-memcmp.o)
 .debug_frame   0x0000000000000078       0x28 c:/st/stm32cubeide_1.7.0/stm32cubeide/plugins/com.st.stm32cube.ide.mcu.externaltools.gnu-tools-for-stm32.9-2020-q2-update.win32_2.0.0.202105311346/tools/bin/../lib/gcc/arm-none-eabi/9.3.1/../../../../arm-none-eabi/lib/thumb/v7-m/nofp\libc_nano.a(lib_a-memcpy-stub.o)
 .debug_frame   0x00000000000000a0       0x20 c:/st/stm32cubeide_1.7.0/stm32cubeide/plugins/com.st.stm32cube.ide.mcu.externaltools.gnu-tools-for-stm32.9-2020-q2-update.win32_2.0.0.202105311346/tools/bin/../lib/gcc/arm-none-eabi/9.3.1/../../../../arm-none-eabi/lib/thumb/v7-m/nofp\libc_nano.a(lib_a-memset.o)
 .debug_frame   0x00000000000000c0       0x28 c:/st/stm32cubeide_1.7.0/stm32cubeide/plugins/com.st.stm32cube.ide.mcu.externaltools.gnu-tools-for-stm32.9-2020-q2-update.win32_2.0.0.202105311346/tools/bin/../lib/gcc/arm-none-eabi/9.3.1/../../../../arm-none-eabi/lib/thumb/v7-m/nofp\libc_nano.a(lib_a-strncpy.o)
 .debug_frame   0x00000000000000e8       0x3c c:/st/stm32cubeide_1.7.0/stm32cubeide/plugins/com.st.stm32cube.ide.mcu.externaltools.gnu-tools-for-stm32.9-2020-q2-update.win32_2.0.0.202105311346/tools/bin/../lib/gcc/arm-none-eabi/9.3.1/../../../../arm-none-eabi/lib/thumb/v7-m/nofp\libc_nano.a(lib_a-vsprintf.o)
 .debug_frame   0x0000000000000124       0x90 c:/st/stm32cubeide_1.7.0/stm32cubeide/plugins/com.st.stm32cube.ide.mcu.externaltools.gnu-tools-for-stm32.9-2020-q2-update.win32_2.0.0.202105311346/tools/bin/../lib/gcc/arm-none-eabi/9.3.1/../../../../arm-none-eabi/lib/thumb/v7-m/nofp\libc_nano.a(lib_a-nano-svfprintf.o)
 .debug_frame   0x00000000000001b4       0x60 c:/st/stm32cubeide_1.7.0/stm32cubeide/plugins/com.st.stm32cube.ide.mcu.externaltools.gnu-tools-for-stm32.9-2020-q2-update.win32_2.0.0.202105311346/tools/bin/../lib/gcc/arm-none-eabi/9.3.1/../../../../arm-none-eabi/lib/thumb/v7-m/nofp\libc_nano.a(lib_a-nano-vfprintf_i.o)
 .debug_frame   0x0000000000000214       0x28 c:/st/stm32cubeide_1.7.0/stm32cubeide/plugins/com.st.stm32cube.ide.mcu.externaltools.gnu-tools-for-stm32.9-2020-q2-update.win32_2.0.0.202105311346/tools/bin/../lib/gcc/arm-none-eabi/9.3.1/../../../../arm-none-eabi/lib/thumb/v7-m/nofp\libc_nano.a(lib_a-memchr-stub.o)
 .debug_frame   0x000000000000023c       0x28 c:/st/stm32cubeide_1.7.0/stm32cubeide/plugins/com.st.stm32cube.ide.mcu.externaltools.gnu-tools-for-stm32.9-2020-q2-update.win32_2.0.0.202105311346/tools/bin/../lib/gcc/arm-none-eabi/9.3.1/../../../../arm-none-eabi/lib/thumb/v7-m/nofp\libc_nano.a(lib_a-memmove.o)
 .debug_frame   0x0000000000000264       0x38 c:/st/stm32cubeide_1.7.0/stm32cubeide/plugins/com.st.stm32cube.ide.mcu.externaltools.gnu-tools-for-stm32.9-2020-q2-update.win32_2.0.0.202105311346/tools/bin/../lib/gcc/arm-none-eabi/9.3.1/../../../../arm-none-eabi/lib/thumb/v7-m/nofp\libc_nano.a(lib_a-nano-freer.o)
 .debug_frame   0x000000000000029c       0x30 c:/st/stm32cubeide_1.7.0/stm32cubeide/plugins/com.st.stm32cube.ide.mcu.externaltools.gnu-tools-for-stm32.9-2020-q2-update.win32_2.0.0.202105311346/tools/bin/../lib/gcc/arm-none-eabi/9.3.1/../../../../arm-none-eabi/lib/thumb/v7-m/nofp\libc_nano.a(lib_a-nano-mallocr.o)
 .debug_frame   0x00000000000002cc       0x3c c:/st/stm32cubeide_1.7.0/stm32cubeide/plugins/com.st.stm32cube.ide.mcu.externaltools.gnu-tools-for-stm32.9-2020-q2-update.win32_2.0.0.202105311346/tools/bin/../lib/gcc/arm-none-eabi/9.3.1/../../../../arm-none-eabi/lib/thumb/v7-m/nofp\libc_nano.a(lib_a-nano-reallocr.o)
 .debug_frame   0x0000000000000308       0x2c c:/st/stm32cubeide_1.7.0/stm32cubeide/plugins/com.st.stm32cube.ide.mcu.externaltools.gnu-tools-for-stm32.9-2020-q2-update.win32_2.0.0.202105311346/tools/bin/../lib/gcc/arm-none-eabi/9.3.1/../../../../arm-none-eabi/lib/thumb/v7-m/nofp\libc_nano.a(lib_a-sbrkr.o)
 .debug_frame   0x0000000000000334       0x30 c:/st/stm32cubeide_1.7.0/stm32cubeide/plugins/com.st.stm32cube.ide.mcu.externaltools.gnu-tools-for-stm32.9-2020-q2-update.win32_2.0.0.202105311346/tools/bin/../lib/gcc/arm-none-eabi/9.3.1/../../../../arm-none-eabi/lib/thumb/v7-m/nofp\libc_nano.a(lib_a-mlock.o)
 .debug_frame   0x0000000000000364       0x20 c:/st/stm32cubeide_1.7.0/stm32cubeide/plugins/com.st.stm32cube.ide.mcu.externaltools.gnu-tools-for-stm32.9-2020-q2-update.win32_2.0.0.202105311346/tools/bin/../lib/gcc/arm-none-eabi/9.3.1/../../../../arm-none-eabi/lib/thumb/v7-m/nofp\libc_nano.a(lib_a-nano-msizer.o)
 .debug_frame   0x0000000000000384       0x5c c:/st/stm32cubeide_1.7.0/stm32cubeide/plugins/com.st.stm32cube.ide.mcu.externaltools.gnu-tools-for-stm32.9-2020-q2-update.win32_2.0.0.202105311346/tools/bin/../lib/gcc/arm-none-eabi/9.3.1/../../../../arm-none-eabi/lib/thumb/v7-m/nofp\libc_nano.a(lib_a-reent.o)
 .debug_frame   0x00000000000003e0       0xb0 c:/st/stm32cubeide_1.7.0/stm32cubeide/plugins/com.st.stm32cube.ide.mcu.externaltools.gnu-tools-for-stm32.9-2020-q2-update.win32_2.0.0.202105311346/tools/bin/../lib/gcc/arm-none-eabi/9.3.1/../../../../arm-none-eabi/lib/thumb/v7-m/nofp\libc_nano.a(lib_a-lock.o)
